<?xml version="1.0" encoding="ISO-8859-1" ?>
<link_info>
   <banner>TMS320C2000 Linker PC v22.6.1.LTS</banner>
   <copyright>Copyright (c) 1996-2018 Texas Instruments Incorporated</copyright>
   <link_time>0x66aa6c06</link_time>
   <link_errors>0x0</link_errors>
   <output_file>memoria_sysbios_v2.out</output_file>
   <entry_point>
      <name>_c_int00</name>
      <address>0x301e18</address>
   </entry_point>
   <input_file_list>
      <input_file id="fl-2">
         <path>.\</path>
         <kind>object</kind>
         <file>DSP2833x_ADC_cal.obj</file>
         <name>DSP2833x_ADC_cal.obj</name>
      </input_file>
      <input_file id="fl-3">
         <path>.\</path>
         <kind>object</kind>
         <file>DSP2833x_CpuTimers.obj</file>
         <name>DSP2833x_CpuTimers.obj</name>
      </input_file>
      <input_file id="fl-4">
         <path>.\</path>
         <kind>object</kind>
         <file>DSP2833x_GlobalVariableDefs.obj</file>
         <name>DSP2833x_GlobalVariableDefs.obj</name>
      </input_file>
      <input_file id="fl-5">
         <path>.\</path>
         <kind>object</kind>
         <file>DSP2833x_Gpio.obj</file>
         <name>DSP2833x_Gpio.obj</name>
      </input_file>
      <input_file id="fl-6">
         <path>.\</path>
         <kind>object</kind>
         <file>DSP2833x_Sci.obj</file>
         <name>DSP2833x_Sci.obj</name>
      </input_file>
      <input_file id="fl-7">
         <path>.\</path>
         <kind>object</kind>
         <file>DSP2833x_Spi.obj</file>
         <name>DSP2833x_Spi.obj</name>
      </input_file>
      <input_file id="fl-8">
         <path>.\</path>
         <kind>object</kind>
         <file>DSP2833x_SysCtrl.obj</file>
         <name>DSP2833x_SysCtrl.obj</name>
      </input_file>
      <input_file id="fl-9">
         <path>.\</path>
         <kind>object</kind>
         <file>DSP2833x_usDelay.obj</file>
         <name>DSP2833x_usDelay.obj</name>
      </input_file>
      <input_file id="fl-a">
         <path>.\</path>
         <kind>object</kind>
         <file>SetupADC.obj</file>
         <name>SetupADC.obj</name>
      </input_file>
      <input_file id="fl-b">
         <path>.\</path>
         <kind>object</kind>
         <file>SetupGpio.obj</file>
         <name>SetupGpio.obj</name>
      </input_file>
      <input_file id="fl-c">
         <path>.\</path>
         <kind>object</kind>
         <file>SetupPWM.obj</file>
         <name>SetupPWM.obj</name>
      </input_file>
      <input_file id="fl-d">
         <path>.\</path>
         <kind>object</kind>
         <file>SetupSCI.obj</file>
         <name>SetupSCI.obj</name>
      </input_file>
      <input_file id="fl-e">
         <path>.\</path>
         <kind>object</kind>
         <file>SetupSPI.obj</file>
         <name>SetupSPI.obj</name>
      </input_file>
      <input_file id="fl-f">
         <path>.\</path>
         <kind>object</kind>
         <file>main.obj</file>
         <name>main.obj</name>
      </input_file>
      <input_file id="fl-10">
         <path>.\</path>
         <kind>object</kind>
         <file>myConverter.obj</file>
         <name>myConverter.obj</name>
      </input_file>
      <input_file id="fl-11">
         <path>.\</path>
         <kind>object</kind>
         <file>myHwi.obj</file>
         <name>myHwi.obj</name>
      </input_file>
      <input_file id="fl-12">
         <path>.\</path>
         <kind>object</kind>
         <file>myIdleFxn.obj</file>
         <name>myIdleFxn.obj</name>
      </input_file>
      <input_file id="fl-13">
         <path>.\</path>
         <kind>object</kind>
         <file>myTask.obj</file>
         <name>myTask.obj</name>
      </input_file>
      <input_file id="fl-17">
         <path>C:\Users\jsalg\workspace_v12\memoria_sysbios_v2\Debug\configPkg\package\cfg\</path>
         <kind>object</kind>
         <file>memoria_sysbios_v2_p28FP.o28FP</file>
         <name>memoria_sysbios_v2_p28FP.o28FP</name>
      </input_file>
      <input_file id="fl-23">
         <kind>object</kind>
         <file>&lt;internal&gt;</file>
         <name>&lt;internal&gt;</name>
      </input_file>
      <input_file id="fl-2f">
         <path>C:\ti\ccs1271\ccs\tools\compiler\ti-cgt-c2000_22.6.1.LTS\lib\</path>
         <kind>archive</kind>
         <file>rts2800_fpu32.lib</file>
         <name>fs_div28.asm.obj</name>
      </input_file>
      <input_file id="fl-30">
         <path>C:\ti\ccs1271\ccs\tools\compiler\ti-cgt-c2000_22.6.1.LTS\lib\</path>
         <kind>archive</kind>
         <file>rts2800_fpu32.lib</file>
         <name>hostwrite.c.obj</name>
      </input_file>
      <input_file id="fl-31">
         <path>C:\ti\ccs1271\ccs\tools\compiler\ti-cgt-c2000_22.6.1.LTS\lib\</path>
         <kind>archive</kind>
         <file>rts2800_fpu32.lib</file>
         <name>trgmsg.c.obj</name>
      </input_file>
      <input_file id="fl-32">
         <path>C:\ti\bios_6_83_00_18\packages\ti\targets\rts2800\lib\</path>
         <kind>archive</kind>
         <file>ti.targets.rts2800.a28FP</file>
         <name>xdc_noinit.o28FP</name>
      </input_file>
      <input_file id="fl-33">
         <path>C:\ti\bios_6_83_00_18\packages\ti\targets\rts2800\lib\</path>
         <kind>archive</kind>
         <file>boot.a28FP</file>
         <name>boot_cg.o28FP</name>
      </input_file>
      <input_file id="fl-34">
         <path>C:\ti\ccs1271\ccs\tools\compiler\ti-cgt-c2000_22.6.1.LTS\lib\</path>
         <kind>archive</kind>
         <file>rts2800_fpu32.lib</file>
         <name>args_main.c.obj</name>
      </input_file>
      <input_file id="fl-35">
         <path>C:\ti\ccs1271\ccs\tools\compiler\ti-cgt-c2000_22.6.1.LTS\lib\</path>
         <kind>archive</kind>
         <file>rts2800_fpu32.lib</file>
         <name>_lock.c.obj</name>
      </input_file>
      <input_file id="fl-36">
         <path>C:\ti\ccs1271\ccs\tools\compiler\ti-cgt-c2000_22.6.1.LTS\lib\</path>
         <kind>archive</kind>
         <file>rts2800_fpu32.lib</file>
         <name>startup.c.obj</name>
      </input_file>
      <input_file id="fl-37">
         <path>C:\ti\ccs1271\ccs\tools\compiler\ti-cgt-c2000_22.6.1.LTS\lib\</path>
         <kind>archive</kind>
         <file>rts2800_fpu32.lib</file>
         <name>pre_init.c.obj</name>
      </input_file>
      <input_file id="fl-38">
         <path>C:\ti\ccs1271\ccs\tools\compiler\ti-cgt-c2000_22.6.1.LTS\lib\</path>
         <kind>archive</kind>
         <file>rts2800_fpu32.lib</file>
         <name>cpy_tbl.c.obj</name>
      </input_file>
      <input_file id="fl-39">
         <path>C:\ti\ccs1271\ccs\tools\compiler\ti-cgt-c2000_22.6.1.LTS\lib\</path>
         <kind>archive</kind>
         <file>rts2800_fpu32.lib</file>
         <name>memcpy.c.obj</name>
      </input_file>
      <input_file id="fl-3a">
         <path>C:\ti\ccs1271\ccs\tools\compiler\ti-cgt-c2000_22.6.1.LTS\lib\</path>
         <kind>archive</kind>
         <file>rts2800_fpu32.lib</file>
         <name>memset.c.obj</name>
      </input_file>
      <input_file id="fl-3b">
         <path>C:\ti\ccs1271\ccs\tools\compiler\ti-cgt-c2000_22.6.1.LTS\lib\</path>
         <kind>archive</kind>
         <file>rts2800_fpu32.lib</file>
         <name>hostopen.c.obj</name>
      </input_file>
      <input_file id="fl-3c">
         <path>C:\ti\ccs1271\ccs\tools\compiler\ti-cgt-c2000_22.6.1.LTS\lib\</path>
         <kind>archive</kind>
         <file>rts2800_fpu32.lib</file>
         <name>strlen.c.obj</name>
      </input_file>
      <input_file id="fl-3d">
         <path>C:\ti\bios_6_83_00_18\packages\ti\catalog\c2800\init\lib\</path>
         <kind>archive</kind>
         <file>Boot.a28FP</file>
         <name>Boot.o28FP</name>
      </input_file>
      <input_file id="fl-3e">
         <path>C:\Users\jsalg\workspace_v12\memoria_sysbios_v2\src\sysbios\</path>
         <kind>archive</kind>
         <file>sysbios.a28FP</file>
         <name>BIOS.obj</name>
      </input_file>
      <input_file id="fl-3f">
         <path>C:\ti\ccs1271\ccs\tools\compiler\ti-cgt-c2000_22.6.1.LTS\lib\</path>
         <kind>archive</kind>
         <file>rts2800_fpu32.lib</file>
         <name>ll_div28.asm.obj</name>
      </input_file>
      <input_file id="fl-40">
         <path>C:\Users\jsalg\workspace_v12\memoria_sysbios_v2\src\sysbios\</path>
         <kind>archive</kind>
         <file>sysbios.a28FP</file>
         <name>c28_Hwi_disp_asm.obj</name>
      </input_file>
      <input_file id="fl-41">
         <path>C:\Users\jsalg\workspace_v12\memoria_sysbios_v2\src\sysbios\</path>
         <kind>archive</kind>
         <file>sysbios.a28FP</file>
         <name>c28_Hwi_asm.obj</name>
      </input_file>
      <input_file id="fl-42">
         <path>C:\Users\jsalg\workspace_v12\memoria_sysbios_v2\src\sysbios\</path>
         <kind>archive</kind>
         <file>sysbios.a28FP</file>
         <name>c28_IntrinsicsSupport_asm.obj</name>
      </input_file>
      <input_file id="fl-43">
         <path>C:\Users\jsalg\workspace_v12\memoria_sysbios_v2\src\sysbios\</path>
         <kind>archive</kind>
         <file>sysbios.a28FP</file>
         <name>c28_TaskSupport_asm.obj</name>
      </input_file>
      <input_file id="fl-44">
         <path>C:\ti\uia_2_30_01_02\packages\ti\uia\loggers\lib\release\</path>
         <kind>archive</kind>
         <file>ti.uia.loggers.a28FP</file>
         <name>LoggerStopMode.o28FP</name>
      </input_file>
      <input_file id="fl-45">
         <path>C:\ti\uia_2_30_01_02\packages\ti\uia\runtime\lib\release\</path>
         <kind>archive</kind>
         <file>ti.uia.runtime.a28FP</file>
         <name>QueueDescriptor.o28FP</name>
      </input_file>
      <input_file id="fl-46">
         <path>C:\ti\bios_6_83_00_18\packages\ti\targets\rts2800\lib\</path>
         <kind>archive</kind>
         <file>ti.targets.rts2800.a28FP</file>
         <name>Assert.o28FP</name>
      </input_file>
      <input_file id="fl-47">
         <path>C:\ti\bios_6_83_00_18\packages\ti\targets\rts2800\lib\</path>
         <kind>archive</kind>
         <file>ti.targets.rts2800.a28FP</file>
         <name>Core-label.o28FP</name>
      </input_file>
      <input_file id="fl-48">
         <path>C:\ti\bios_6_83_00_18\packages\ti\targets\rts2800\lib\</path>
         <kind>archive</kind>
         <file>ti.targets.rts2800.a28FP</file>
         <name>Core-params.o28FP</name>
      </input_file>
      <input_file id="fl-49">
         <path>C:\ti\bios_6_83_00_18\packages\ti\targets\rts2800\lib\</path>
         <kind>archive</kind>
         <file>ti.targets.rts2800.a28FP</file>
         <name>Core-smem.o28FP</name>
      </input_file>
      <input_file id="fl-4a">
         <path>C:\ti\bios_6_83_00_18\packages\ti\targets\rts2800\lib\</path>
         <kind>archive</kind>
         <file>ti.targets.rts2800.a28FP</file>
         <name>Core-mem.o28FP</name>
      </input_file>
      <input_file id="fl-4b">
         <path>C:\ti\bios_6_83_00_18\packages\ti\targets\rts2800\lib\</path>
         <kind>archive</kind>
         <file>ti.targets.rts2800.a28FP</file>
         <name>Error.o28FP</name>
      </input_file>
      <input_file id="fl-4c">
         <path>C:\ti\bios_6_83_00_18\packages\ti\targets\rts2800\lib\</path>
         <kind>archive</kind>
         <file>ti.targets.rts2800.a28FP</file>
         <name>Gate.o28FP</name>
      </input_file>
      <input_file id="fl-4d">
         <path>C:\ti\bios_6_83_00_18\packages\ti\targets\rts2800\lib\</path>
         <kind>archive</kind>
         <file>ti.targets.rts2800.a28FP</file>
         <name>Memory.o28FP</name>
      </input_file>
      <input_file id="fl-4e">
         <path>C:\ti\bios_6_83_00_18\packages\ti\targets\rts2800\lib\</path>
         <kind>archive</kind>
         <file>ti.targets.rts2800.a28FP</file>
         <name>Startup.o28FP</name>
      </input_file>
      <input_file id="fl-4f">
         <path>C:\ti\bios_6_83_00_18\packages\ti\targets\rts2800\lib\</path>
         <kind>archive</kind>
         <file>ti.targets.rts2800.a28FP</file>
         <name>SysMin.o28FP</name>
      </input_file>
      <input_file id="fl-50">
         <path>C:\ti\bios_6_83_00_18\packages\ti\targets\rts2800\lib\</path>
         <kind>archive</kind>
         <file>ti.targets.rts2800.a28FP</file>
         <name>System.o28FP</name>
      </input_file>
      <input_file id="fl-51">
         <path>C:\ti\ccs1271\ccs\tools\compiler\ti-cgt-c2000_22.6.1.LTS\lib\</path>
         <kind>archive</kind>
         <file>rts2800_fpu32.lib</file>
         <name>exit.c.obj</name>
      </input_file>
      <input_file id="fl-52">
         <path>C:\ti\bios_6_83_00_18\packages\ti\targets\rts2800\lib\</path>
         <kind>archive</kind>
         <file>ti.targets.rts2800.a28FP</file>
         <name>Text.o28FP</name>
      </input_file>
      <input_file id="fl-53">
         <path>C:\ti\bios_6_83_00_18\packages\ti\targets\rts2800\lib\</path>
         <kind>archive</kind>
         <file>ti.targets.rts2800.a28FP</file>
         <name>Registry.o28FP</name>
      </input_file>
      <input_file id="fl-54">
         <path>C:\ti\ccs1271\ccs\tools\compiler\ti-cgt-c2000_22.6.1.LTS\lib\</path>
         <kind>archive</kind>
         <file>rts2800_fpu32.lib</file>
         <name>strcmp.c.obj</name>
      </input_file>
      <input_file id="fl-55">
         <path>C:\ti\bios_6_83_00_18\packages\ti\targets\rts2800\lib\</path>
         <kind>archive</kind>
         <file>ti.targets.rts2800.a28FP</file>
         <name>TimestampNull.o28FP</name>
      </input_file>
      <input_file id="fl-56">
         <path>C:\ti\bios_6_83_00_18\packages\ti\targets\rts2800\lib\</path>
         <kind>archive</kind>
         <file>ti.targets.rts2800.a28FP</file>
         <name>Timestamp.o28FP</name>
      </input_file>
   </input_file_list>
   <object_component_list>
      <object_component id="oc-89">
         <name>PieVectTableFile</name>
         <uninitialized>true</uninitialized>
         <run_address>0xd00</run_address>
         <size>0x100</size>
         <input_file_ref idref="fl-4"/>
      </object_component>
      <object_component id="oc-85">
         <name>DevEmuRegsFile</name>
         <uninitialized>true</uninitialized>
         <run_address>0x880</run_address>
         <size>0xd0</size>
         <input_file_ref idref="fl-4"/>
      </object_component>
      <object_component id="oc-5d">
         <name>FlashRegsFile</name>
         <uninitialized>true</uninitialized>
         <run_address>0xa80</run_address>
         <size>0x8</size>
         <input_file_ref idref="fl-4"/>
      </object_component>
      <object_component id="oc-60">
         <name>CsmRegsFile</name>
         <uninitialized>true</uninitialized>
         <run_address>0xae0</run_address>
         <size>0x10</size>
         <input_file_ref idref="fl-4"/>
      </object_component>
      <object_component id="oc-5f">
         <name>AdcMirrorFile</name>
         <uninitialized>true</uninitialized>
         <run_address>0xb00</run_address>
         <size>0x10</size>
         <input_file_ref idref="fl-4"/>
      </object_component>
      <object_component id="oc-68">
         <name>XintfRegsFile</name>
         <uninitialized>true</uninitialized>
         <run_address>0xb20</run_address>
         <size>0x1e</size>
         <input_file_ref idref="fl-4"/>
      </object_component>
      <object_component id="oc-59">
         <name>CpuTimer0RegsFile</name>
         <uninitialized>true</uninitialized>
         <run_address>0xc00</run_address>
         <size>0x8</size>
         <input_file_ref idref="fl-4"/>
      </object_component>
      <object_component id="oc-5a">
         <name>CpuTimer1RegsFile</name>
         <uninitialized>true</uninitialized>
         <run_address>0xc08</run_address>
         <size>0x8</size>
         <input_file_ref idref="fl-4"/>
      </object_component>
      <object_component id="oc-5b">
         <name>CpuTimer2RegsFile</name>
         <uninitialized>true</uninitialized>
         <run_address>0xc10</run_address>
         <size>0x8</size>
         <input_file_ref idref="fl-4"/>
      </object_component>
      <object_component id="oc-66">
         <name>PieCtrlRegsFile</name>
         <uninitialized>true</uninitialized>
         <run_address>0xce0</run_address>
         <size>0x1a</size>
         <input_file_ref idref="fl-4"/>
      </object_component>
      <object_component id="oc-86">
         <name>DmaRegsFile</name>
         <uninitialized>true</uninitialized>
         <run_address>0x1000</run_address>
         <size>0xe0</size>
         <input_file_ref idref="fl-4"/>
      </object_component>
      <object_component id="oc-78">
         <name>McbspaRegsFile</name>
         <uninitialized>true</uninitialized>
         <run_address>0x5000</run_address>
         <size>0x25</size>
         <input_file_ref idref="fl-4"/>
      </object_component>
      <object_component id="oc-79">
         <name>McbspbRegsFile</name>
         <uninitialized>true</uninitialized>
         <run_address>0x5040</run_address>
         <size>0x25</size>
         <input_file_ref idref="fl-4"/>
      </object_component>
      <object_component id="oc-7b">
         <name>ECanaRegsFile</name>
         <uninitialized>true</uninitialized>
         <run_address>0x6000</run_address>
         <size>0x34</size>
         <input_file_ref idref="fl-4"/>
      </object_component>
      <object_component id="oc-7d">
         <name>ECanaLAMRegsFile</name>
         <uninitialized>true</uninitialized>
         <run_address>0x6040</run_address>
         <size>0x40</size>
         <input_file_ref idref="fl-4"/>
      </object_component>
      <object_component id="oc-87">
         <name>ECanaMboxesFile</name>
         <uninitialized>true</uninitialized>
         <run_address>0x6100</run_address>
         <size>0x100</size>
         <input_file_ref idref="fl-4"/>
      </object_component>
      <object_component id="oc-7e">
         <name>ECanaMOTSRegsFile</name>
         <uninitialized>true</uninitialized>
         <run_address>0x6080</run_address>
         <size>0x40</size>
         <input_file_ref idref="fl-4"/>
      </object_component>
      <object_component id="oc-7f">
         <name>ECanaMOTORegsFile</name>
         <uninitialized>true</uninitialized>
         <run_address>0x60c0</run_address>
         <size>0x40</size>
         <input_file_ref idref="fl-4"/>
      </object_component>
      <object_component id="oc-7c">
         <name>ECanbRegsFile</name>
         <uninitialized>true</uninitialized>
         <run_address>0x6200</run_address>
         <size>0x34</size>
         <input_file_ref idref="fl-4"/>
      </object_component>
      <object_component id="oc-80">
         <name>ECanbLAMRegsFile</name>
         <uninitialized>true</uninitialized>
         <run_address>0x6240</run_address>
         <size>0x40</size>
         <input_file_ref idref="fl-4"/>
      </object_component>
      <object_component id="oc-88">
         <name>ECanbMboxesFile</name>
         <uninitialized>true</uninitialized>
         <run_address>0x6300</run_address>
         <size>0x100</size>
         <input_file_ref idref="fl-4"/>
      </object_component>
      <object_component id="oc-81">
         <name>ECanbMOTSRegsFile</name>
         <uninitialized>true</uninitialized>
         <run_address>0x6280</run_address>
         <size>0x40</size>
         <input_file_ref idref="fl-4"/>
      </object_component>
      <object_component id="oc-82">
         <name>ECanbMOTORegsFile</name>
         <uninitialized>true</uninitialized>
         <run_address>0x62c0</run_address>
         <size>0x40</size>
         <input_file_ref idref="fl-4"/>
      </object_component>
      <object_component id="oc-71">
         <name>EPwm1RegsFile</name>
         <uninitialized>true</uninitialized>
         <run_address>0x6800</run_address>
         <size>0x22</size>
         <input_file_ref idref="fl-4"/>
      </object_component>
      <object_component id="oc-72">
         <name>EPwm2RegsFile</name>
         <uninitialized>true</uninitialized>
         <run_address>0x6840</run_address>
         <size>0x22</size>
         <input_file_ref idref="fl-4"/>
      </object_component>
      <object_component id="oc-73">
         <name>EPwm3RegsFile</name>
         <uninitialized>true</uninitialized>
         <run_address>0x6880</run_address>
         <size>0x22</size>
         <input_file_ref idref="fl-4"/>
      </object_component>
      <object_component id="oc-74">
         <name>EPwm4RegsFile</name>
         <uninitialized>true</uninitialized>
         <run_address>0x68c0</run_address>
         <size>0x22</size>
         <input_file_ref idref="fl-4"/>
      </object_component>
      <object_component id="oc-75">
         <name>EPwm5RegsFile</name>
         <uninitialized>true</uninitialized>
         <run_address>0x6900</run_address>
         <size>0x22</size>
         <input_file_ref idref="fl-4"/>
      </object_component>
      <object_component id="oc-76">
         <name>EPwm6RegsFile</name>
         <uninitialized>true</uninitialized>
         <run_address>0x6940</run_address>
         <size>0x22</size>
         <input_file_ref idref="fl-4"/>
      </object_component>
      <object_component id="oc-69">
         <name>ECap1RegsFile</name>
         <uninitialized>true</uninitialized>
         <run_address>0x6a00</run_address>
         <size>0x20</size>
         <input_file_ref idref="fl-4"/>
      </object_component>
      <object_component id="oc-6a">
         <name>ECap2RegsFile</name>
         <uninitialized>true</uninitialized>
         <run_address>0x6a20</run_address>
         <size>0x20</size>
         <input_file_ref idref="fl-4"/>
      </object_component>
      <object_component id="oc-6b">
         <name>ECap3RegsFile</name>
         <uninitialized>true</uninitialized>
         <run_address>0x6a40</run_address>
         <size>0x20</size>
         <input_file_ref idref="fl-4"/>
      </object_component>
      <object_component id="oc-6c">
         <name>ECap4RegsFile</name>
         <uninitialized>true</uninitialized>
         <run_address>0x6a60</run_address>
         <size>0x20</size>
         <input_file_ref idref="fl-4"/>
      </object_component>
      <object_component id="oc-6d">
         <name>ECap5RegsFile</name>
         <uninitialized>true</uninitialized>
         <run_address>0x6a80</run_address>
         <size>0x20</size>
         <input_file_ref idref="fl-4"/>
      </object_component>
      <object_component id="oc-6e">
         <name>ECap6RegsFile</name>
         <uninitialized>true</uninitialized>
         <run_address>0x6aa0</run_address>
         <size>0x20</size>
         <input_file_ref idref="fl-4"/>
      </object_component>
      <object_component id="oc-83">
         <name>EQep1RegsFile</name>
         <uninitialized>true</uninitialized>
         <run_address>0x6b00</run_address>
         <size>0x40</size>
         <input_file_ref idref="fl-4"/>
      </object_component>
      <object_component id="oc-84">
         <name>EQep2RegsFile</name>
         <uninitialized>true</uninitialized>
         <run_address>0x6b40</run_address>
         <size>0x40</size>
         <input_file_ref idref="fl-4"/>
      </object_component>
      <object_component id="oc-7a">
         <name>GpioCtrlRegsFile</name>
         <uninitialized>true</uninitialized>
         <run_address>0x6f80</run_address>
         <size>0x2e</size>
         <input_file_ref idref="fl-4"/>
      </object_component>
      <object_component id="oc-6f">
         <name>GpioDataRegsFile</name>
         <uninitialized>true</uninitialized>
         <run_address>0x6fc0</run_address>
         <size>0x20</size>
         <input_file_ref idref="fl-4"/>
      </object_component>
      <object_component id="oc-5e">
         <name>GpioIntRegsFile</name>
         <uninitialized>true</uninitialized>
         <run_address>0x6fe0</run_address>
         <size>0xa</size>
         <input_file_ref idref="fl-4"/>
      </object_component>
      <object_component id="oc-70">
         <name>SysCtrlRegsFile</name>
         <uninitialized>true</uninitialized>
         <run_address>0x7010</run_address>
         <size>0x20</size>
         <input_file_ref idref="fl-4"/>
      </object_component>
      <object_component id="oc-64">
         <name>SpiaRegsFile</name>
         <uninitialized>true</uninitialized>
         <run_address>0x7040</run_address>
         <size>0x10</size>
         <input_file_ref idref="fl-4"/>
      </object_component>
      <object_component id="oc-61">
         <name>SciaRegsFile</name>
         <uninitialized>true</uninitialized>
         <run_address>0x7050</run_address>
         <size>0x10</size>
         <input_file_ref idref="fl-4"/>
      </object_component>
      <object_component id="oc-65">
         <name>XIntruptRegsFile</name>
         <uninitialized>true</uninitialized>
         <run_address>0x7070</run_address>
         <size>0x10</size>
         <input_file_ref idref="fl-4"/>
      </object_component>
      <object_component id="oc-67">
         <name>AdcRegsFile</name>
         <uninitialized>true</uninitialized>
         <run_address>0x7100</run_address>
         <size>0x1e</size>
         <input_file_ref idref="fl-4"/>
      </object_component>
      <object_component id="oc-62">
         <name>ScibRegsFile</name>
         <uninitialized>true</uninitialized>
         <run_address>0x7750</run_address>
         <size>0x10</size>
         <input_file_ref idref="fl-4"/>
      </object_component>
      <object_component id="oc-63">
         <name>ScicRegsFile</name>
         <uninitialized>true</uninitialized>
         <run_address>0x7770</run_address>
         <size>0x10</size>
         <input_file_ref idref="fl-4"/>
      </object_component>
      <object_component id="oc-77">
         <name>I2caRegsFile</name>
         <uninitialized>true</uninitialized>
         <run_address>0x7900</run_address>
         <size>0x22</size>
         <input_file_ref idref="fl-4"/>
      </object_component>
      <object_component id="oc-5c">
         <name>CsmPwlFile</name>
         <uninitialized>true</uninitialized>
         <run_address>0x33fff8</run_address>
         <size>0x8</size>
         <input_file_ref idref="fl-4"/>
      </object_component>
      <object_component id="oc-58">
         <name>PartIdRegsFile</name>
         <uninitialized>true</uninitialized>
         <run_address>0x380090</run_address>
         <size>0x1</size>
         <input_file_ref idref="fl-4"/>
      </object_component>
      <object_component id="oc-dd">
         <name>.cinit</name>
         <load_address>0x305c56</load_address>
         <run_address>0x305c56</run_address>
         <size>0x186</size>
         <input_file_ref idref="fl-17"/>
      </object_component>
      <object_component id="oc-1e2">
         <name>.cinit:_ti_sysbios_family_c28_Hwi_Module_State_0_dispatchTable__A</name>
         <load_address>0x305ddc</load_address>
         <run_address>0x305ddc</run_address>
         <size>0x103</size>
         <input_file_ref idref="fl-17"/>
      </object_component>
      <object_component id="oc-be">
         <name>.cinit</name>
         <load_address>0x305edf</load_address>
         <run_address>0x305edf</run_address>
         <size>0x5c</size>
         <input_file_ref idref="fl-f"/>
      </object_component>
      <object_component id="oc-1dc">
         <name>.cinit:_ti_uia_loggers_LoggerStopMode_Object__table__V</name>
         <load_address>0x305f3b</load_address>
         <run_address>0x305f3b</run_address>
         <size>0x57</size>
         <input_file_ref idref="fl-17"/>
      </object_component>
      <object_component id="oc-1df">
         <name>.cinit:_ti_sysbios_knl_Swi_Module_State_0_readyQ__A</name>
         <load_address>0x305f92</load_address>
         <run_address>0x305f92</run_address>
         <size>0x43</size>
         <input_file_ref idref="fl-17"/>
      </object_component>
      <object_component id="oc-1e9">
         <name>.cinit:_ti_sysbios_knl_Task_Module_State_0_readyQ__A</name>
         <load_address>0x305fd5</load_address>
         <run_address>0x305fd5</run_address>
         <size>0x43</size>
         <input_file_ref idref="fl-17"/>
      </object_component>
      <object_component id="oc-1d7">
         <name>.cinit:_ti_sysbios_family_c28_Timer_Object__table__V</name>
         <load_address>0x306018</load_address>
         <run_address>0x306018</run_address>
         <size>0x37</size>
         <input_file_ref idref="fl-17"/>
      </object_component>
      <object_component id="oc-f3">
         <name>.cinit:_ti_sysbios_knl_Task_Object__table__V</name>
         <load_address>0x30604f</load_address>
         <run_address>0x30604f</run_address>
         <size>0x2f</size>
         <input_file_ref idref="fl-17"/>
      </object_component>
      <object_component id="oc-207">
         <name>.cinit:_ti_sysbios_family_c28_Hwi_Object__table__V</name>
         <load_address>0x30607e</load_address>
         <run_address>0x30607e</run_address>
         <size>0x27</size>
         <input_file_ref idref="fl-17"/>
      </object_component>
      <object_component id="oc-1e4">
         <name>.cinit:_ti_sysbios_gates_GateMutex_Object__table__V</name>
         <load_address>0x3060a5</load_address>
         <run_address>0x3060a5</run_address>
         <size>0x27</size>
         <input_file_ref idref="fl-17"/>
      </object_component>
      <object_component id="oc-1e0">
         <name>.cinit:_ti_sysbios_knl_Swi_Object__table__V</name>
         <load_address>0x3060cc</load_address>
         <run_address>0x3060cc</run_address>
         <size>0x19</size>
         <input_file_ref idref="fl-17"/>
      </object_component>
      <object_component id="oc-1d4">
         <name>.cinit:_message</name>
         <load_address>0x3060e5</load_address>
         <run_address>0x3060e5</run_address>
         <size>0x14</size>
         <input_file_ref idref="fl-11"/>
      </object_component>
      <object_component id="oc-e0">
         <name>.cinit:_xdc_runtime_Diags_dictElems</name>
         <load_address>0x3060f9</load_address>
         <run_address>0x3060f9</run_address>
         <size>0x13</size>
         <input_file_ref idref="fl-17"/>
      </object_component>
      <object_component id="oc-f4">
         <name>.cinit:_ti_sysbios_heaps_HeapMem_Object__table__V</name>
         <load_address>0x30610c</load_address>
         <run_address>0x30610c</run_address>
         <size>0x11</size>
         <input_file_ref idref="fl-17"/>
      </object_component>
      <object_component id="oc-1f1">
         <name>.cinit:_ti_sysbios_utils_Load_Module_State_0_taskEnv__A</name>
         <load_address>0x30611d</load_address>
         <run_address>0x30611d</run_address>
         <size>0x11</size>
         <input_file_ref idref="fl-17"/>
      </object_component>
      <object_component id="oc-1a9">
         <name>.cinit</name>
         <load_address>0x30612e</load_address>
         <run_address>0x30612e</run_address>
         <size>0xe</size>
         <input_file_ref idref="fl-51"/>
      </object_component>
      <object_component id="oc-1da">
         <name>.cinit:_xdc_runtime_System_Module_State_0_atexitHandlers__A</name>
         <load_address>0x30613c</load_address>
         <run_address>0x30613c</run_address>
         <size>0xb</size>
         <input_file_ref idref="fl-17"/>
      </object_component>
      <object_component id="oc-cb">
         <name>.cinit</name>
         <load_address>0x306147</load_address>
         <run_address>0x306147</run_address>
         <size>0xa</size>
         <input_file_ref idref="fl-11"/>
      </object_component>
      <object_component id="oc-167">
         <name>.cinit</name>
         <load_address>0x306151</load_address>
         <run_address>0x306151</run_address>
         <size>0x9</size>
         <input_file_ref idref="fl-45"/>
      </object_component>
      <object_component id="oc-304">
         <name>.cinit:_ti_sysbios_gates_GateHwi_Object__table__V</name>
         <load_address>0x30615a</load_address>
         <run_address>0x30615a</run_address>
         <size>0x7</size>
         <input_file_ref idref="fl-17"/>
      </object_component>
      <object_component id="oc-270">
         <name>.cinit:__lock</name>
         <load_address>0x306161</load_address>
         <run_address>0x306161</run_address>
         <size>0x5</size>
         <input_file_ref idref="fl-35"/>
      </object_component>
      <object_component id="oc-26f">
         <name>.cinit:__unlock</name>
         <load_address>0x306166</load_address>
         <run_address>0x306166</run_address>
         <size>0x5</size>
         <input_file_ref idref="fl-35"/>
      </object_component>
      <object_component id="oc-1eb">
         <name>.cinit:_ti_sysbios_knl_Task_Module_State_0_idleTask__A</name>
         <load_address>0x30616b</load_address>
         <run_address>0x30616b</run_address>
         <size>0x5</size>
         <input_file_ref idref="fl-17"/>
      </object_component>
      <object_component id="oc-1ef">
         <name>.cinit:_ti_sysbios_utils_Load_Module_State_0_runningTask__A</name>
         <load_address>0x306170</load_address>
         <run_address>0x306170</run_address>
         <size>0x5</size>
         <input_file_ref idref="fl-17"/>
      </object_component>
      <object_component id="oc-1ed">
         <name>.cinit:_ti_sysbios_utils_Load_Module_State_0_taskStartTime__A</name>
         <load_address>0x306175</load_address>
         <run_address>0x306175</run_address>
         <size>0x5</size>
         <input_file_ref idref="fl-17"/>
      </object_component>
      <object_component id="oc-3cc">
         <name>.text:_xdc_runtime_System_doPrint__I</name>
         <load_address>0x300000</load_address>
         <run_address>0x300000</run_address>
         <size>0x23b</size>
         <input_file_ref idref="fl-50"/>
      </object_component>
      <object_component id="oc-2ba">
         <name>.text:_ti_sysbios_knl_Semaphore_pend__E</name>
         <load_address>0x30023b</load_address>
         <run_address>0x30023b</run_address>
         <size>0x1da</size>
         <input_file_ref idref="fl-3e"/>
      </object_component>
      <object_component id="oc-28a">
         <name>.text:_ti_sysbios_heaps_HeapMem_freeUnprotected__E</name>
         <load_address>0x300415</load_address>
         <run_address>0x300415</run_address>
         <size>0x1a1</size>
         <input_file_ref idref="fl-3e"/>
      </object_component>
      <object_component id="oc-286">
         <name>.text:_ti_sysbios_heaps_HeapMem_allocUnprotected__E</name>
         <load_address>0x3005b6</load_address>
         <run_address>0x3005b6</run_address>
         <size>0x16c</size>
         <input_file_ref idref="fl-3e"/>
      </object_component>
      <object_component id="oc-14c">
         <name>.text</name>
         <load_address>0x300722</load_address>
         <run_address>0x300722</run_address>
         <size>0x107</size>
         <input_file_ref idref="fl-3f"/>
      </object_component>
      <object_component id="oc-28e">
         <name>.text:_ti_sysbios_heaps_HeapMem_Instance_init__E</name>
         <load_address>0x300829</load_address>
         <run_address>0x300829</run_address>
         <size>0xef</size>
         <input_file_ref idref="fl-3e"/>
      </object_component>
      <object_component id="oc-2c4">
         <name>.text:_ti_sysbios_family_c28_Hwi_clearInterrupt__E</name>
         <load_address>0x300918</load_address>
         <run_address>0x300918</run_address>
         <size>0xdc</size>
         <input_file_ref idref="fl-3e"/>
      </object_component>
      <object_component id="oc-230">
         <name>.text:_Gpio_Setup</name>
         <load_address>0x3009f4</load_address>
         <run_address>0x3009f4</run_address>
         <size>0xda</size>
         <input_file_ref idref="fl-b"/>
      </object_component>
      <object_component id="oc-254">
         <name>.text:_ti_uia_loggers_LoggerStopMode_writeMemoryRange__E</name>
         <load_address>0x300ace</load_address>
         <run_address>0x300ace</run_address>
         <size>0xda</size>
         <input_file_ref idref="fl-17"/>
      </object_component>
      <object_component id="oc-249">
         <name>.text:_ti_uia_loggers_LoggerStopMode_write8__E</name>
         <load_address>0x300ba8</load_address>
         <run_address>0x300ba8</run_address>
         <size>0xd9</size>
         <input_file_ref idref="fl-17"/>
      </object_component>
      <object_component id="oc-248">
         <name>.text:_ti_uia_loggers_LoggerStopMode_write4__E</name>
         <load_address>0x300c81</load_address>
         <run_address>0x300c81</run_address>
         <size>0xc9</size>
         <input_file_ref idref="fl-17"/>
      </object_component>
      <object_component id="oc-3e8">
         <name>.text:_ti_sysbios_family_c28_Hwi_dispatchCore__I</name>
         <load_address>0x300d4a</load_address>
         <run_address>0x300d4a</run_address>
         <size>0xc7</size>
         <input_file_ref idref="fl-3e"/>
      </object_component>
      <object_component id="oc-3e6">
         <name>.text:_xdc_runtime_System_printfExtend__I</name>
         <load_address>0x300e11</load_address>
         <run_address>0x300e11</run_address>
         <size>0xc2</size>
         <input_file_ref idref="fl-17"/>
      </object_component>
      <object_component id="oc-247">
         <name>.text:_ti_uia_loggers_LoggerStopMode_write2__E</name>
         <load_address>0x300ed3</load_address>
         <run_address>0x300ed3</run_address>
         <size>0xc1</size>
         <input_file_ref idref="fl-17"/>
      </object_component>
      <object_component id="oc-34b">
         <name>.text:_ti_sysbios_knl_Semaphore_Instance_init__E</name>
         <load_address>0x300f94</load_address>
         <run_address>0x300f94</run_address>
         <size>0xbf</size>
         <input_file_ref idref="fl-3e"/>
      </object_component>
      <object_component id="oc-246">
         <name>.text:_ti_uia_loggers_LoggerStopMode_write1__E</name>
         <load_address>0x301053</load_address>
         <run_address>0x301053</run_address>
         <size>0xbd</size>
         <input_file_ref idref="fl-17"/>
      </object_component>
      <object_component id="oc-2bb">
         <name>.text:_ti_sysbios_knl_Semaphore_post__E</name>
         <load_address>0x301110</load_address>
         <run_address>0x301110</run_address>
         <size>0xb9</size>
         <input_file_ref idref="fl-3e"/>
      </object_component>
      <object_component id="oc-245">
         <name>.text:_ti_uia_loggers_LoggerStopMode_write0__E</name>
         <load_address>0x3011c9</load_address>
         <run_address>0x3011c9</run_address>
         <size>0xb5</size>
         <input_file_ref idref="fl-17"/>
      </object_component>
      <object_component id="oc-3ab">
         <name>.text:_ti_sysbios_family_c28_Hwi_dispatchZero</name>
         <load_address>0x30127e</load_address>
         <run_address>0x30127e</run_address>
         <size>0xb1</size>
         <input_file_ref idref="fl-40"/>
      </object_component>
      <object_component id="oc-212">
         <name>.text:_ti_sysbios_knl_Clock_workFunc__E</name>
         <load_address>0x30132f</load_address>
         <run_address>0x30132f</run_address>
         <size>0xb1</size>
         <input_file_ref idref="fl-3e"/>
      </object_component>
      <object_component id="oc-342">
         <name>.text:_ti_sysbios_knl_Swi_run__I</name>
         <load_address>0x3013e0</load_address>
         <run_address>0x3013e0</run_address>
         <size>0xa7</size>
         <input_file_ref idref="fl-3e"/>
      </object_component>
      <object_component id="oc-28d">
         <name>.text:_xdc_runtime_Core_createObject__I</name>
         <load_address>0x301487</load_address>
         <run_address>0x301487</run_address>
         <size>0xa0</size>
         <input_file_ref idref="fl-4a"/>
      </object_component>
      <object_component id="oc-215">
         <name>.text:_ti_sysbios_BIOS_linkedWithIncorrectBootLibrary__E</name>
         <load_address>0x301527</load_address>
         <run_address>0x301527</run_address>
         <size>0x1</size>
         <input_file_ref idref="fl-3e"/>
      </object_component>
      <object_component id="oc-3bd">
         <name>.text</name>
         <load_address>0x301528</load_address>
         <run_address>0x301528</run_address>
         <size>0x95</size>
         <input_file_ref idref="fl-31"/>
      </object_component>
      <object_component id="oc-2c5">
         <name>.text:_ti_sysbios_family_c28_Hwi_enableInterrupt__E</name>
         <load_address>0x3015bd</load_address>
         <run_address>0x3015bd</run_address>
         <size>0x8e</size>
         <input_file_ref idref="fl-3e"/>
      </object_component>
      <object_component id="oc-34a">
         <name>.text:_xdc_runtime_Core_constructObject__I</name>
         <load_address>0x30164b</load_address>
         <run_address>0x30164b</run_address>
         <size>0x8d</size>
         <input_file_ref idref="fl-49"/>
      </object_component>
      <object_component id="oc-280">
         <name>.text:_ti_sysbios_knl_Task_startCore__E</name>
         <load_address>0x3016d8</load_address>
         <run_address>0x3016d8</run_address>
         <size>0x8b</size>
         <input_file_ref idref="fl-3e"/>
      </object_component>
      <object_component id="oc-fa">
         <name>.text</name>
         <load_address>0x301763</load_address>
         <run_address>0x301763</run_address>
         <size>0x88</size>
         <input_file_ref idref="fl-2f"/>
      </object_component>
      <object_component id="oc-3a4">
         <name>.text:_ti_sysbios_utils_Load_updateThreadContexts__E</name>
         <load_address>0x3017eb</load_address>
         <run_address>0x3017eb</run_address>
         <size>0x87</size>
         <input_file_ref idref="fl-3e"/>
      </object_component>
      <object_component id="oc-32a">
         <name>.text:_ti_sysbios_knl_Task_schedule__I</name>
         <load_address>0x301872</load_address>
         <run_address>0x301872</run_address>
         <size>0x82</size>
         <input_file_ref idref="fl-3e"/>
      </object_component>
      <object_component id="oc-3cf">
         <name>.text:_ti_sysbios_family_c28_Hwi_disableInterrupt__E</name>
         <load_address>0x3018f4</load_address>
         <run_address>0x3018f4</run_address>
         <size>0x81</size>
         <input_file_ref idref="fl-3e"/>
      </object_component>
      <object_component id="oc-327">
         <name>.text:_ti_sysbios_family_c28_Hwi_disablePIEIER__E</name>
         <load_address>0x301975</load_address>
         <run_address>0x301975</run_address>
         <size>0x7f</size>
         <input_file_ref idref="fl-3e"/>
      </object_component>
      <object_component id="oc-29d">
         <name>.text:_ti_sysbios_family_c28_Hwi_enablePIEIER__E</name>
         <load_address>0x3019f4</load_address>
         <run_address>0x3019f4</run_address>
         <size>0x7e</size>
         <input_file_ref idref="fl-3e"/>
      </object_component>
      <object_component id="oc-201">
         <name>.text:_main</name>
         <load_address>0x301a72</load_address>
         <run_address>0x301a72</run_address>
         <size>0x7c</size>
         <input_file_ref idref="fl-f"/>
      </object_component>
      <object_component id="oc-394">
         <name>.text:_ti_sysbios_knl_Task_postInit__I</name>
         <load_address>0x301aee</load_address>
         <run_address>0x301aee</run_address>
         <size>0x7c</size>
         <input_file_ref idref="fl-3e"/>
      </object_component>
      <object_component id="oc-2ce">
         <name>.text:_ti_sysbios_knl_Task_checkStacks__E</name>
         <load_address>0x301b6a</load_address>
         <run_address>0x301b6a</run_address>
         <size>0x75</size>
         <input_file_ref idref="fl-3e"/>
      </object_component>
      <object_component id="oc-37b">
         <name>.text:_ti_sysbios_utils_Load_updateLoads__E</name>
         <load_address>0x301bdf</load_address>
         <run_address>0x301bdf</run_address>
         <size>0x74</size>
         <input_file_ref idref="fl-3e"/>
      </object_component>
      <object_component id="oc-2b1">
         <name>.text:_ti_uia_loggers_LoggerStopMode_flush__E</name>
         <load_address>0x301c53</load_address>
         <run_address>0x301c53</run_address>
         <size>0x73</size>
         <input_file_ref idref="fl-44"/>
      </object_component>
      <object_component id="oc-296">
         <name>.text:_xdc_runtime_Startup_startMods__I</name>
         <load_address>0x301cc6</load_address>
         <run_address>0x301cc6</run_address>
         <size>0x72</size>
         <input_file_ref idref="fl-4e"/>
      </object_component>
      <object_component id="oc-267">
         <name>.text:_ti_sysbios_gates_GateMutex_enter__E</name>
         <load_address>0x301d38</load_address>
         <run_address>0x301d38</run_address>
         <size>0x71</size>
         <input_file_ref idref="fl-3e"/>
      </object_component>
      <object_component id="oc-3b0">
         <name>.text:_ti_sysbios_knl_Task_exit__E</name>
         <load_address>0x301da9</load_address>
         <run_address>0x301da9</run_address>
         <size>0x6f</size>
         <input_file_ref idref="fl-3e"/>
      </object_component>
      <object_component id="oc-4b">
         <name>.text</name>
         <load_address>0x301e18</load_address>
         <run_address>0x301e18</run_address>
         <size>0x69</size>
         <input_file_ref idref="fl-33"/>
      </object_component>
      <object_component id="oc-3ac">
         <name>.text:_ti_sysbios_family_c28_Timer_stopAndClear__I</name>
         <load_address>0x301e81</load_address>
         <run_address>0x301e81</run_address>
         <size>0x67</size>
         <input_file_ref idref="fl-3e"/>
      </object_component>
      <object_component id="oc-376">
         <name>.text:_ti_sysbios_knl_Task_setHookContext__E</name>
         <load_address>0x301ee8</load_address>
         <run_address>0x301ee8</run_address>
         <size>0x67</size>
         <input_file_ref idref="fl-3e"/>
      </object_component>
      <object_component id="oc-334">
         <name>.text:_ti_sysbios_utils_Load_idleFxn__E</name>
         <load_address>0x301f4f</load_address>
         <run_address>0x301f4f</run_address>
         <size>0x67</size>
         <input_file_ref idref="fl-3e"/>
      </object_component>
      <object_component id="oc-29b">
         <name>.text:_ti_sysbios_family_c28_Hwi_plug__E</name>
         <load_address>0x301fb6</load_address>
         <run_address>0x301fb6</run_address>
         <size>0x66</size>
         <input_file_ref idref="fl-3e"/>
      </object_component>
      <object_component id="oc-31c">
         <name>.text:_ti_sysbios_knl_Task_blockI__E</name>
         <load_address>0x30201c</load_address>
         <run_address>0x30201c</run_address>
         <size>0x61</size>
         <input_file_ref idref="fl-3e"/>
      </object_component>
      <object_component id="oc-3c0">
         <name>.text:_ti_sysbios_utils_Load_logLoads__I</name>
         <load_address>0x30207d</load_address>
         <run_address>0x30207d</run_address>
         <size>0x61</size>
         <input_file_ref idref="fl-3e"/>
      </object_component>
      <object_component id="oc-241">
         <name>.text:_ti_sysbios_knl_Swi_post__E</name>
         <load_address>0x3020de</load_address>
         <run_address>0x3020de</run_address>
         <size>0x60</size>
         <input_file_ref idref="fl-3e"/>
      </object_component>
      <object_component id="oc-291">
         <name>.text:_xdc_runtime_Error_policyDefault__E</name>
         <load_address>0x30213e</load_address>
         <run_address>0x30213e</run_address>
         <size>0x60</size>
         <input_file_ref idref="fl-4b"/>
      </object_component>
      <object_component id="oc-382">
         <name>.text:_xdc_runtime_Text_putSite__E</name>
         <load_address>0x30219e</load_address>
         <run_address>0x30219e</run_address>
         <size>0x60</size>
         <input_file_ref idref="fl-52"/>
      </object_component>
      <object_component id="oc-22f">
         <name>.text:_InitPeripheralClocks</name>
         <load_address>0x3021fe</load_address>
         <run_address>0x3021fe</run_address>
         <size>0x5b</size>
         <input_file_ref idref="fl-8"/>
      </object_component>
      <object_component id="oc-204">
         <name>.text:_eq_ss_pwm_1</name>
         <load_address>0x302259</load_address>
         <run_address>0x302259</run_address>
         <size>0x5b</size>
         <input_file_ref idref="fl-10"/>
      </object_component>
      <object_component id="oc-205">
         <name>.text:_eq_ss_pwm_0</name>
         <load_address>0x3022b4</load_address>
         <run_address>0x3022b4</run_address>
         <size>0x59</size>
         <input_file_ref idref="fl-10"/>
      </object_component>
      <object_component id="oc-399">
         <name>.text:_ti_uia_loggers_LoggerStopMode_initQueueDescriptor__E</name>
         <load_address>0x30230d</load_address>
         <run_address>0x30230d</run_address>
         <size>0x58</size>
         <input_file_ref idref="fl-44"/>
      </object_component>
      <object_component id="oc-320">
         <name>.text:_ti_sysbios_knl_Task_unblockI__E</name>
         <load_address>0x302365</load_address>
         <run_address>0x302365</run_address>
         <size>0x54</size>
         <input_file_ref idref="fl-3e"/>
      </object_component>
      <object_component id="oc-21c">
         <name>.text:_ti_sysbios_utils_Load_startup__E</name>
         <load_address>0x3023b9</load_address>
         <run_address>0x3023b9</run_address>
         <size>0x4c</size>
         <input_file_ref idref="fl-3e"/>
      </object_component>
      <object_component id="oc-360">
         <name>.text:_ti_sysbios_family_c28_Hwi_Module_startup__E</name>
         <load_address>0x302405</load_address>
         <run_address>0x302405</run_address>
         <size>0x47</size>
         <input_file_ref idref="fl-3e"/>
      </object_component>
      <object_component id="oc-364">
         <name>.text:_ti_sysbios_knl_Task_Module_startup__E</name>
         <load_address>0x30244c</load_address>
         <run_address>0x30244c</run_address>
         <size>0x47</size>
         <input_file_ref idref="fl-3e"/>
      </object_component>
      <object_component id="oc-344">
         <name>.text:_ti_sysbios_family_c28_TimestampProvider_get64__E</name>
         <load_address>0x302493</load_address>
         <run_address>0x302493</run_address>
         <size>0x45</size>
         <input_file_ref idref="fl-3e"/>
      </object_component>
      <object_component id="oc-351">
         <name>.text:_ti_sysbios_utils_Load_taskCreateHook__E</name>
         <load_address>0x3024d8</load_address>
         <run_address>0x3024d8</run_address>
         <size>0x43</size>
         <input_file_ref idref="fl-3e"/>
      </object_component>
      <object_component id="oc-147">
         <name>.text:_ti_sysbios_family_c28_Hwi_unPluggedInterrupt__I</name>
         <load_address>0x30251b</load_address>
         <run_address>0x30251b</run_address>
         <size>0x42</size>
         <input_file_ref idref="fl-3e"/>
      </object_component>
      <object_component id="oc-3eb">
         <name>.text:_xdc_runtime_Text_putLab__E</name>
         <load_address>0x30255d</load_address>
         <run_address>0x30255d</run_address>
         <size>0x41</size>
         <input_file_ref idref="fl-52"/>
      </object_component>
      <object_component id="oc-35a">
         <name>.text:_xdc_runtime_Memory_alloc__E</name>
         <load_address>0x30259e</load_address>
         <run_address>0x30259e</run_address>
         <size>0x40</size>
         <input_file_ref idref="fl-4d"/>
      </object_component>
      <object_component id="oc-378">
         <name>.text:_ti_sysbios_utils_Load_addTask__E</name>
         <load_address>0x3025de</load_address>
         <run_address>0x3025de</run_address>
         <size>0x3f</size>
         <input_file_ref idref="fl-3e"/>
      </object_component>
      <object_component id="oc-38c">
         <name>.text:_ti_sysbios_family_c28_Timer_postInit__I</name>
         <load_address>0x30261d</load_address>
         <run_address>0x30261d</run_address>
         <size>0x3e</size>
         <input_file_ref idref="fl-3e"/>
      </object_component>
      <object_component id="oc-28f">
         <name>.text:_xdc_runtime_Core_deleteObject__I</name>
         <load_address>0x30265b</load_address>
         <run_address>0x30265b</run_address>
         <size>0x3e</size>
         <input_file_ref idref="fl-4a"/>
      </object_component>
      <object_component id="oc-3ba">
         <name>.text:_ti_uia_runtime_QueueDescriptor_addToList__E</name>
         <load_address>0x302699</load_address>
         <run_address>0x302699</run_address>
         <size>0x3d</size>
         <input_file_ref idref="fl-45"/>
      </object_component>
      <object_component id="oc-3f2">
         <name>.text:_ti_sysbios_knl_Swi_restoreHwi__E</name>
         <load_address>0x3026d6</load_address>
         <run_address>0x3026d6</run_address>
         <size>0x3c</size>
         <input_file_ref idref="fl-3e"/>
      </object_component>
      <object_component id="oc-3a3">
         <name>.text:_ti_sysbios_utils_Load_updateCurrentThreadTime__E</name>
         <load_address>0x302712</load_address>
         <run_address>0x302712</run_address>
         <size>0x3a</size>
         <input_file_ref idref="fl-3e"/>
      </object_component>
      <object_component id="oc-3d2">
         <name>.text:_ti_sysbios_family_c28_TaskSupport_start__E</name>
         <load_address>0x30274c</load_address>
         <run_address>0x30274c</run_address>
         <size>0x39</size>
         <input_file_ref idref="fl-3e"/>
      </object_component>
      <object_component id="oc-3a5">
         <name>.text:_ti_sysbios_utils_Load_logCPULoad__I</name>
         <load_address>0x302785</load_address>
         <run_address>0x302785</run_address>
         <size>0x38</size>
         <input_file_ref idref="fl-3e"/>
      </object_component>
      <object_component id="oc-3a6">
         <name>.text:_xdc_runtime_Text_putMod__E</name>
         <load_address>0x3027bd</load_address>
         <run_address>0x3027bd</run_address>
         <size>0x38</size>
         <input_file_ref idref="fl-52"/>
      </object_component>
      <object_component id="oc-23f">
         <name>.text:_ti_sysbios_knl_Clock_logTick__E</name>
         <load_address>0x3027f5</load_address>
         <run_address>0x3027f5</run_address>
         <size>0x37</size>
         <input_file_ref idref="fl-3e"/>
      </object_component>
      <object_component id="oc-39c">
         <name>.text</name>
         <load_address>0x30282c</load_address>
         <run_address>0x30282c</run_address>
         <size>0x37</size>
         <input_file_ref idref="fl-30"/>
      </object_component>
      <object_component id="oc-35f">
         <name>.text:_ti_sysbios_family_c28_TimestampProvider_Module_startup__E</name>
         <load_address>0x302863</load_address>
         <run_address>0x302863</run_address>
         <size>0x36</size>
         <input_file_ref idref="fl-3e"/>
      </object_component>
      <object_component id="oc-3dd">
         <name>.text:_xdc_runtime_System_formatNum__I</name>
         <load_address>0x302899</load_address>
         <run_address>0x302899</run_address>
         <size>0x35</size>
         <input_file_ref idref="fl-50"/>
      </object_component>
      <object_component id="oc-352">
         <name>.text:_ti_sysbios_utils_Load_taskSwitchHook__E</name>
         <load_address>0x3028ce</load_address>
         <run_address>0x3028ce</run_address>
         <size>0x34</size>
         <input_file_ref idref="fl-3e"/>
      </object_component>
      <object_component id="oc-32c">
         <name>.text:_ti_sysbios_family_c28_TimestampProvider_get32__E</name>
         <load_address>0x302902</load_address>
         <run_address>0x302902</run_address>
         <size>0x33</size>
         <input_file_ref idref="fl-3e"/>
      </object_component>
      <object_component id="oc-3bf">
         <name>.text:_ti_sysbios_family_c28_Timer_getFreq__E</name>
         <load_address>0x302935</load_address>
         <run_address>0x302935</run_address>
         <size>0x31</size>
         <input_file_ref idref="fl-3e"/>
      </object_component>
      <object_component id="oc-222">
         <name>.text:_ti_sysbios_heaps_HeapMem_alloc__E</name>
         <load_address>0x302966</load_address>
         <run_address>0x302966</run_address>
         <size>0x31</size>
         <input_file_ref idref="fl-3e"/>
      </object_component>
      <object_component id="oc-35c">
         <name>.text:_xdc_runtime_Error_print__E</name>
         <load_address>0x302997</load_address>
         <run_address>0x302997</run_address>
         <size>0x31</size>
         <input_file_ref idref="fl-4b"/>
      </object_component>
      <object_component id="oc-2ad">
         <name>.text:_ti_sysbios_knl_Swi_schedule__I</name>
         <load_address>0x3029c8</load_address>
         <run_address>0x3029c8</run_address>
         <size>0x30</size>
         <input_file_ref idref="fl-3e"/>
      </object_component>
      <object_component id="oc-366">
         <name>.text:_ti_uia_loggers_LoggerStopMode_Module_startup__E</name>
         <load_address>0x3029f8</load_address>
         <run_address>0x3029f8</run_address>
         <size>0x2f</size>
         <input_file_ref idref="fl-44"/>
      </object_component>
      <object_component id="oc-2e7">
         <name>.text:_xdc_runtime_Core_assignParams__I</name>
         <load_address>0x302a27</load_address>
         <run_address>0x302a27</run_address>
         <size>0x2f</size>
         <input_file_ref idref="fl-48"/>
      </object_component>
      <object_component id="oc-1cc">
         <name>.text:_xdc_runtime_Startup_exec__E</name>
         <load_address>0x302a56</load_address>
         <run_address>0x302a56</run_address>
         <size>0x2f</size>
         <input_file_ref idref="fl-4e"/>
      </object_component>
      <object_component id="oc-1fc">
         <name>.text:.bootCodeSection:_ti_catalog_c2800_init_Boot_configurePll2802x</name>
         <load_address>0x302a85</load_address>
         <run_address>0x302a85</run_address>
         <size>0x2e</size>
         <input_file_ref idref="fl-3d"/>
      </object_component>
      <object_component id="oc-236">
         <name>.text:_GpioSpi_Setup</name>
         <load_address>0x302ab3</load_address>
         <run_address>0x302ab3</run_address>
         <size>0x2e</size>
         <input_file_ref idref="fl-b"/>
      </object_component>
      <object_component id="oc-33c">
         <name>.text:_ti_sysbios_family_c28_Hwi_getStackInfo__E</name>
         <load_address>0x302ae1</load_address>
         <run_address>0x302ae1</run_address>
         <size>0x2e</size>
         <input_file_ref idref="fl-3e"/>
      </object_component>
      <object_component id="oc-309">
         <name>.text:_ti_sysbios_knl_Swi_runLoop__I</name>
         <load_address>0x302b0f</load_address>
         <run_address>0x302b0f</run_address>
         <size>0x2e</size>
         <input_file_ref idref="fl-3e"/>
      </object_component>
      <object_component id="oc-374">
         <name>.text:_ti_sysbios_family_c28_Hwi_getInterruptFlag__E</name>
         <load_address>0x302b3d</load_address>
         <run_address>0x302b3d</run_address>
         <size>0x2d</size>
         <input_file_ref idref="fl-3e"/>
      </object_component>
      <object_component id="oc-276">
         <name>.text:_ti_sysbios_family_c28_Timer_start__E</name>
         <load_address>0x302b6a</load_address>
         <run_address>0x302b6a</run_address>
         <size>0x2d</size>
         <input_file_ref idref="fl-3e"/>
      </object_component>
      <object_component id="oc-225">
         <name>.text:_ti_sysbios_heaps_HeapMem_getStats__E</name>
         <load_address>0x302b97</load_address>
         <run_address>0x302b97</run_address>
         <size>0x2d</size>
         <input_file_ref idref="fl-3e"/>
      </object_component>
      <object_component id="oc-27e">
         <name>.text:_xdc_runtime_Assert_raise__I</name>
         <load_address>0x302bc4</load_address>
         <run_address>0x302bc4</run_address>
         <size>0x2d</size>
         <input_file_ref idref="fl-46"/>
      </object_component>
      <object_component id="oc-2ef">
         <name>.text:_xdc_runtime_Error_setX__E</name>
         <load_address>0x302bf1</load_address>
         <run_address>0x302bf1</run_address>
         <size>0x2d</size>
         <input_file_ref idref="fl-4b"/>
      </object_component>
      <object_component id="oc-3e5">
         <name>.text:_xdc_runtime_Text_visitRope2__I</name>
         <load_address>0x302c1e</load_address>
         <run_address>0x302c1e</run_address>
         <size>0x2d</size>
         <input_file_ref idref="fl-52"/>
      </object_component>
      <object_component id="oc-353">
         <name>.text:_ti_sysbios_utils_Load_taskDeleteHook__E</name>
         <load_address>0x302c4b</load_address>
         <run_address>0x302c4b</run_address>
         <size>0x29</size>
         <input_file_ref idref="fl-3e"/>
      </object_component>
      <object_component id="oc-3a7">
         <name>.text:_xdc_runtime_Text_xprintf__I</name>
         <load_address>0x302c74</load_address>
         <run_address>0x302c74</run_address>
         <size>0x29</size>
         <input_file_ref idref="fl-52"/>
      </object_component>
      <object_component id="oc-2a3">
         <name>.text</name>
         <load_address>0x302c9d</load_address>
         <run_address>0x302c9d</run_address>
         <size>0x29</size>
         <input_file_ref idref="fl-51"/>
      </object_component>
      <object_component id="oc-36f">
         <name>.text:_ti_sysbios_family_c28_Timer_getExpiredCounts64__E</name>
         <load_address>0x302cc6</load_address>
         <run_address>0x302cc6</run_address>
         <size>0x28</size>
         <input_file_ref idref="fl-3e"/>
      </object_component>
      <object_component id="oc-294">
         <name>.text:_ti_sysbios_heaps_HeapMem_init__I</name>
         <load_address>0x302cee</load_address>
         <run_address>0x302cee</run_address>
         <size>0x27</size>
         <input_file_ref idref="fl-3e"/>
      </object_component>
      <object_component id="oc-379">
         <name>.text:_ti_sysbios_utils_Load_removeTask__E</name>
         <load_address>0x302d15</load_address>
         <run_address>0x302d15</run_address>
         <size>0x26</size>
         <input_file_ref idref="fl-3e"/>
      </object_component>
      <object_component id="oc-253">
         <name>.text:_ti_uia_loggers_LoggerStopMode_reset__E</name>
         <load_address>0x302d3b</load_address>
         <run_address>0x302d3b</run_address>
         <size>0x26</size>
         <input_file_ref idref="fl-44"/>
      </object_component>
      <object_component id="oc-308">
         <name>.text:_xdc_runtime_SysMin_flush__E</name>
         <load_address>0x302d61</load_address>
         <run_address>0x302d61</run_address>
         <size>0x26</size>
         <input_file_ref idref="fl-4f"/>
      </object_component>
      <object_component id="oc-233">
         <name>.text:_Adc_Setup</name>
         <load_address>0x302d87</load_address>
         <run_address>0x302d87</run_address>
         <size>0x25</size>
         <input_file_ref idref="fl-a"/>
      </object_component>
      <object_component id="oc-3e4">
         <name>.text:_ti_sysbios_family_c28_TaskSupport_buildTaskStack</name>
         <load_address>0x302dac</load_address>
         <run_address>0x302dac</run_address>
         <size>0x25</size>
         <input_file_ref idref="fl-43"/>
      </object_component>
      <object_component id="oc-34e">
         <name>.text:_ti_sysbios_family_c28_Timer_getExpiredCounts__E</name>
         <load_address>0x302dd1</load_address>
         <run_address>0x302dd1</run_address>
         <size>0x25</size>
         <input_file_ref idref="fl-3e"/>
      </object_component>
      <object_component id="oc-30e">
         <name>.text:_ti_uia_loggers_LoggerStopMode_initBuffer__I</name>
         <load_address>0x302df6</load_address>
         <run_address>0x302df6</run_address>
         <size>0x25</size>
         <input_file_ref idref="fl-44"/>
      </object_component>
      <object_component id="oc-1cb">
         <name>.text</name>
         <load_address>0x302e1b</load_address>
         <run_address>0x302e1b</run_address>
         <size>0x24</size>
         <input_file_ref idref="fl-38"/>
      </object_component>
      <object_component id="oc-202">
         <name>.text:_xdc_runtime_System_processAtExit__E</name>
         <load_address>0x302e3f</load_address>
         <run_address>0x302e3f</run_address>
         <size>0x23</size>
         <input_file_ref idref="fl-50"/>
      </object_component>
      <object_component id="oc-29a">
         <name>.text:_Epwm2a_Setup</name>
         <load_address>0x302e62</load_address>
         <run_address>0x302e62</run_address>
         <size>0x22</size>
         <input_file_ref idref="fl-c"/>
      </object_component>
      <object_component id="oc-3e1">
         <name>.text:_ti_sysbios_family_c28_Hwi_disableIER__E</name>
         <load_address>0x302e84</load_address>
         <run_address>0x302e84</run_address>
         <size>0x20</size>
         <input_file_ref idref="fl-17"/>
      </object_component>
      <object_component id="oc-3ae">
         <name>.text:_ti_sysbios_family_c28_Timer_setPrescale__E</name>
         <load_address>0x302ea4</load_address>
         <run_address>0x302ea4</run_address>
         <size>0x20</size>
         <input_file_ref idref="fl-3e"/>
      </object_component>
      <object_component id="oc-217">
         <name>.text:_xdc_runtime_System_atexit__E</name>
         <load_address>0x302ec4</load_address>
         <run_address>0x302ec4</run_address>
         <size>0x20</size>
         <input_file_ref idref="fl-50"/>
      </object_component>
      <object_component id="oc-2cc">
         <name>.text:_ti_sysbios_knl_Task_allBlockedFunction__I</name>
         <load_address>0x302ee4</load_address>
         <run_address>0x302ee4</run_address>
         <size>0x1f</size>
         <input_file_ref idref="fl-3e"/>
      </object_component>
      <object_component id="oc-333">
         <name>.text:_ti_sysbios_family_c28_TaskSupport_swap__E</name>
         <load_address>0x302f03</load_address>
         <run_address>0x302f03</run_address>
         <size>0x1d</size>
         <input_file_ref idref="fl-43"/>
      </object_component>
      <object_component id="oc-368">
         <name>.text:_ti_sysbios_gates_GateHwi_Object__create__S</name>
         <load_address>0x302f20</load_address>
         <run_address>0x302f20</run_address>
         <size>0x1d</size>
         <input_file_ref idref="fl-17"/>
      </object_component>
      <object_component id="oc-269">
         <name>.text:_ti_sysbios_gates_GateMutex_Object__create__S</name>
         <load_address>0x302f3d</load_address>
         <run_address>0x302f3d</run_address>
         <size>0x1d</size>
         <input_file_ref idref="fl-17"/>
      </object_component>
      <object_component id="oc-226">
         <name>.text:_ti_sysbios_heaps_HeapMem_Object__create__S</name>
         <load_address>0x302f5a</load_address>
         <run_address>0x302f5a</run_address>
         <size>0x1d</size>
         <input_file_ref idref="fl-17"/>
      </object_component>
      <object_component id="oc-323">
         <name>.text:_ti_sysbios_knl_Semaphore_construct</name>
         <load_address>0x302f77</load_address>
         <run_address>0x302f77</run_address>
         <size>0x1d</size>
         <input_file_ref idref="fl-17"/>
      </object_component>
      <object_component id="oc-255">
         <name>.text:_ti_uia_loggers_LoggerStopMode_Object__create__S</name>
         <load_address>0x302f94</load_address>
         <run_address>0x302f94</run_address>
         <size>0x1d</size>
         <input_file_ref idref="fl-17"/>
      </object_component>
      <object_component id="oc-2f1">
         <name>.text:_xdc_runtime_Error_policyLog__I</name>
         <load_address>0x302fb1</load_address>
         <run_address>0x302fb1</run_address>
         <size>0x1d</size>
         <input_file_ref idref="fl-17"/>
      </object_component>
      <object_component id="oc-33f">
         <name>.text:_xdc_runtime_SysMin_putch__E</name>
         <load_address>0x302fce</load_address>
         <run_address>0x302fce</run_address>
         <size>0x1d</size>
         <input_file_ref idref="fl-4f"/>
      </object_component>
      <object_component id="oc-1fd">
         <name>.text</name>
         <load_address>0x302feb</load_address>
         <run_address>0x302feb</run_address>
         <size>0x1d</size>
         <input_file_ref idref="fl-39"/>
      </object_component>
      <object_component id="oc-29c">
         <name>.text:_ti_sysbios_family_c28_Hwi_enableIER__E</name>
         <load_address>0x303008</load_address>
         <run_address>0x303008</run_address>
         <size>0x1c</size>
         <input_file_ref idref="fl-17"/>
      </object_component>
      <object_component id="oc-335">
         <name>.text:_ti_sysbios_hal_Hwi_checkStack</name>
         <load_address>0x303024</load_address>
         <run_address>0x303024</run_address>
         <size>0x1c</size>
         <input_file_ref idref="fl-3e"/>
      </object_component>
      <object_component id="oc-223">
         <name>.text:_ti_sysbios_heaps_HeapMem_free__E</name>
         <load_address>0x303040</load_address>
         <run_address>0x303040</run_address>
         <size>0x1c</size>
         <input_file_ref idref="fl-3e"/>
      </object_component>
      <object_component id="oc-317">
         <name>.text:_ti_sysbios_knl_Semaphore_pendTimeout__I</name>
         <load_address>0x30305c</load_address>
         <run_address>0x30305c</run_address>
         <size>0x1c</size>
         <input_file_ref idref="fl-3e"/>
      </object_component>
      <object_component id="oc-3d1">
         <name>.text:_ti_sysbios_knl_Task_processVitalTaskFlag__I</name>
         <load_address>0x303078</load_address>
         <run_address>0x303078</run_address>
         <size>0x1c</size>
         <input_file_ref idref="fl-3e"/>
      </object_component>
      <object_component id="oc-3d7">
         <name>.text:_ti_sysbios_utils_Load_getTaskLoad__E</name>
         <load_address>0x303094</load_address>
         <run_address>0x303094</run_address>
         <size>0x1c</size>
         <input_file_ref idref="fl-3e"/>
      </object_component>
      <object_component id="oc-36b">
         <name>.text:_xdc_runtime_SysMin_output__I</name>
         <load_address>0x3030b0</load_address>
         <run_address>0x3030b0</run_address>
         <size>0x1c</size>
         <input_file_ref idref="fl-17"/>
      </object_component>
      <object_component id="oc-237">
         <name>.text:_spi_init</name>
         <load_address>0x3030cc</load_address>
         <run_address>0x3030cc</run_address>
         <size>0x1b</size>
         <input_file_ref idref="fl-e"/>
      </object_component>
      <object_component id="oc-259">
         <name>.text:_ti_sysbios_family_c28_Hwi_restore__E</name>
         <load_address>0x3030e7</load_address>
         <run_address>0x3030e7</run_address>
         <size>0x1b</size>
         <input_file_ref idref="fl-17"/>
      </object_component>
      <object_component id="oc-3df">
         <name>.text:_ti_sysbios_family_c28_Hwi_switchAndDispatch__I</name>
         <load_address>0x303102</load_address>
         <run_address>0x303102</run_address>
         <size>0x1b</size>
         <input_file_ref idref="fl-41"/>
      </object_component>
      <object_component id="oc-295">
         <name>.text:_ti_sysbios_hal_Hwi_initStack</name>
         <load_address>0x30311d</load_address>
         <run_address>0x30311d</run_address>
         <size>0x1b</size>
         <input_file_ref idref="fl-3e"/>
      </object_component>
      <object_component id="oc-3a9">
         <name>.text:_xdc_runtime_System_avprintf__E</name>
         <load_address>0x303138</load_address>
         <run_address>0x303138</run_address>
         <size>0x1a</size>
         <input_file_ref idref="fl-50"/>
      </object_component>
      <object_component id="oc-235">
         <name>.text:_Sci_Setup</name>
         <load_address>0x303152</load_address>
         <run_address>0x303152</run_address>
         <size>0x19</size>
         <input_file_ref idref="fl-d"/>
      </object_component>
      <object_component id="oc-372">
         <name>.text:_ti_sysbios_knl_Queue_construct</name>
         <load_address>0x30316b</load_address>
         <run_address>0x30316b</run_address>
         <size>0x19</size>
         <input_file_ref idref="fl-17"/>
      </object_component>
      <object_component id="oc-290">
         <name>.text:_xdc_runtime_Core_assignLabel__I</name>
         <load_address>0x303184</load_address>
         <run_address>0x303184</run_address>
         <size>0x19</size>
         <input_file_ref idref="fl-47"/>
      </object_component>
      <object_component id="oc-3aa">
         <name>.text:_xdc_runtime_System_vprintf__E</name>
         <load_address>0x30319d</load_address>
         <run_address>0x30319d</run_address>
         <size>0x19</size>
         <input_file_ref idref="fl-50"/>
      </object_component>
      <object_component id="oc-328">
         <name>.text:_ti_sysbios_family_c28_Hwi_restoreIER__E</name>
         <load_address>0x3031b6</load_address>
         <run_address>0x3031b6</run_address>
         <size>0x18</size>
         <input_file_ref idref="fl-17"/>
      </object_component>
      <object_component id="oc-30a">
         <name>.text:_ti_sysbios_family_xxx_Hwi_switchAndRunFunc</name>
         <load_address>0x3031ce</load_address>
         <run_address>0x3031ce</run_address>
         <size>0x18</size>
         <input_file_ref idref="fl-41"/>
      </object_component>
      <object_component id="oc-278">
         <name>.text:_ti_sysbios_knl_Swi_restore__E</name>
         <load_address>0x3031e6</load_address>
         <run_address>0x3031e6</run_address>
         <size>0x18</size>
         <input_file_ref idref="fl-3e"/>
      </object_component>
      <object_component id="oc-3de">
         <name>.text:_xdc_runtime_System_putchar__I</name>
         <load_address>0x3031fe</load_address>
         <run_address>0x3031fe</run_address>
         <size>0x18</size>
         <input_file_ref idref="fl-50"/>
      </object_component>
      <object_component id="oc-239">
         <name>.text:_myHWI_init</name>
         <load_address>0x303216</load_address>
         <run_address>0x303216</run_address>
         <size>0x17</size>
         <input_file_ref idref="fl-11"/>
      </object_component>
      <object_component id="oc-1e5">
         <name>.text:_ti_sysbios_BIOS_startFunc__I</name>
         <load_address>0x30322d</load_address>
         <run_address>0x30322d</run_address>
         <size>0x17</size>
         <input_file_ref idref="fl-17"/>
      </object_component>
      <object_component id="oc-219">
         <name>.text:_ti_sysbios_family_c28_Timer_startup__E</name>
         <load_address>0x303244</load_address>
         <run_address>0x303244</run_address>
         <size>0x17</size>
         <input_file_ref idref="fl-3e"/>
      </object_component>
      <object_component id="oc-209">
         <name>.text:_ti_sysbios_knl_Clock_doTick__I</name>
         <load_address>0x30325b</load_address>
         <run_address>0x30325b</run_address>
         <size>0x17</size>
         <input_file_ref idref="fl-17"/>
      </object_component>
      <object_component id="oc-336">
         <name>.text:_xdc_runtime_Memory_valloc__E</name>
         <load_address>0x303272</load_address>
         <run_address>0x303272</run_address>
         <size>0x17</size>
         <input_file_ref idref="fl-4d"/>
      </object_component>
      <object_component id="oc-301">
         <name>.text:_xdc_runtime_SysMin_abort__E</name>
         <load_address>0x303289</load_address>
         <run_address>0x303289</run_address>
         <size>0x17</size>
         <input_file_ref idref="fl-4f"/>
      </object_component>
      <object_component id="oc-231">
         <name>.text:_GpioLD2_Setup</name>
         <load_address>0x3032a0</load_address>
         <run_address>0x3032a0</run_address>
         <size>0x16</size>
         <input_file_ref idref="fl-b"/>
      </object_component>
      <object_component id="oc-297">
         <name>.text:_InitSciaGpio</name>
         <load_address>0x3032b6</load_address>
         <run_address>0x3032b6</run_address>
         <size>0x16</size>
         <input_file_ref idref="fl-6"/>
      </object_component>
      <object_component id="oc-299">
         <name>.text:_InitScicGpio</name>
         <load_address>0x3032cc</load_address>
         <run_address>0x3032cc</run_address>
         <size>0x16</size>
         <input_file_ref idref="fl-6"/>
      </object_component>
      <object_component id="oc-216">
         <name>.text:_ti_sysbios_BIOS_atExitFunc__I</name>
         <load_address>0x3032e2</load_address>
         <run_address>0x3032e2</run_address>
         <size>0x16</size>
         <input_file_ref idref="fl-17"/>
      </object_component>
      <object_component id="oc-361">
         <name>.text:_ti_sysbios_family_c28_Timer_Module_startup__E</name>
         <load_address>0x3032f8</load_address>
         <run_address>0x3032f8</run_address>
         <size>0x16</size>
         <input_file_ref idref="fl-3e"/>
      </object_component>
      <object_component id="oc-3c9">
         <name>.text:_xdc_runtime_Text_printVisFxn__I</name>
         <load_address>0x30330e</load_address>
         <run_address>0x30330e</run_address>
         <size>0x16</size>
         <input_file_ref idref="fl-52"/>
      </object_component>
      <object_component id="oc-363">
         <name>.text:_ti_sysbios_knl_Swi_Module_startup__E</name>
         <load_address>0x303324</load_address>
         <run_address>0x303324</run_address>
         <size>0x15</size>
         <input_file_ref idref="fl-3e"/>
      </object_component>
      <object_component id="oc-2c7">
         <name>.text:_ti_sysbios_knl_Task_restore__E</name>
         <load_address>0x303339</load_address>
         <run_address>0x303339</run_address>
         <size>0x15</size>
         <input_file_ref idref="fl-3e"/>
      </object_component>
      <object_component id="oc-298">
         <name>.text:_InitScibGpio</name>
         <load_address>0x30334e</load_address>
         <run_address>0x30334e</run_address>
         <size>0x14</size>
         <input_file_ref idref="fl-6"/>
      </object_component>
      <object_component id="oc-220">
         <name>.text:_ti_sysbios_knl_Idle_run__E</name>
         <load_address>0x303362</load_address>
         <run_address>0x303362</run_address>
         <size>0x14</size>
         <input_file_ref idref="fl-3e"/>
      </object_component>
      <object_component id="oc-26a">
         <name>.text:_ti_sysbios_gates_GateMutex_Object__delete__S</name>
         <load_address>0x303376</load_address>
         <run_address>0x303376</run_address>
         <size>0x13</size>
         <input_file_ref idref="fl-17"/>
      </object_component>
      <object_component id="oc-362">
         <name>.text:_ti_sysbios_knl_Clock_Module_startup__E</name>
         <load_address>0x303389</load_address>
         <run_address>0x303389</run_address>
         <size>0x13</size>
         <input_file_ref idref="fl-3e"/>
      </object_component>
      <object_component id="oc-2b3">
         <name>.text:_ti_uia_loggers_LoggerStopMode_Instance_init__E</name>
         <load_address>0x30339c</load_address>
         <run_address>0x30339c</run_address>
         <size>0x13</size>
         <input_file_ref idref="fl-44"/>
[...]
         <value>0x303796</value>
         <object_component_ref idref="oc-350"/>
      </symbol>
      <symbol id="sm-c18">
         <name>_ti_sysbios_gates_GateHwi_Instance_init__E</name>
         <value>0x303827</value>
         <object_component_ref idref="oc-39b"/>
      </symbol>
      <symbol id="sm-c1a">
         <name>_ti_sysbios_knl_Clock_workFunc__E</name>
         <value>0x30132f</value>
         <object_component_ref idref="oc-212"/>
      </symbol>
      <symbol id="sm-c1c">
         <name>_ti_sysbios_family_c28_TaskSupport_checkStack__E</name>
         <value>0x30369a</value>
         <object_component_ref idref="oc-34f"/>
      </symbol>
      <symbol id="sm-c1e">
         <name>_ti_sysbios_family_c28_Timer_getMaxTicks__E</name>
         <value>0x303813</value>
         <object_component_ref idref="oc-3af"/>
      </symbol>
      <symbol id="sm-c20">
         <name>_ti_sysbios_knl_Swi_restore__E</name>
         <value>0x3031e6</value>
         <object_component_ref idref="oc-278"/>
      </symbol>
      <symbol id="sm-c22">
         <name>_ti_sysbios_family_c28_TaskSupport_start__E</name>
         <value>0x30274c</value>
         <object_component_ref idref="oc-3d2"/>
      </symbol>
      <symbol id="sm-c24">
         <name>_ti_sysbios_knl_Task_exit__E</name>
         <value>0x301da9</value>
         <object_component_ref idref="oc-3b0"/>
      </symbol>
      <symbol id="sm-c26">
         <name>_ti_sysbios_family_c28_Hwi_dispatchC__I</name>
         <value>0x30359b</value>
         <object_component_ref idref="oc-3ce"/>
      </symbol>
      <symbol id="sm-c28">
         <name>_ti_sysbios_family_c28_Hwi_getInterruptFlag__E</name>
         <value>0x302b3d</value>
         <object_component_ref idref="oc-374"/>
      </symbol>
      <symbol id="sm-c2a">
         <name>_ti_sysbios_knl_Clock_logTick__E</name>
         <value>0x3027f5</value>
         <object_component_ref idref="oc-23f"/>
      </symbol>
      <symbol id="sm-c2c">
         <name>_ti_sysbios_knl_Idle_loop__E</name>
         <value>0x3037cd</value>
         <object_component_ref idref="oc-1f4"/>
      </symbol>
      <symbol id="sm-c2e">
         <name>_ti_sysbios_utils_Load_idleFxn__E</name>
         <value>0x301f4f</value>
         <object_component_ref idref="oc-334"/>
      </symbol>
      <symbol id="sm-c30">
         <name>_ti_sysbios_BIOS_start__E</name>
         <value>0x30374b</value>
         <object_component_ref idref="oc-23b"/>
      </symbol>
      <symbol id="sm-c32">
         <name>_ti_sysbios_heaps_HeapMem_allocUnprotected__E</name>
         <value>0x3005b6</value>
         <object_component_ref idref="oc-286"/>
      </symbol>
      <symbol id="sm-c34">
         <name>_ti_sysbios_knl_Task_restoreHwi__E</name>
         <value>0x30342d</value>
         <object_component_ref idref="oc-3e0"/>
      </symbol>
      <symbol id="sm-c61">
         <name>ULL$$MOD</name>
         <value>0x3007c7</value>
         <object_component_ref idref="oc-14c"/>
      </symbol>
      <symbol id="sm-c62">
         <name>ULL$$DIV</name>
         <value>0x300798</value>
         <object_component_ref idref="oc-14c"/>
      </symbol>
      <symbol id="sm-c63">
         <name>LL$$MOD</name>
         <value>0x30075e</value>
         <object_component_ref idref="oc-14c"/>
      </symbol>
      <symbol id="sm-c64">
         <name>LL$$DIV</name>
         <value>0x300722</value>
         <object_component_ref idref="oc-14c"/>
      </symbol>
      <symbol id="sm-d04">
         <name>_ti_sysbios_family_c28_Hwi_dispatchZeroTable</name>
         <value>0x30127e</value>
         <object_component_ref idref="oc-3ab"/>
      </symbol>
      <symbol id="sm-d05">
         <name>_ti_sysbios_family_c28_Hwi_dispatchZero</name>
         <value>0x3012db</value>
         <object_component_ref idref="oc-3ab"/>
      </symbol>
      <symbol id="sm-dae">
         <name>_ti_sysbios_family_c28_Hwi_getIFR__I</name>
         <value>0x3037b2</value>
         <object_component_ref idref="oc-39f"/>
      </symbol>
      <symbol id="sm-daf">
         <name>_ti_sysbios_family_c28_Hwi_switchAndDispatch__I</name>
         <value>0x303102</value>
         <object_component_ref idref="oc-3df"/>
      </symbol>
      <symbol id="sm-db0">
         <name>_ti_sysbios_family_c28_Hwi_interruptReturn__I</name>
         <value>0x303826</value>
         <object_component_ref idref="oc-326"/>
      </symbol>
      <symbol id="sm-db1">
         <name>_ti_sysbios_family_xxx_Hwi_switchAndRunFunc</name>
         <value>0x3031ce</value>
         <object_component_ref idref="oc-30a"/>
      </symbol>
      <symbol id="sm-dbd">
         <name>_ti_sysbios_family_c28_IntrinsicsSupport_maxbit__E</name>
         <value>0x303757</value>
         <object_component_ref idref="oc-2cd"/>
      </symbol>
      <symbol id="sm-dcd">
         <name>_ti_sysbios_family_c28_TaskSupport_buildTaskStack</name>
         <value>0x302dac</value>
         <object_component_ref idref="oc-3e4"/>
      </symbol>
      <symbol id="sm-dce">
         <name>_ti_sysbios_family_c28_TaskSupport_swap__E</name>
         <value>0x302f03</value>
         <object_component_ref idref="oc-333"/>
      </symbol>
      <symbol id="sm-dcf">
         <name>_ti_sysbios_family_c28_TaskSupport_glue</name>
         <value>0x3036a3</value>
         <object_component_ref idref="oc-3e9"/>
      </symbol>
      <symbol id="sm-dfd">
         <name>_ti_uia_loggers_LoggerStopMode_disable__E</name>
         <value>0x3035cf</value>
         <object_component_ref idref="oc-244"/>
      </symbol>
      <symbol id="sm-dfe">
         <name>_ti_uia_loggers_LoggerStopMode_Instance_init__E</name>
         <value>0x30339c</value>
         <object_component_ref idref="oc-2b3"/>
      </symbol>
      <symbol id="sm-dff">
         <name>_ti_uia_loggers_LoggerStopMode_getPriority__E</name>
         <value>0x30381d</value>
         <object_component_ref idref="oc-251"/>
      </symbol>
      <symbol id="sm-e00">
         <name>_ti_uia_loggers_LoggerStopMode_setPriority__E</name>
         <value>0x303829</value>
         <object_component_ref idref="oc-252"/>
      </symbol>
      <symbol id="sm-e01">
         <name>_ti_uia_loggers_LoggerStopMode_initQueueDescriptor__E</name>
         <value>0x30230d</value>
         <object_component_ref idref="oc-399"/>
      </symbol>
      <symbol id="sm-e02">
         <name>_ti_uia_loggers_LoggerStopMode_getContents__E</name>
         <value>0x303817</value>
         <object_component_ref idref="oc-24d"/>
      </symbol>
      <symbol id="sm-e03">
         <name>_ti_uia_loggers_LoggerStopMode_initBuffer__I</name>
         <value>0x302df6</value>
         <object_component_ref idref="oc-30e"/>
      </symbol>
      <symbol id="sm-e04">
         <name>_ti_uia_loggers_LoggerStopMode_isEmpty__E</name>
         <value>0x3036b5</value>
         <object_component_ref idref="oc-24e"/>
      </symbol>
      <symbol id="sm-e05">
         <name>_ti_uia_loggers_LoggerStopMode_getInstanceId__E</name>
         <value>0x30381b</value>
         <object_component_ref idref="oc-250"/>
      </symbol>
      <symbol id="sm-e06">
         <name>_ti_uia_loggers_LoggerStopMode_Module_startup__E</name>
         <value>0x3029f8</value>
         <object_component_ref idref="oc-366"/>
      </symbol>
      <symbol id="sm-e07">
         <name>_ti_uia_loggers_LoggerStopMode_reset__E</name>
         <value>0x302d3b</value>
         <object_component_ref idref="oc-253"/>
      </symbol>
      <symbol id="sm-e08">
         <name>_ti_uia_loggers_LoggerStopMode_getMaxLength__E</name>
         <value>0x3037df</value>
         <object_component_ref idref="oc-24f"/>
      </symbol>
      <symbol id="sm-e09">
         <name>_ti_uia_loggers_LoggerStopMode_getTransferType__E</name>
         <value>0x30381f</value>
         <object_component_ref idref="oc-24c"/>
      </symbol>
      <symbol id="sm-e0a">
         <name>_ti_uia_loggers_LoggerStopMode_flush__E</name>
         <value>0x301c53</value>
         <object_component_ref idref="oc-2b1"/>
      </symbol>
      <symbol id="sm-e0b">
         <name>_ti_uia_loggers_LoggerStopMode_enable__E</name>
         <value>0x303566</value>
         <object_component_ref idref="oc-243"/>
      </symbol>
      <symbol id="sm-e21">
         <name>_ti_uia_runtime_QueueDescriptor_gPtrToFirstDescriptor</name>
         <value>0x99fa</value>
         <object_component_ref idref="oc-168"/>
      </symbol>
      <symbol id="sm-e22">
         <name>_ti_uia_runtime_QueueDescriptor_addToList__E</name>
         <value>0x302699</value>
         <object_component_ref idref="oc-3ba"/>
      </symbol>
      <symbol id="sm-e23">
         <name>_ti_uia_runtime_QueueDescriptor_gUpdateCount</name>
         <value>0x99f8</value>
         <object_component_ref idref="oc-168"/>
      </symbol>
      <symbol id="sm-e37">
         <name>_xdc_runtime_Assert_raise__I</name>
         <value>0x302bc4</value>
         <object_component_ref idref="oc-27e"/>
      </symbol>
      <symbol id="sm-e45">
         <name>_xdc_runtime_Core_assignLabel__I</name>
         <value>0x303184</value>
         <object_component_ref idref="oc-290"/>
      </symbol>
      <symbol id="sm-e53">
         <name>_xdc_runtime_Core_assignParams__I</name>
         <value>0x302a27</value>
         <object_component_ref idref="oc-2e7"/>
      </symbol>
      <symbol id="sm-e6b">
         <name>_xdc_runtime_Core_constructObject__I</name>
         <value>0x30164b</value>
         <object_component_ref idref="oc-34a"/>
      </symbol>
      <symbol id="sm-e8a">
         <name>_xdc_runtime_Core_deleteObject__I</name>
         <value>0x30265b</value>
         <object_component_ref idref="oc-28f"/>
      </symbol>
      <symbol id="sm-e8b">
         <name>_xdc_runtime_Core_createObject__I</name>
         <value>0x301487</value>
         <object_component_ref idref="oc-28d"/>
      </symbol>
      <symbol id="sm-eb6">
         <name>_xdc_runtime_Error_getSite__E</name>
         <value>0x303821</value>
         <object_component_ref idref="oc-381"/>
      </symbol>
      <symbol id="sm-eb7">
         <name>_xdc_runtime_Error_print__E</name>
         <value>0x302997</value>
         <object_component_ref idref="oc-35c"/>
      </symbol>
      <symbol id="sm-eb8">
         <name>_xdc_runtime_Error_policyDefault__E</name>
         <value>0x30213e</value>
         <object_component_ref idref="oc-291"/>
      </symbol>
      <symbol id="sm-eb9">
         <name>_xdc_runtime_Error_init__E</name>
         <value>0x303669</value>
         <object_component_ref idref="oc-33a"/>
      </symbol>
      <symbol id="sm-eba">
         <name>_xdc_runtime_Error_raiseX__E</name>
         <value>0x3033af</value>
         <object_component_ref idref="oc-1fa"/>
      </symbol>
      <symbol id="sm-ebb">
         <name>_xdc_runtime_Error_check__E</name>
         <value>0x3035dc</value>
         <object_component_ref idref="oc-37c"/>
      </symbol>
      <symbol id="sm-ebc">
         <name>_xdc_runtime_Error_setX__E</name>
         <value>0x302bf1</value>
         <object_component_ref idref="oc-2ef"/>
      </symbol>
      <symbol id="sm-eca">
         <name>_xdc_runtime_Gate_leaveSystem__E</name>
         <value>0x30377b</value>
         <object_component_ref idref="oc-272"/>
      </symbol>
      <symbol id="sm-ecb">
         <name>_xdc_runtime_Gate_enterSystem__E</name>
         <value>0x303775</value>
         <object_component_ref idref="oc-23c"/>
      </symbol>
      <symbol id="sm-ee6">
         <name>_xdc_runtime_Memory_calloc__E</name>
         <value>0x303709</value>
         <object_component_ref idref="oc-2e8"/>
      </symbol>
      <symbol id="sm-ee7">
         <name>_xdc_runtime_Memory_free__E</name>
         <value>0x303673</value>
         <object_component_ref idref="oc-2eb"/>
      </symbol>
      <symbol id="sm-ee8">
         <name>_xdc_runtime_Memory_valloc__E</name>
         <value>0x303272</value>
         <object_component_ref idref="oc-336"/>
      </symbol>
      <symbol id="sm-ee9">
         <name>_xdc_runtime_Memory_alloc__E</name>
         <value>0x30259e</value>
         <object_component_ref idref="oc-35a"/>
      </symbol>
      <symbol id="sm-eea">
         <name>_xdc_runtime_Memory_getMaxDefaultTypeAlign__E</name>
         <value>0x30379e</value>
         <object_component_ref idref="oc-37d"/>
      </symbol>
      <symbol id="sm-f0c">
         <name>_xdc_runtime_Startup_startMods__I</name>
         <value>0x301cc6</value>
         <object_component_ref idref="oc-296"/>
      </symbol>
      <symbol id="sm-f0d">
         <name>_xdc_runtime_Startup_rtsDone__E</name>
         <value>0x3037a2</value>
         <object_component_ref idref="oc-214"/>
      </symbol>
      <symbol id="sm-f0e">
         <name>_xdc_runtime_Startup_exec__E</name>
         <value>0x302a56</value>
         <object_component_ref idref="oc-1cc"/>
      </symbol>
      <symbol id="sm-f2c">
         <name>_xdc_runtime_SysMin_abort__E</name>
         <value>0x303289</value>
         <object_component_ref idref="oc-301"/>
      </symbol>
      <symbol id="sm-f2d">
         <name>_xdc_runtime_SysMin_ready__E</name>
         <value>0x303711</value>
         <object_component_ref idref="oc-3db"/>
      </symbol>
      <symbol id="sm-f2e">
         <name>_xdc_runtime_SysMin_flush__E</name>
         <value>0x302d61</value>
         <object_component_ref idref="oc-308"/>
      </symbol>
      <symbol id="sm-f2f">
         <name>_xdc_runtime_SysMin_Module_startup__E</name>
         <value>0x30347f</value>
         <object_component_ref idref="oc-35e"/>
      </symbol>
      <symbol id="sm-f30">
         <name>_xdc_runtime_SysMin_putch__E</name>
         <value>0x302fce</value>
         <object_component_ref idref="oc-33f"/>
      </symbol>
      <symbol id="sm-f31">
         <name>_xdc_runtime_SysMin_exit__E</name>
         <value>0x303626</value>
         <object_component_ref idref="oc-2a2"/>
      </symbol>
      <symbol id="sm-fb5">
         <name>_xdc_runtime_System_formatNum__I</name>
         <value>0x302899</value>
         <object_component_ref idref="oc-3dd"/>
      </symbol>
      <symbol id="sm-fb6">
         <name>_xdc_runtime_System_exit__E</name>
         <value>0x30365e</value>
         <object_component_ref idref="oc-1cf"/>
      </symbol>
      <symbol id="sm-fb7">
         <name>_xdc_runtime_System_exitStd__E</name>
         <value>0x3037fa</value>
         <object_component_ref idref="oc-23e"/>
      </symbol>
      <symbol id="sm-fb8">
         <name>_xdc_runtime_System_printf_va__F</name>
         <value>0x30319d</value>
         <object_component_ref idref="oc-3aa"/>
      </symbol>
      <symbol id="sm-fb9">
         <name>_xdc_runtime_System_atexit__E</name>
         <value>0x302ec4</value>
         <object_component_ref idref="oc-217"/>
      </symbol>
      <symbol id="sm-fba">
         <name>_xdc_runtime_System_abortStd__E</name>
         <value>0x3037f7</value>
         <object_component_ref idref="oc-302"/>
      </symbol>
      <symbol id="sm-fbb">
         <name>_xdc_runtime_System_putchar__I</name>
         <value>0x3031fe</value>
         <object_component_ref idref="oc-3de"/>
      </symbol>
      <symbol id="sm-fbc">
         <name>_xdc_runtime_System_snprintf_va__F</name>
         <value>0x30367d</value>
         <object_component_ref idref="oc-3ca"/>
      </symbol>
      <symbol id="sm-fbd">
         <name>_xdc_runtime_System_Module_startup__E</name>
         <value>0x3037e8</value>
         <object_component_ref idref="oc-35d"/>
      </symbol>
      <symbol id="sm-fbe">
         <name>_xdc_runtime_System_avprintf__E</name>
         <value>0x303138</value>
         <object_component_ref idref="oc-3a9"/>
      </symbol>
      <symbol id="sm-fbf">
         <name>_xdc_runtime_System_vprintf__E</name>
         <value>0x30319d</value>
         <object_component_ref idref="oc-3aa"/>
      </symbol>
      <symbol id="sm-fc0">
         <name>_xdc_runtime_System_aprintf_va__F</name>
         <value>0x303138</value>
         <object_component_ref idref="oc-3a9"/>
      </symbol>
      <symbol id="sm-fc1">
         <name>_xdc_runtime_System_doPrint__I</name>
         <value>0x300000</value>
         <object_component_ref idref="oc-3cc"/>
      </symbol>
      <symbol id="sm-fc2">
         <name>_xdc_runtime_System_processAtExit__E</name>
         <value>0x302e3f</value>
         <object_component_ref idref="oc-202"/>
      </symbol>
      <symbol id="sm-fc3">
         <name>_xdc_runtime_System_vsnprintf__E</name>
         <value>0x30367d</value>
         <object_component_ref idref="oc-3ca"/>
      </symbol>
      <symbol id="sm-fc4">
         <name>_xdc_runtime_System_abort__E</name>
         <value>0x3035e9</value>
         <object_component_ref idref="oc-23a"/>
      </symbol>
      <symbol id="sm-fd8">
         <name>C$$EXIT</name>
         <value>0x302c9d</value>
         <object_component_ref idref="oc-2a3"/>
      </symbol>
      <symbol id="sm-fd9">
         <name>_exit</name>
         <value>0x302c9f</value>
         <object_component_ref idref="oc-2a3"/>
      </symbol>
      <symbol id="sm-fdb">
         <name>___TI_cleanup_ptr</name>
         <value>0x9976</value>
         <object_component_ref idref="oc-1aa"/>
      </symbol>
      <symbol id="sm-fdc">
         <name>___TI_enable_exit_profile_output</name>
         <value>0x9974</value>
         <object_component_ref idref="oc-1aa"/>
      </symbol>
      <symbol id="sm-fdd">
         <name>_abort</name>
         <value>0x302c9d</value>
         <object_component_ref idref="oc-2a3"/>
      </symbol>
      <symbol id="sm-fdf">
         <name>___TI_dtors_ptr</name>
         <value>0x9978</value>
         <object_component_ref idref="oc-1aa"/>
      </symbol>
      <symbol id="sm-1022">
         <name>_xdc_runtime_Text_putLab__E</name>
         <value>0x30255d</value>
         <object_component_ref idref="oc-3eb"/>
      </symbol>
      <symbol id="sm-1023">
         <name>_xdc_runtime_Text_printVisFxn__I</name>
         <value>0x30330e</value>
         <object_component_ref idref="oc-3c9"/>
      </symbol>
      <symbol id="sm-1024">
         <name>_xdc_runtime_Text_putMod__E</name>
         <value>0x3027bd</value>
         <object_component_ref idref="oc-3a6"/>
      </symbol>
      <symbol id="sm-1025">
         <name>_xdc_runtime_Text_cordText__E</name>
         <value>0x30343e</value>
         <object_component_ref idref="oc-2ed"/>
      </symbol>
      <symbol id="sm-1026">
         <name>_xdc_runtime_Text_xprintf__I</name>
         <value>0x302c74</value>
         <object_component_ref idref="oc-3a7"/>
      </symbol>
      <symbol id="sm-1027">
         <name>_xdc_runtime_Text_visitRope2__I</name>
         <value>0x302c1e</value>
         <object_component_ref idref="oc-3e5"/>
      </symbol>
      <symbol id="sm-1028">
         <name>_xdc_runtime_Text_ropeText__E</name>
         <value>0x303687</value>
         <object_component_ref idref="oc-2c9"/>
      </symbol>
      <symbol id="sm-1029">
         <name>_xdc_runtime_Text_putSite__E</name>
         <value>0x30219e</value>
         <object_component_ref idref="oc-382"/>
      </symbol>
      <symbol id="sm-1038">
         <name>_xdc_runtime_Registry_findById__E</name>
         <value>0x3034cb</value>
         <object_component_ref idref="oc-3c7"/>
      </symbol>
      <symbol id="sm-105a">
         <name>_xdc_runtime_Timestamp_getFreq__E</name>
         <value>0x30380c</value>
         <object_component_ref idref="oc-354"/>
      </symbol>
      <symbol id="sm-105b">
         <name>_xdc_runtime_Timestamp_get64__E</name>
         <value>0x303809</value>
         <object_component_ref idref="oc-2af"/>
      </symbol>
      <symbol id="sm-105c">
         <name>_xdc_runtime_Timestamp_get32__E</name>
         <value>0x303806</value>
         <object_component_ref idref="oc-27f"/>
      </symbol>
   </symbol_table>
   <title>Link successful</title>
</link_info>
