<?xml version="1.0" encoding="ISO-8859-1" ?>
<link_info>
   <banner>TMS320C2000 Linker PC v22.6.1.LTS</banner>
   <copyright>Copyright (c) 1996-2018 Texas Instruments Incorporated</copyright>
   <link_time>0x66d8b2f9</link_time>
   <link_errors>0x0</link_errors>
   <output_file>memoria_sysbios_v3.out</output_file>
   <entry_point>
      <name>_c_int00</name>
      <address>0x3020aa</address>
   </entry_point>
   <input_file_list>
      <input_file id="fl-2">
         <path>.\</path>
         <kind>object</kind>
         <file>DSP2833x_ADC_cal.obj</file>
         <name>DSP2833x_ADC_cal.obj</name>
      </input_file>
      <input_file id="fl-3">
         <path>.\</path>
         <kind>object</kind>
         <file>DSP2833x_CpuTimers.obj</file>
         <name>DSP2833x_CpuTimers.obj</name>
      </input_file>
      <input_file id="fl-4">
         <path>.\</path>
         <kind>object</kind>
         <file>DSP2833x_GlobalVariableDefs.obj</file>
         <name>DSP2833x_GlobalVariableDefs.obj</name>
      </input_file>
      <input_file id="fl-5">
         <path>.\</path>
         <kind>object</kind>
         <file>DSP2833x_Gpio.obj</file>
         <name>DSP2833x_Gpio.obj</name>
      </input_file>
      <input_file id="fl-6">
         <path>.\</path>
         <kind>object</kind>
         <file>DSP2833x_Sci.obj</file>
         <name>DSP2833x_Sci.obj</name>
      </input_file>
      <input_file id="fl-7">
         <path>.\</path>
         <kind>object</kind>
         <file>DSP2833x_Spi.obj</file>
         <name>DSP2833x_Spi.obj</name>
      </input_file>
      <input_file id="fl-8">
         <path>.\</path>
         <kind>object</kind>
         <file>DSP2833x_SysCtrl.obj</file>
         <name>DSP2833x_SysCtrl.obj</name>
      </input_file>
      <input_file id="fl-9">
         <path>.\</path>
         <kind>object</kind>
         <file>DSP2833x_usDelay.obj</file>
         <name>DSP2833x_usDelay.obj</name>
      </input_file>
      <input_file id="fl-a">
         <path>.\</path>
         <kind>object</kind>
         <file>HIL_HWI_Config.obj</file>
         <name>HIL_HWI_Config.obj</name>
      </input_file>
      <input_file id="fl-b">
         <path>.\</path>
         <kind>object</kind>
         <file>HIL_PWM_Config.obj</file>
         <name>HIL_PWM_Config.obj</name>
      </input_file>
      <input_file id="fl-c">
         <path>.\</path>
         <kind>object</kind>
         <file>TI28335_ADC_Config.obj</file>
         <name>TI28335_ADC_Config.obj</name>
      </input_file>
      <input_file id="fl-d">
         <path>.\</path>
         <kind>object</kind>
         <file>TI28335_GPIO_Config.obj</file>
         <name>TI28335_GPIO_Config.obj</name>
      </input_file>
      <input_file id="fl-e">
         <path>.\</path>
         <kind>object</kind>
         <file>TI28335_SCI_Config.obj</file>
         <name>TI28335_SCI_Config.obj</name>
      </input_file>
      <input_file id="fl-f">
         <path>.\</path>
         <kind>object</kind>
         <file>main.obj</file>
         <name>main.obj</name>
      </input_file>
      <input_file id="fl-13">
         <path>C:\Users\jsalg\Desktop\memoria_sysbios_v3\Debug\configPkg\package\cfg\</path>
         <kind>object</kind>
         <file>memoria_sysbios_v2_p28FP.o28FP</file>
         <name>memoria_sysbios_v2_p28FP.o28FP</name>
      </input_file>
      <input_file id="fl-1f">
         <kind>object</kind>
         <file>&lt;internal&gt;</file>
         <name>&lt;internal&gt;</name>
      </input_file>
      <input_file id="fl-2b">
         <path>C:\ti\ccs1271\ccs\tools\compiler\ti-cgt-c2000_22.6.1.LTS\lib\</path>
         <kind>archive</kind>
         <file>rts2800_fpu32.lib</file>
         <name>fd_mpy28.asm.obj</name>
      </input_file>
      <input_file id="fl-2c">
         <path>C:\ti\ccs1271\ccs\tools\compiler\ti-cgt-c2000_22.6.1.LTS\lib\</path>
         <kind>archive</kind>
         <file>rts2800_fpu32.lib</file>
         <name>fd_tol28.asm.obj</name>
      </input_file>
      <input_file id="fl-2d">
         <path>C:\ti\ccs1271\ccs\tools\compiler\ti-cgt-c2000_22.6.1.LTS\lib\</path>
         <kind>archive</kind>
         <file>rts2800_fpu32.lib</file>
         <name>fs_div28.asm.obj</name>
      </input_file>
      <input_file id="fl-2e">
         <path>C:\ti\ccs1271\ccs\tools\compiler\ti-cgt-c2000_22.6.1.LTS\lib\</path>
         <kind>archive</kind>
         <file>rts2800_fpu32.lib</file>
         <name>fs_tofdfpu32.asm.obj</name>
      </input_file>
      <input_file id="fl-2f">
         <path>C:\ti\ccs1271\ccs\tools\compiler\ti-cgt-c2000_22.6.1.LTS\lib\</path>
         <kind>archive</kind>
         <file>rts2800_fpu32.lib</file>
         <name>hostwrite.c.obj</name>
      </input_file>
      <input_file id="fl-30">
         <path>C:\ti\c2000\C2000Ware_5_00_00_00\libraries\math\IQmath\c28\lib\</path>
         <kind>archive</kind>
         <file>IQmath_fpu32_coff.lib</file>
         <name>IQNtoa.obj</name>
      </input_file>
      <input_file id="fl-31">
         <path>C:\ti\c2000\C2000Ware_5_00_00_00\libraries\math\IQmath\c28\lib\</path>
         <kind>archive</kind>
         <file>IQmath_fpu32_coff.lib</file>
         <name>iqntoa_get_frac_c.obj</name>
      </input_file>
      <input_file id="fl-32">
         <path>C:\ti\ccs1271\ccs\tools\compiler\ti-cgt-c2000_22.6.1.LTS\lib\</path>
         <kind>archive</kind>
         <file>rts2800_fpu32.lib</file>
         <name>trgmsg.c.obj</name>
      </input_file>
      <input_file id="fl-33">
         <path>C:\ti\bios_6_83_00_18\packages\ti\targets\rts2800\lib\</path>
         <kind>archive</kind>
         <file>ti.targets.rts2800.a28FP</file>
         <name>xdc_noinit.o28FP</name>
      </input_file>
      <input_file id="fl-34">
         <path>C:\ti\bios_6_83_00_18\packages\ti\targets\rts2800\lib\</path>
         <kind>archive</kind>
         <file>boot.a28FP</file>
         <name>boot_cg.o28FP</name>
      </input_file>
      <input_file id="fl-35">
         <path>C:\ti\ccs1271\ccs\tools\compiler\ti-cgt-c2000_22.6.1.LTS\lib\</path>
         <kind>archive</kind>
         <file>rts2800_fpu32.lib</file>
         <name>args_main.c.obj</name>
      </input_file>
      <input_file id="fl-36">
         <path>C:\ti\ccs1271\ccs\tools\compiler\ti-cgt-c2000_22.6.1.LTS\lib\</path>
         <kind>archive</kind>
         <file>rts2800_fpu32.lib</file>
         <name>_lock.c.obj</name>
      </input_file>
      <input_file id="fl-37">
         <path>C:\ti\ccs1271\ccs\tools\compiler\ti-cgt-c2000_22.6.1.LTS\lib\</path>
         <kind>archive</kind>
         <file>rts2800_fpu32.lib</file>
         <name>startup.c.obj</name>
      </input_file>
      <input_file id="fl-38">
         <path>C:\ti\ccs1271\ccs\tools\compiler\ti-cgt-c2000_22.6.1.LTS\lib\</path>
         <kind>archive</kind>
         <file>rts2800_fpu32.lib</file>
         <name>pre_init.c.obj</name>
      </input_file>
      <input_file id="fl-39">
         <path>C:\ti\ccs1271\ccs\tools\compiler\ti-cgt-c2000_22.6.1.LTS\lib\</path>
         <kind>archive</kind>
         <file>rts2800_fpu32.lib</file>
         <name>cpy_tbl.c.obj</name>
      </input_file>
      <input_file id="fl-3a">
         <path>C:\ti\ccs1271\ccs\tools\compiler\ti-cgt-c2000_22.6.1.LTS\lib\</path>
         <kind>archive</kind>
         <file>rts2800_fpu32.lib</file>
         <name>memcpy.c.obj</name>
      </input_file>
      <input_file id="fl-3b">
         <path>C:\ti\ccs1271\ccs\tools\compiler\ti-cgt-c2000_22.6.1.LTS\lib\</path>
         <kind>archive</kind>
         <file>rts2800_fpu32.lib</file>
         <name>memset.c.obj</name>
      </input_file>
      <input_file id="fl-3c">
         <path>C:\ti\ccs1271\ccs\tools\compiler\ti-cgt-c2000_22.6.1.LTS\lib\</path>
         <kind>archive</kind>
         <file>rts2800_fpu32.lib</file>
         <name>hostopen.c.obj</name>
      </input_file>
      <input_file id="fl-3d">
         <path>C:\ti\ccs1271\ccs\tools\compiler\ti-cgt-c2000_22.6.1.LTS\lib\</path>
         <kind>archive</kind>
         <file>rts2800_fpu32.lib</file>
         <name>strlen.c.obj</name>
      </input_file>
      <input_file id="fl-3e">
         <path>C:\ti\bios_6_83_00_18\packages\ti\catalog\c2800\init\lib\</path>
         <kind>archive</kind>
         <file>Boot.a28FP</file>
         <name>Boot.o28FP</name>
      </input_file>
      <input_file id="fl-3f">
         <path>C:\Users\jsalg\Desktop\memoria_sysbios_v3\src\sysbios\</path>
         <kind>archive</kind>
         <file>sysbios.a28FP</file>
         <name>BIOS.obj</name>
      </input_file>
      <input_file id="fl-40">
         <path>C:\ti\ccs1271\ccs\tools\compiler\ti-cgt-c2000_22.6.1.LTS\lib\</path>
         <kind>archive</kind>
         <file>rts2800_fpu32.lib</file>
         <name>ll_div28.asm.obj</name>
      </input_file>
      <input_file id="fl-41">
         <path>C:\Users\jsalg\Desktop\memoria_sysbios_v3\src\sysbios\</path>
         <kind>archive</kind>
         <file>sysbios.a28FP</file>
         <name>c28_Hwi_disp_asm.obj</name>
      </input_file>
      <input_file id="fl-42">
         <path>C:\Users\jsalg\Desktop\memoria_sysbios_v3\src\sysbios\</path>
         <kind>archive</kind>
         <file>sysbios.a28FP</file>
         <name>c28_Hwi_asm.obj</name>
      </input_file>
      <input_file id="fl-43">
         <path>C:\Users\jsalg\Desktop\memoria_sysbios_v3\src\sysbios\</path>
         <kind>archive</kind>
         <file>sysbios.a28FP</file>
         <name>c28_IntrinsicsSupport_asm.obj</name>
      </input_file>
      <input_file id="fl-44">
         <path>C:\Users\jsalg\Desktop\memoria_sysbios_v3\src\sysbios\</path>
         <kind>archive</kind>
         <file>sysbios.a28FP</file>
         <name>c28_TaskSupport_asm.obj</name>
      </input_file>
      <input_file id="fl-45">
         <path>C:\ti\uia_2_30_01_02\packages\ti\uia\loggers\lib\release\</path>
         <kind>archive</kind>
         <file>ti.uia.loggers.a28FP</file>
         <name>LoggerStopMode.o28FP</name>
      </input_file>
      <input_file id="fl-46">
         <path>C:\ti\uia_2_30_01_02\packages\ti\uia\runtime\lib\release\</path>
         <kind>archive</kind>
         <file>ti.uia.runtime.a28FP</file>
         <name>QueueDescriptor.o28FP</name>
      </input_file>
      <input_file id="fl-47">
         <path>C:\ti\bios_6_83_00_18\packages\ti\targets\rts2800\lib\</path>
         <kind>archive</kind>
         <file>ti.targets.rts2800.a28FP</file>
         <name>Assert.o28FP</name>
      </input_file>
      <input_file id="fl-48">
         <path>C:\ti\bios_6_83_00_18\packages\ti\targets\rts2800\lib\</path>
         <kind>archive</kind>
         <file>ti.targets.rts2800.a28FP</file>
         <name>Core-label.o28FP</name>
      </input_file>
      <input_file id="fl-49">
         <path>C:\ti\bios_6_83_00_18\packages\ti\targets\rts2800\lib\</path>
         <kind>archive</kind>
         <file>ti.targets.rts2800.a28FP</file>
         <name>Core-params.o28FP</name>
      </input_file>
      <input_file id="fl-4a">
         <path>C:\ti\bios_6_83_00_18\packages\ti\targets\rts2800\lib\</path>
         <kind>archive</kind>
         <file>ti.targets.rts2800.a28FP</file>
         <name>Core-smem.o28FP</name>
      </input_file>
      <input_file id="fl-4b">
         <path>C:\ti\bios_6_83_00_18\packages\ti\targets\rts2800\lib\</path>
         <kind>archive</kind>
         <file>ti.targets.rts2800.a28FP</file>
         <name>Core-mem.o28FP</name>
      </input_file>
      <input_file id="fl-4c">
         <path>C:\ti\bios_6_83_00_18\packages\ti\targets\rts2800\lib\</path>
         <kind>archive</kind>
         <file>ti.targets.rts2800.a28FP</file>
         <name>Error.o28FP</name>
      </input_file>
      <input_file id="fl-4d">
         <path>C:\ti\bios_6_83_00_18\packages\ti\targets\rts2800\lib\</path>
         <kind>archive</kind>
         <file>ti.targets.rts2800.a28FP</file>
         <name>Gate.o28FP</name>
      </input_file>
      <input_file id="fl-4e">
         <path>C:\ti\bios_6_83_00_18\packages\ti\targets\rts2800\lib\</path>
         <kind>archive</kind>
         <file>ti.targets.rts2800.a28FP</file>
         <name>Memory.o28FP</name>
      </input_file>
      <input_file id="fl-4f">
         <path>C:\ti\bios_6_83_00_18\packages\ti\targets\rts2800\lib\</path>
         <kind>archive</kind>
         <file>ti.targets.rts2800.a28FP</file>
         <name>Startup.o28FP</name>
      </input_file>
      <input_file id="fl-50">
         <path>C:\ti\bios_6_83_00_18\packages\ti\targets\rts2800\lib\</path>
         <kind>archive</kind>
         <file>ti.targets.rts2800.a28FP</file>
         <name>SysMin.o28FP</name>
      </input_file>
      <input_file id="fl-51">
         <path>C:\ti\bios_6_83_00_18\packages\ti\targets\rts2800\lib\</path>
         <kind>archive</kind>
         <file>ti.targets.rts2800.a28FP</file>
         <name>System.o28FP</name>
      </input_file>
      <input_file id="fl-52">
         <path>C:\ti\ccs1271\ccs\tools\compiler\ti-cgt-c2000_22.6.1.LTS\lib\</path>
         <kind>archive</kind>
         <file>rts2800_fpu32.lib</file>
         <name>exit.c.obj</name>
      </input_file>
      <input_file id="fl-53">
         <path>C:\ti\bios_6_83_00_18\packages\ti\targets\rts2800\lib\</path>
         <kind>archive</kind>
         <file>ti.targets.rts2800.a28FP</file>
         <name>Text.o28FP</name>
      </input_file>
      <input_file id="fl-54">
         <path>C:\ti\bios_6_83_00_18\packages\ti\targets\rts2800\lib\</path>
         <kind>archive</kind>
         <file>ti.targets.rts2800.a28FP</file>
         <name>Registry.o28FP</name>
      </input_file>
      <input_file id="fl-55">
         <path>C:\ti\ccs1271\ccs\tools\compiler\ti-cgt-c2000_22.6.1.LTS\lib\</path>
         <kind>archive</kind>
         <file>rts2800_fpu32.lib</file>
         <name>strcmp.c.obj</name>
      </input_file>
      <input_file id="fl-56">
         <path>C:\ti\bios_6_83_00_18\packages\ti\targets\rts2800\lib\</path>
         <kind>archive</kind>
         <file>ti.targets.rts2800.a28FP</file>
         <name>TimestampNull.o28FP</name>
      </input_file>
      <input_file id="fl-57">
         <path>C:\ti\bios_6_83_00_18\packages\ti\targets\rts2800\lib\</path>
         <kind>archive</kind>
         <file>ti.targets.rts2800.a28FP</file>
         <name>Timestamp.o28FP</name>
      </input_file>
   </input_file_list>
   <object_component_list>
      <object_component id="oc-89">
         <name>PieVectTableFile</name>
         <uninitialized>true</uninitialized>
         <run_address>0xd00</run_address>
         <size>0x100</size>
         <input_file_ref idref="fl-4"/>
      </object_component>
      <object_component id="oc-85">
         <name>DevEmuRegsFile</name>
         <uninitialized>true</uninitialized>
         <run_address>0x880</run_address>
         <size>0xd0</size>
         <input_file_ref idref="fl-4"/>
      </object_component>
      <object_component id="oc-5d">
         <name>FlashRegsFile</name>
         <uninitialized>true</uninitialized>
         <run_address>0xa80</run_address>
         <size>0x8</size>
         <input_file_ref idref="fl-4"/>
      </object_component>
      <object_component id="oc-60">
         <name>CsmRegsFile</name>
         <uninitialized>true</uninitialized>
         <run_address>0xae0</run_address>
         <size>0x10</size>
         <input_file_ref idref="fl-4"/>
      </object_component>
      <object_component id="oc-5f">
         <name>AdcMirrorFile</name>
         <uninitialized>true</uninitialized>
         <run_address>0xb00</run_address>
         <size>0x10</size>
         <input_file_ref idref="fl-4"/>
      </object_component>
      <object_component id="oc-68">
         <name>XintfRegsFile</name>
         <uninitialized>true</uninitialized>
         <run_address>0xb20</run_address>
         <size>0x1e</size>
         <input_file_ref idref="fl-4"/>
      </object_component>
      <object_component id="oc-59">
         <name>CpuTimer0RegsFile</name>
         <uninitialized>true</uninitialized>
         <run_address>0xc00</run_address>
         <size>0x8</size>
         <input_file_ref idref="fl-4"/>
      </object_component>
      <object_component id="oc-5a">
         <name>CpuTimer1RegsFile</name>
         <uninitialized>true</uninitialized>
         <run_address>0xc08</run_address>
         <size>0x8</size>
         <input_file_ref idref="fl-4"/>
      </object_component>
      <object_component id="oc-5b">
         <name>CpuTimer2RegsFile</name>
         <uninitialized>true</uninitialized>
         <run_address>0xc10</run_address>
         <size>0x8</size>
         <input_file_ref idref="fl-4"/>
      </object_component>
      <object_component id="oc-66">
         <name>PieCtrlRegsFile</name>
         <uninitialized>true</uninitialized>
         <run_address>0xce0</run_address>
         <size>0x1a</size>
         <input_file_ref idref="fl-4"/>
      </object_component>
      <object_component id="oc-86">
         <name>DmaRegsFile</name>
         <uninitialized>true</uninitialized>
         <run_address>0x1000</run_address>
         <size>0xe0</size>
         <input_file_ref idref="fl-4"/>
      </object_component>
      <object_component id="oc-78">
         <name>McbspaRegsFile</name>
         <uninitialized>true</uninitialized>
         <run_address>0x5000</run_address>
         <size>0x25</size>
         <input_file_ref idref="fl-4"/>
      </object_component>
      <object_component id="oc-79">
         <name>McbspbRegsFile</name>
         <uninitialized>true</uninitialized>
         <run_address>0x5040</run_address>
         <size>0x25</size>
         <input_file_ref idref="fl-4"/>
      </object_component>
      <object_component id="oc-7b">
         <name>ECanaRegsFile</name>
         <uninitialized>true</uninitialized>
         <run_address>0x6000</run_address>
         <size>0x34</size>
         <input_file_ref idref="fl-4"/>
      </object_component>
      <object_component id="oc-7d">
         <name>ECanaLAMRegsFile</name>
         <uninitialized>true</uninitialized>
         <run_address>0x6040</run_address>
         <size>0x40</size>
         <input_file_ref idref="fl-4"/>
      </object_component>
      <object_component id="oc-87">
         <name>ECanaMboxesFile</name>
         <uninitialized>true</uninitialized>
         <run_address>0x6100</run_address>
         <size>0x100</size>
         <input_file_ref idref="fl-4"/>
      </object_component>
      <object_component id="oc-7e">
         <name>ECanaMOTSRegsFile</name>
         <uninitialized>true</uninitialized>
         <run_address>0x6080</run_address>
         <size>0x40</size>
         <input_file_ref idref="fl-4"/>
      </object_component>
      <object_component id="oc-7f">
         <name>ECanaMOTORegsFile</name>
         <uninitialized>true</uninitialized>
         <run_address>0x60c0</run_address>
         <size>0x40</size>
         <input_file_ref idref="fl-4"/>
      </object_component>
      <object_component id="oc-7c">
         <name>ECanbRegsFile</name>
         <uninitialized>true</uninitialized>
         <run_address>0x6200</run_address>
         <size>0x34</size>
         <input_file_ref idref="fl-4"/>
      </object_component>
      <object_component id="oc-80">
         <name>ECanbLAMRegsFile</name>
         <uninitialized>true</uninitialized>
         <run_address>0x6240</run_address>
         <size>0x40</size>
         <input_file_ref idref="fl-4"/>
      </object_component>
      <object_component id="oc-88">
         <name>ECanbMboxesFile</name>
         <uninitialized>true</uninitialized>
         <run_address>0x6300</run_address>
         <size>0x100</size>
         <input_file_ref idref="fl-4"/>
      </object_component>
      <object_component id="oc-81">
         <name>ECanbMOTSRegsFile</name>
         <uninitialized>true</uninitialized>
         <run_address>0x6280</run_address>
         <size>0x40</size>
         <input_file_ref idref="fl-4"/>
      </object_component>
      <object_component id="oc-82">
         <name>ECanbMOTORegsFile</name>
         <uninitialized>true</uninitialized>
         <run_address>0x62c0</run_address>
         <size>0x40</size>
         <input_file_ref idref="fl-4"/>
      </object_component>
      <object_component id="oc-71">
         <name>EPwm1RegsFile</name>
         <uninitialized>true</uninitialized>
         <run_address>0x6800</run_address>
         <size>0x22</size>
         <input_file_ref idref="fl-4"/>
      </object_component>
      <object_component id="oc-72">
         <name>EPwm2RegsFile</name>
         <uninitialized>true</uninitialized>
         <run_address>0x6840</run_address>
         <size>0x22</size>
         <input_file_ref idref="fl-4"/>
      </object_component>
      <object_component id="oc-73">
         <name>EPwm3RegsFile</name>
         <uninitialized>true</uninitialized>
         <run_address>0x6880</run_address>
         <size>0x22</size>
         <input_file_ref idref="fl-4"/>
      </object_component>
      <object_component id="oc-74">
         <name>EPwm4RegsFile</name>
         <uninitialized>true</uninitialized>
         <run_address>0x68c0</run_address>
         <size>0x22</size>
         <input_file_ref idref="fl-4"/>
      </object_component>
      <object_component id="oc-75">
         <name>EPwm5RegsFile</name>
         <uninitialized>true</uninitialized>
         <run_address>0x6900</run_address>
         <size>0x22</size>
         <input_file_ref idref="fl-4"/>
      </object_component>
      <object_component id="oc-76">
         <name>EPwm6RegsFile</name>
         <uninitialized>true</uninitialized>
         <run_address>0x6940</run_address>
         <size>0x22</size>
         <input_file_ref idref="fl-4"/>
      </object_component>
      <object_component id="oc-69">
         <name>ECap1RegsFile</name>
         <uninitialized>true</uninitialized>
         <run_address>0x6a00</run_address>
         <size>0x20</size>
         <input_file_ref idref="fl-4"/>
      </object_component>
      <object_component id="oc-6a">
         <name>ECap2RegsFile</name>
         <uninitialized>true</uninitialized>
         <run_address>0x6a20</run_address>
         <size>0x20</size>
         <input_file_ref idref="fl-4"/>
      </object_component>
      <object_component id="oc-6b">
         <name>ECap3RegsFile</name>
         <uninitialized>true</uninitialized>
         <run_address>0x6a40</run_address>
         <size>0x20</size>
         <input_file_ref idref="fl-4"/>
      </object_component>
      <object_component id="oc-6c">
         <name>ECap4RegsFile</name>
         <uninitialized>true</uninitialized>
         <run_address>0x6a60</run_address>
         <size>0x20</size>
         <input_file_ref idref="fl-4"/>
      </object_component>
      <object_component id="oc-6d">
         <name>ECap5RegsFile</name>
         <uninitialized>true</uninitialized>
         <run_address>0x6a80</run_address>
         <size>0x20</size>
         <input_file_ref idref="fl-4"/>
      </object_component>
      <object_component id="oc-6e">
         <name>ECap6RegsFile</name>
         <uninitialized>true</uninitialized>
         <run_address>0x6aa0</run_address>
         <size>0x20</size>
         <input_file_ref idref="fl-4"/>
      </object_component>
      <object_component id="oc-83">
         <name>EQep1RegsFile</name>
         <uninitialized>true</uninitialized>
         <run_address>0x6b00</run_address>
         <size>0x40</size>
         <input_file_ref idref="fl-4"/>
      </object_component>
      <object_component id="oc-84">
         <name>EQep2RegsFile</name>
         <uninitialized>true</uninitialized>
         <run_address>0x6b40</run_address>
         <size>0x40</size>
         <input_file_ref idref="fl-4"/>
      </object_component>
      <object_component id="oc-7a">
         <name>GpioCtrlRegsFile</name>
         <uninitialized>true</uninitialized>
         <run_address>0x6f80</run_address>
         <size>0x2e</size>
         <input_file_ref idref="fl-4"/>
      </object_component>
      <object_component id="oc-6f">
         <name>GpioDataRegsFile</name>
         <uninitialized>true</uninitialized>
         <run_address>0x6fc0</run_address>
         <size>0x20</size>
         <input_file_ref idref="fl-4"/>
      </object_component>
      <object_component id="oc-5e">
         <name>GpioIntRegsFile</name>
         <uninitialized>true</uninitialized>
         <run_address>0x6fe0</run_address>
         <size>0xa</size>
         <input_file_ref idref="fl-4"/>
      </object_component>
      <object_component id="oc-70">
         <name>SysCtrlRegsFile</name>
         <uninitialized>true</uninitialized>
         <run_address>0x7010</run_address>
         <size>0x20</size>
         <input_file_ref idref="fl-4"/>
      </object_component>
      <object_component id="oc-64">
         <name>SpiaRegsFile</name>
         <uninitialized>true</uninitialized>
         <run_address>0x7040</run_address>
         <size>0x10</size>
         <input_file_ref idref="fl-4"/>
      </object_component>
      <object_component id="oc-61">
         <name>SciaRegsFile</name>
         <uninitialized>true</uninitialized>
         <run_address>0x7050</run_address>
         <size>0x10</size>
         <input_file_ref idref="fl-4"/>
      </object_component>
      <object_component id="oc-65">
         <name>XIntruptRegsFile</name>
         <uninitialized>true</uninitialized>
         <run_address>0x7070</run_address>
         <size>0x10</size>
         <input_file_ref idref="fl-4"/>
      </object_component>
      <object_component id="oc-67">
         <name>AdcRegsFile</name>
         <uninitialized>true</uninitialized>
         <run_address>0x7100</run_address>
         <size>0x1e</size>
         <input_file_ref idref="fl-4"/>
      </object_component>
      <object_component id="oc-62">
         <name>ScibRegsFile</name>
         <uninitialized>true</uninitialized>
         <run_address>0x7750</run_address>
         <size>0x10</size>
         <input_file_ref idref="fl-4"/>
      </object_component>
      <object_component id="oc-63">
         <name>ScicRegsFile</name>
         <uninitialized>true</uninitialized>
         <run_address>0x7770</run_address>
         <size>0x10</size>
         <input_file_ref idref="fl-4"/>
      </object_component>
      <object_component id="oc-77">
         <name>I2caRegsFile</name>
         <uninitialized>true</uninitialized>
         <run_address>0x7900</run_address>
         <size>0x22</size>
         <input_file_ref idref="fl-4"/>
      </object_component>
      <object_component id="oc-5c">
         <name>CsmPwlFile</name>
         <uninitialized>true</uninitialized>
         <run_address>0x33fff8</run_address>
         <size>0x8</size>
         <input_file_ref idref="fl-4"/>
      </object_component>
      <object_component id="oc-58">
         <name>PartIdRegsFile</name>
         <uninitialized>true</uninitialized>
         <run_address>0x380090</run_address>
         <size>0x1</size>
         <input_file_ref idref="fl-4"/>
      </object_component>
      <object_component id="oc-c8">
         <name>.cinit</name>
         <load_address>0x305e77</load_address>
         <run_address>0x305e77</run_address>
         <size>0x186</size>
         <input_file_ref idref="fl-13"/>
      </object_component>
      <object_component id="oc-1e1">
         <name>.cinit:_ti_sysbios_family_c28_Hwi_Module_State_0_dispatchTable__A</name>
         <load_address>0x305ffd</load_address>
         <run_address>0x305ffd</run_address>
         <size>0x103</size>
         <input_file_ref idref="fl-13"/>
      </object_component>
      <object_component id="oc-1db">
         <name>.cinit:_ti_uia_loggers_LoggerStopMode_Object__table__V</name>
         <load_address>0x306100</load_address>
         <run_address>0x306100</run_address>
         <size>0x57</size>
         <input_file_ref idref="fl-13"/>
      </object_component>
      <object_component id="oc-1df">
         <name>.cinit:_ti_sysbios_knl_Swi_Module_State_0_readyQ__A</name>
         <load_address>0x306157</load_address>
         <run_address>0x306157</run_address>
         <size>0x43</size>
         <input_file_ref idref="fl-13"/>
      </object_component>
      <object_component id="oc-1e8">
         <name>.cinit:_ti_sysbios_knl_Task_Module_State_0_readyQ__A</name>
         <load_address>0x30619a</load_address>
         <run_address>0x30619a</run_address>
         <size>0x43</size>
         <input_file_ref idref="fl-13"/>
      </object_component>
      <object_component id="oc-1d6">
         <name>.cinit:_ti_sysbios_family_c28_Timer_Object__table__V</name>
         <load_address>0x3061dd</load_address>
         <run_address>0x3061dd</run_address>
         <size>0x37</size>
         <input_file_ref idref="fl-13"/>
      </object_component>
      <object_component id="oc-df">
         <name>.cinit:_ti_sysbios_knl_Task_Object__table__V</name>
         <load_address>0x306214</load_address>
         <run_address>0x306214</run_address>
         <size>0x2f</size>
         <input_file_ref idref="fl-13"/>
      </object_component>
      <object_component id="oc-207">
         <name>.cinit:_ti_sysbios_family_c28_Hwi_Object__table__V</name>
         <load_address>0x306243</load_address>
         <run_address>0x306243</run_address>
         <size>0x27</size>
         <input_file_ref idref="fl-13"/>
      </object_component>
      <object_component id="oc-1e3">
         <name>.cinit:_ti_sysbios_gates_GateMutex_Object__table__V</name>
         <load_address>0x30626a</load_address>
         <run_address>0x30626a</run_address>
         <size>0x27</size>
         <input_file_ref idref="fl-13"/>
      </object_component>
      <object_component id="oc-1de">
         <name>.cinit:_ti_sysbios_knl_Swi_Object__table__V</name>
         <load_address>0x306291</load_address>
         <run_address>0x306291</run_address>
         <size>0x19</size>
         <input_file_ref idref="fl-13"/>
      </object_component>
      <object_component id="oc-cb">
         <name>.cinit:_xdc_runtime_Diags_dictElems</name>
         <load_address>0x3062aa</load_address>
         <run_address>0x3062aa</run_address>
         <size>0x13</size>
         <input_file_ref idref="fl-13"/>
      </object_component>
      <object_component id="oc-de">
         <name>.cinit:_ti_sysbios_heaps_HeapMem_Object__table__V</name>
         <load_address>0x3062bd</load_address>
         <run_address>0x3062bd</run_address>
         <size>0x11</size>
         <input_file_ref idref="fl-13"/>
      </object_component>
      <object_component id="oc-1f0">
         <name>.cinit:_ti_sysbios_utils_Load_Module_State_0_taskEnv__A</name>
         <load_address>0x3062ce</load_address>
         <run_address>0x3062ce</run_address>
         <size>0x11</size>
         <input_file_ref idref="fl-13"/>
      </object_component>
      <object_component id="oc-1ac">
         <name>.cinit</name>
         <load_address>0x3062df</load_address>
         <run_address>0x3062df</run_address>
         <size>0xe</size>
         <input_file_ref idref="fl-52"/>
      </object_component>
      <object_component id="oc-1d9">
         <name>.cinit:_xdc_runtime_System_Module_State_0_atexitHandlers__A</name>
         <load_address>0x3062ed</load_address>
         <run_address>0x3062ed</run_address>
         <size>0xb</size>
         <input_file_ref idref="fl-13"/>
      </object_component>
      <object_component id="oc-16a">
         <name>.cinit</name>
         <load_address>0x3062f8</load_address>
         <run_address>0x3062f8</run_address>
         <size>0x9</size>
         <input_file_ref idref="fl-46"/>
      </object_component>
      <object_component id="oc-2fe">
         <name>.cinit:_ti_sysbios_gates_GateHwi_Object__table__V</name>
         <load_address>0x306301</load_address>
         <run_address>0x306301</run_address>
         <size>0x7</size>
         <input_file_ref idref="fl-13"/>
      </object_component>
      <object_component id="oc-26f">
         <name>.cinit:__lock</name>
         <load_address>0x306308</load_address>
         <run_address>0x306308</run_address>
         <size>0x5</size>
         <input_file_ref idref="fl-36"/>
      </object_component>
      <object_component id="oc-26e">
         <name>.cinit:__unlock</name>
         <load_address>0x30630d</load_address>
         <run_address>0x30630d</run_address>
         <size>0x5</size>
         <input_file_ref idref="fl-36"/>
      </object_component>
      <object_component id="oc-1ea">
         <name>.cinit:_ti_sysbios_knl_Task_Module_State_0_idleTask__A</name>
         <load_address>0x306312</load_address>
         <run_address>0x306312</run_address>
         <size>0x5</size>
         <input_file_ref idref="fl-13"/>
      </object_component>
      <object_component id="oc-1ee">
         <name>.cinit:_ti_sysbios_utils_Load_Module_State_0_runningTask__A</name>
         <load_address>0x306317</load_address>
         <run_address>0x306317</run_address>
         <size>0x5</size>
         <input_file_ref idref="fl-13"/>
      </object_component>
      <object_component id="oc-1ec">
         <name>.cinit:_ti_sysbios_utils_Load_Module_State_0_taskStartTime__A</name>
         <load_address>0x30631c</load_address>
         <run_address>0x30631c</run_address>
         <size>0x5</size>
         <input_file_ref idref="fl-13"/>
      </object_component>
      <object_component id="oc-a5">
         <name>.cinit</name>
         <load_address>0x306321</load_address>
         <run_address>0x306321</run_address>
         <size>0x4</size>
         <input_file_ref idref="fl-a"/>
      </object_component>
      <object_component id="oc-23c">
         <name>.cinit:_SCI_Rx_Mensaje</name>
         <load_address>0x306325</load_address>
         <run_address>0x306325</run_address>
         <size>0x4</size>
         <input_file_ref idref="fl-a"/>
      </object_component>
      <object_component id="oc-3ca">
         <name>.text:_xdc_runtime_System_doPrint__I</name>
         <load_address>0x300042</load_address>
         <run_address>0x300042</run_address>
         <size>0x23b</size>
         <input_file_ref idref="fl-51"/>
      </object_component>
      <object_component id="oc-2b5">
         <name>.text:_ti_sysbios_knl_Semaphore_pend__E</name>
         <load_address>0x30027d</load_address>
         <run_address>0x30027d</run_address>
         <size>0x1da</size>
         <input_file_ref idref="fl-3f"/>
      </object_component>
      <object_component id="oc-236">
         <name>.text:_HIL_HWI_Init</name>
         <load_address>0x300457</load_address>
         <run_address>0x300457</run_address>
         <size>0x1c8</size>
         <input_file_ref idref="fl-a"/>
      </object_component>
      <object_component id="oc-288">
         <name>.text:_ti_sysbios_heaps_HeapMem_freeUnprotected__E</name>
         <load_address>0x30061f</load_address>
         <run_address>0x30061f</run_address>
         <size>0x1a1</size>
         <input_file_ref idref="fl-3f"/>
      </object_component>
      <object_component id="oc-284">
         <name>.text:_ti_sysbios_heaps_HeapMem_allocUnprotected__E</name>
         <load_address>0x3007c0</load_address>
         <run_address>0x3007c0</run_address>
         <size>0x16c</size>
         <input_file_ref idref="fl-3f"/>
      </object_component>
      <object_component id="oc-14f">
         <name>.text</name>
         <load_address>0x30092c</load_address>
         <run_address>0x30092c</run_address>
         <size>0x107</size>
         <input_file_ref idref="fl-40"/>
      </object_component>
      <object_component id="oc-28c">
         <name>.text:_ti_sysbios_heaps_HeapMem_Instance_init__E</name>
         <load_address>0x300a33</load_address>
         <run_address>0x300a33</run_address>
         <size>0xef</size>
         <input_file_ref idref="fl-3f"/>
      </object_component>
      <object_component id="oc-2bf">
         <name>.text:_ti_sysbios_family_c28_Hwi_clearInterrupt__E</name>
         <load_address>0x300b22</load_address>
         <run_address>0x300b22</run_address>
         <size>0xdc</size>
         <input_file_ref idref="fl-3f"/>
      </object_component>
      <object_component id="oc-253">
         <name>.text:_ti_uia_loggers_LoggerStopMode_writeMemoryRange__E</name>
         <load_address>0x300bfe</load_address>
         <run_address>0x300bfe</run_address>
         <size>0xda</size>
         <input_file_ref idref="fl-13"/>
      </object_component>
      <object_component id="oc-248">
         <name>.text:_ti_uia_loggers_LoggerStopMode_write8__E</name>
         <load_address>0x300cd8</load_address>
         <run_address>0x300cd8</run_address>
         <size>0xd9</size>
         <input_file_ref idref="fl-13"/>
      </object_component>
      <object_component id="oc-230">
         <name>.text:_GPIO_Config</name>
         <load_address>0x300db1</load_address>
         <run_address>0x300db1</run_address>
         <size>0xd7</size>
         <input_file_ref idref="fl-d"/>
      </object_component>
      <object_component id="oc-247">
         <name>.text:_ti_uia_loggers_LoggerStopMode_write4__E</name>
         <load_address>0x300e88</load_address>
         <run_address>0x300e88</run_address>
         <size>0xc9</size>
         <input_file_ref idref="fl-13"/>
      </object_component>
      <object_component id="oc-3e6">
         <name>.text:_ti_sysbios_family_c28_Hwi_dispatchCore__I</name>
         <load_address>0x300f51</load_address>
         <run_address>0x300f51</run_address>
         <size>0xc7</size>
         <input_file_ref idref="fl-3f"/>
      </object_component>
      <object_component id="oc-3e4">
         <name>.text:_xdc_runtime_System_printfExtend__I</name>
         <load_address>0x301018</load_address>
         <run_address>0x301018</run_address>
         <size>0xc2</size>
         <input_file_ref idref="fl-13"/>
      </object_component>
      <object_component id="oc-246">
         <name>.text:_ti_uia_loggers_LoggerStopMode_write2__E</name>
         <load_address>0x3010da</load_address>
         <run_address>0x3010da</run_address>
         <size>0xc1</size>
         <input_file_ref idref="fl-13"/>
      </object_component>
      <object_component id="oc-346">
         <name>.text:_ti_sysbios_knl_Semaphore_Instance_init__E</name>
         <load_address>0x30119b</load_address>
         <run_address>0x30119b</run_address>
         <size>0xbf</size>
         <input_file_ref idref="fl-3f"/>
      </object_component>
      <object_component id="oc-245">
         <name>.text:_ti_uia_loggers_LoggerStopMode_write1__E</name>
         <load_address>0x30125a</load_address>
         <run_address>0x30125a</run_address>
         <size>0xbd</size>
         <input_file_ref idref="fl-13"/>
      </object_component>
      <object_component id="oc-2b6">
         <name>.text:_ti_sysbios_knl_Semaphore_post__E</name>
         <load_address>0x301317</load_address>
         <run_address>0x301317</run_address>
         <size>0xb9</size>
         <input_file_ref idref="fl-3f"/>
      </object_component>
      <object_component id="oc-244">
         <name>.text:_ti_uia_loggers_LoggerStopMode_write0__E</name>
         <load_address>0x3013d0</load_address>
         <run_address>0x3013d0</run_address>
         <size>0xb5</size>
         <input_file_ref idref="fl-13"/>
      </object_component>
      <object_component id="oc-3a9">
         <name>.text:_ti_sysbios_family_c28_Hwi_dispatchZero</name>
         <load_address>0x301485</load_address>
         <run_address>0x301485</run_address>
         <size>0xb1</size>
         <input_file_ref idref="fl-41"/>
      </object_component>
      <object_component id="oc-212">
         <name>.text:_ti_sysbios_knl_Clock_workFunc__E</name>
         <load_address>0x301536</load_address>
         <run_address>0x301536</run_address>
         <size>0xb1</size>
         <input_file_ref idref="fl-3f"/>
      </object_component>
      <object_component id="oc-33d">
         <name>.text:_ti_sysbios_knl_Swi_run__I</name>
         <load_address>0x3015e7</load_address>
         <run_address>0x3015e7</run_address>
         <size>0xa7</size>
         <input_file_ref idref="fl-3f"/>
      </object_component>
      <object_component id="oc-28b">
         <name>.text:_xdc_runtime_Core_createObject__I</name>
         <load_address>0x30168e</load_address>
         <run_address>0x30168e</run_address>
         <size>0xa0</size>
         <input_file_ref idref="fl-4b"/>
      </object_component>
      <object_component id="oc-3bb">
         <name>.text</name>
         <load_address>0x30172e</load_address>
         <run_address>0x30172e</run_address>
         <size>0x95</size>
         <input_file_ref idref="fl-32"/>
      </object_component>
      <object_component id="oc-2c0">
         <name>.text:_ti_sysbios_family_c28_Hwi_enableInterrupt__E</name>
         <load_address>0x3017c3</load_address>
         <run_address>0x3017c3</run_address>
         <size>0x8e</size>
         <input_file_ref idref="fl-3f"/>
      </object_component>
      <object_component id="oc-345">
         <name>.text:_xdc_runtime_Core_constructObject__I</name>
         <load_address>0x301851</load_address>
         <run_address>0x301851</run_address>
         <size>0x8d</size>
         <input_file_ref idref="fl-4a"/>
      </object_component>
      <object_component id="oc-27f">
         <name>.text:_ti_sysbios_knl_Task_startCore__E</name>
         <load_address>0x3018de</load_address>
         <run_address>0x3018de</run_address>
         <size>0x8b</size>
         <input_file_ref idref="fl-3f"/>
      </object_component>
      <object_component id="oc-ef">
         <name>.text</name>
         <load_address>0x301969</load_address>
         <run_address>0x301969</run_address>
         <size>0x88</size>
         <input_file_ref idref="fl-2d"/>
      </object_component>
      <object_component id="oc-3a2">
         <name>.text:_ti_sysbios_utils_Load_updateThreadContexts__E</name>
         <load_address>0x3019f1</load_address>
         <run_address>0x3019f1</run_address>
         <size>0x87</size>
         <input_file_ref idref="fl-3f"/>
      </object_component>
      <object_component id="oc-1d3">
         <name>.text:_Buck_Euler</name>
         <load_address>0x301a78</load_address>
         <run_address>0x301a78</run_address>
         <size>0x85</size>
         <input_file_ref idref="fl-a"/>
      </object_component>
      <object_component id="oc-e5">
         <name>.text</name>
         <load_address>0x301afd</load_address>
         <run_address>0x301afd</run_address>
         <size>0x83</size>
         <input_file_ref idref="fl-2b"/>
      </object_component>
      <object_component id="oc-324">
         <name>.text:_ti_sysbios_knl_Task_schedule__I</name>
         <load_address>0x301b80</load_address>
         <run_address>0x301b80</run_address>
         <size>0x82</size>
         <input_file_ref idref="fl-3f"/>
      </object_component>
      <object_component id="oc-3cd">
         <name>.text:_ti_sysbios_family_c28_Hwi_disableInterrupt__E</name>
         <load_address>0x301c02</load_address>
         <run_address>0x301c02</run_address>
         <size>0x81</size>
         <input_file_ref idref="fl-3f"/>
      </object_component>
      <object_component id="oc-321">
         <name>.text:_ti_sysbios_family_c28_Hwi_disablePIEIER__E</name>
         <load_address>0x301c83</load_address>
         <run_address>0x301c83</run_address>
         <size>0x7f</size>
         <input_file_ref idref="fl-3f"/>
      </object_component>
      <object_component id="oc-299">
         <name>.text:_ti_sysbios_family_c28_Hwi_enablePIEIER__E</name>
         <load_address>0x301d02</load_address>
         <run_address>0x301d02</run_address>
         <size>0x7e</size>
         <input_file_ref idref="fl-3f"/>
      </object_component>
      <object_component id="oc-392">
         <name>.text:_ti_sysbios_knl_Task_postInit__I</name>
         <load_address>0x301d80</load_address>
         <run_address>0x301d80</run_address>
         <size>0x7c</size>
         <input_file_ref idref="fl-3f"/>
      </object_component>
      <object_component id="oc-2c9">
         <name>.text:_ti_sysbios_knl_Task_checkStacks__E</name>
         <load_address>0x301dfc</load_address>
         <run_address>0x301dfc</run_address>
         <size>0x75</size>
         <input_file_ref idref="fl-3f"/>
      </object_component>
      <object_component id="oc-37d">
         <name>.text:_ti_sysbios_utils_Load_updateLoads__E</name>
         <load_address>0x301e71</load_address>
         <run_address>0x301e71</run_address>
         <size>0x74</size>
         <input_file_ref idref="fl-3f"/>
      </object_component>
      <object_component id="oc-2ac">
         <name>.text:_ti_uia_loggers_LoggerStopMode_flush__E</name>
         <load_address>0x301ee5</load_address>
         <run_address>0x301ee5</run_address>
         <size>0x73</size>
         <input_file_ref idref="fl-45"/>
      </object_component>
      <object_component id="oc-295">
         <name>.text:_xdc_runtime_Startup_startMods__I</name>
         <load_address>0x301f58</load_address>
         <run_address>0x301f58</run_address>
         <size>0x72</size>
         <input_file_ref idref="fl-4f"/>
      </object_component>
      <object_component id="oc-266">
         <name>.text:_ti_sysbios_gates_GateMutex_enter__E</name>
         <load_address>0x301fca</load_address>
         <run_address>0x301fca</run_address>
         <size>0x71</size>
         <input_file_ref idref="fl-3f"/>
      </object_component>
      <object_component id="oc-3ae">
         <name>.text:_ti_sysbios_knl_Task_exit__E</name>
         <load_address>0x30203b</load_address>
         <run_address>0x30203b</run_address>
         <size>0x6f</size>
         <input_file_ref idref="fl-3f"/>
      </object_component>
      <object_component id="oc-4b">
         <name>.text</name>
         <load_address>0x3020aa</load_address>
         <run_address>0x3020aa</run_address>
         <size>0x69</size>
         <input_file_ref idref="fl-34"/>
      </object_component>
      <object_component id="oc-3aa">
         <name>.text:_ti_sysbios_family_c28_Timer_stopAndClear__I</name>
         <load_address>0x302113</load_address>
         <run_address>0x302113</run_address>
         <size>0x67</size>
         <input_file_ref idref="fl-3f"/>
      </object_component>
      <object_component id="oc-373">
         <name>.text:_ti_sysbios_knl_Task_setHookContext__E</name>
         <load_address>0x30217a</load_address>
         <run_address>0x30217a</run_address>
         <size>0x67</size>
         <input_file_ref idref="fl-3f"/>
      </object_component>
      <object_component id="oc-332">
         <name>.text:_ti_sysbios_utils_Load_idleFxn__E</name>
         <load_address>0x3021e1</load_address>
         <run_address>0x3021e1</run_address>
         <size>0x67</size>
         <input_file_ref idref="fl-3f"/>
      </object_component>
      <object_component id="oc-297">
         <name>.text:_ti_sysbios_family_c28_Hwi_plug__E</name>
         <load_address>0x302248</load_address>
         <run_address>0x302248</run_address>
         <size>0x66</size>
         <input_file_ref idref="fl-3f"/>
      </object_component>
      <object_component id="oc-316">
         <name>.text:_ti_sysbios_knl_Task_blockI__E</name>
         <load_address>0x3022ae</load_address>
         <run_address>0x3022ae</run_address>
         <size>0x61</size>
         <input_file_ref idref="fl-3f"/>
      </object_component>
      <object_component id="oc-3be">
         <name>.text:_ti_sysbios_utils_Load_logLoads__I</name>
         <load_address>0x30230f</load_address>
         <run_address>0x30230f</run_address>
         <size>0x61</size>
         <input_file_ref idref="fl-3f"/>
      </object_component>
      <object_component id="oc-240">
         <name>.text:_ti_sysbios_knl_Swi_post__E</name>
         <load_address>0x302370</load_address>
         <run_address>0x302370</run_address>
         <size>0x60</size>
         <input_file_ref idref="fl-3f"/>
      </object_component>
      <object_component id="oc-290">
         <name>.text:_xdc_runtime_Error_policyDefault__E</name>
         <load_address>0x3023d0</load_address>
         <run_address>0x3023d0</run_address>
         <size>0x60</size>
         <input_file_ref idref="fl-4c"/>
      </object_component>
      <object_component id="oc-37f">
         <name>.text:_xdc_runtime_Text_putSite__E</name>
         <load_address>0x302430</load_address>
         <run_address>0x302430</run_address>
         <size>0x60</size>
         <input_file_ref idref="fl-53"/>
      </object_component>
      <object_component id="oc-22f">
         <name>.text:_InitPeripheralClocks</name>
         <load_address>0x302490</load_address>
         <run_address>0x302490</run_address>
         <size>0x5b</size>
         <input_file_ref idref="fl-8"/>
      </object_component>
      <object_component id="oc-397">
         <name>.text:_ti_uia_loggers_LoggerStopMode_initQueueDescriptor__E</name>
         <load_address>0x3024eb</load_address>
         <run_address>0x3024eb</run_address>
         <size>0x58</size>
         <input_file_ref idref="fl-45"/>
      </object_component>
      <object_component id="oc-31a">
         <name>.text:_ti_sysbios_knl_Task_unblockI__E</name>
         <load_address>0x302543</load_address>
         <run_address>0x302543</run_address>
         <size>0x54</size>
         <input_file_ref idref="fl-3f"/>
      </object_component>
      <object_component id="oc-21c">
         <name>.text:_ti_sysbios_utils_Load_startup__E</name>
         <load_address>0x302597</load_address>
         <run_address>0x302597</run_address>
         <size>0x4c</size>
         <input_file_ref idref="fl-3f"/>
      </object_component>
      <object_component id="oc-35d">
         <name>.text:_ti_sysbios_family_c28_Hwi_Module_startup__E</name>
         <load_address>0x3025e3</load_address>
         <run_address>0x3025e3</run_address>
         <size>0x47</size>
         <input_file_ref idref="fl-3f"/>
      </object_component>
      <object_component id="oc-361">
         <name>.text:_ti_sysbios_knl_Task_Module_startup__E</name>
         <load_address>0x30262a</load_address>
         <run_address>0x30262a</run_address>
         <size>0x47</size>
         <input_file_ref idref="fl-3f"/>
      </object_component>
      <object_component id="oc-33f">
         <name>.text:_ti_sysbios_family_c28_TimestampProvider_get64__E</name>
         <load_address>0x302671</load_address>
         <run_address>0x302671</run_address>
         <size>0x45</size>
         <input_file_ref idref="fl-3f"/>
      </object_component>
      <object_component id="oc-34c">
         <name>.text:_ti_sysbios_utils_Load_taskCreateHook__E</name>
         <load_address>0x3026b6</load_address>
         <run_address>0x3026b6</run_address>
         <size>0x43</size>
         <input_file_ref idref="fl-3f"/>
      </object_component>
      <object_component id="oc-14a">
         <name>.text:_ti_sysbios_family_c28_Hwi_unPluggedInterrupt__I</name>
         <load_address>0x3026f9</load_address>
         <run_address>0x3026f9</run_address>
         <size>0x42</size>
         <input_file_ref idref="fl-3f"/>
      </object_component>
      <object_component id="oc-3e9">
         <name>.text:_xdc_runtime_Text_putLab__E</name>
         <load_address>0x30273b</load_address>
         <run_address>0x30273b</run_address>
         <size>0x41</size>
         <input_file_ref idref="fl-53"/>
      </object_component>
      <object_component id="oc-34f">
         <name>.text:_xdc_runtime_Memory_alloc__E</name>
         <load_address>0x30277c</load_address>
         <run_address>0x30277c</run_address>
         <size>0x40</size>
         <input_file_ref idref="fl-4e"/>
      </object_component>
      <object_component id="oc-375">
         <name>.text:_ti_sysbios_utils_Load_addTask__E</name>
         <load_address>0x3027bc</load_address>
         <run_address>0x3027bc</run_address>
         <size>0x3f</size>
         <input_file_ref idref="fl-3f"/>
      </object_component>
      <object_component id="oc-38a">
         <name>.text:_ti_sysbios_family_c28_Timer_postInit__I</name>
         <load_address>0x3027fb</load_address>
         <run_address>0x3027fb</run_address>
         <size>0x3e</size>
         <input_file_ref idref="fl-3f"/>
      </object_component>
      <object_component id="oc-28d">
         <name>.text:_xdc_runtime_Core_deleteObject__I</name>
         <load_address>0x302839</load_address>
         <run_address>0x302839</run_address>
         <size>0x3e</size>
         <input_file_ref idref="fl-4b"/>
      </object_component>
      <object_component id="oc-3b8">
         <name>.text:_ti_uia_runtime_QueueDescriptor_addToList__E</name>
         <load_address>0x302877</load_address>
         <run_address>0x302877</run_address>
         <size>0x3d</size>
         <input_file_ref idref="fl-46"/>
      </object_component>
      <object_component id="oc-3f0">
         <name>.text:_ti_sysbios_knl_Swi_restoreHwi__E</name>
         <load_address>0x3028b4</load_address>
         <run_address>0x3028b4</run_address>
         <size>0x3c</size>
         <input_file_ref idref="fl-3f"/>
      </object_component>
      <object_component id="oc-200">
         <name>.text:_main</name>
         <load_address>0x3028f0</load_address>
         <run_address>0x3028f0</run_address>
         <size>0x3a</size>
         <input_file_ref idref="fl-f"/>
      </object_component>
      <object_component id="oc-3a1">
         <name>.text:_ti_sysbios_utils_Load_updateCurrentThreadTime__E</name>
         <load_address>0x30292a</load_address>
         <run_address>0x30292a</run_address>
         <size>0x3a</size>
         <input_file_ref idref="fl-3f"/>
      </object_component>
      <object_component id="oc-3d0">
         <name>.text:_ti_sysbios_family_c28_TaskSupport_start__E</name>
         <load_address>0x302964</load_address>
         <run_address>0x302964</run_address>
         <size>0x39</size>
         <input_file_ref idref="fl-3f"/>
      </object_component>
      <object_component id="oc-3a3">
         <name>.text:_ti_sysbios_utils_Load_logCPULoad__I</name>
         <load_address>0x30299d</load_address>
         <run_address>0x30299d</run_address>
         <size>0x38</size>
         <input_file_ref idref="fl-3f"/>
      </object_component>
      <object_component id="oc-3a4">
         <name>.text:_xdc_runtime_Text_putMod__E</name>
         <load_address>0x3029d5</load_address>
         <run_address>0x3029d5</run_address>
         <size>0x38</size>
         <input_file_ref idref="fl-53"/>
      </object_component>
      <object_component id="oc-23e">
         <name>.text:_ti_sysbios_knl_Clock_logTick__E</name>
         <load_address>0x302a0d</load_address>
         <run_address>0x302a0d</run_address>
         <size>0x37</size>
         <input_file_ref idref="fl-3f"/>
      </object_component>
      <object_component id="oc-39a">
         <name>.text</name>
         <load_address>0x302a44</load_address>
         <run_address>0x302a44</run_address>
         <size>0x37</size>
         <input_file_ref idref="fl-2f"/>
      </object_component>
      <object_component id="oc-35c">
         <name>.text:_ti_sysbios_family_c28_TimestampProvider_Module_startup__E</name>
         <load_address>0x302a7b</load_address>
         <run_address>0x302a7b</run_address>
         <size>0x36</size>
         <input_file_ref idref="fl-3f"/>
      </object_component>
      <object_component id="oc-3db">
         <name>.text:_xdc_runtime_System_formatNum__I</name>
         <load_address>0x302ab1</load_address>
         <run_address>0x302ab1</run_address>
         <size>0x35</size>
         <input_file_ref idref="fl-51"/>
      </object_component>
      <object_component id="oc-34d">
         <name>.text:_ti_sysbios_utils_Load_taskSwitchHook__E</name>
         <load_address>0x302ae6</load_address>
         <run_address>0x302ae6</run_address>
         <size>0x34</size>
         <input_file_ref idref="fl-3f"/>
      </object_component>
      <object_component id="oc-326">
         <name>.text:_ti_sysbios_family_c28_TimestampProvider_get32__E</name>
         <load_address>0x302b1a</load_address>
         <run_address>0x302b1a</run_address>
         <size>0x33</size>
         <input_file_ref idref="fl-3f"/>
      </object_component>
      <object_component id="oc-3bd">
         <name>.text:_ti_sysbios_family_c28_Timer_getFreq__E</name>
         <load_address>0x302b4d</load_address>
         <run_address>0x302b4d</run_address>
         <size>0x31</size>
         <input_file_ref idref="fl-3f"/>
      </object_component>
      <object_component id="oc-221">
         <name>.text:_ti_sysbios_heaps_HeapMem_alloc__E</name>
         <load_address>0x302b7e</load_address>
         <run_address>0x302b7e</run_address>
         <size>0x31</size>
         <input_file_ref idref="fl-3f"/>
      </object_component>
      <object_component id="oc-357">
         <name>.text:_xdc_runtime_Error_print__E</name>
         <load_address>0x302baf</load_address>
         <run_address>0x302baf</run_address>
         <size>0x31</size>
         <input_file_ref idref="fl-4c"/>
      </object_component>
      <object_component id="oc-2a8">
         <name>.text:_ti_sysbios_knl_Swi_schedule__I</name>
         <load_address>0x302be0</load_address>
         <run_address>0x302be0</run_address>
         <size>0x30</size>
         <input_file_ref idref="fl-3f"/>
      </object_component>
      <object_component id="oc-363">
         <name>.text:_ti_uia_loggers_LoggerStopMode_Module_startup__E</name>
         <load_address>0x302c10</load_address>
         <run_address>0x302c10</run_address>
         <size>0x2f</size>
         <input_file_ref idref="fl-45"/>
      </object_component>
      <object_component id="oc-2e1">
         <name>.text:_xdc_runtime_Core_assignParams__I</name>
         <load_address>0x302c3f</load_address>
         <run_address>0x302c3f</run_address>
         <size>0x2f</size>
         <input_file_ref idref="fl-49"/>
      </object_component>
      <object_component id="oc-1cf">
         <name>.text:_xdc_runtime_Startup_exec__E</name>
         <load_address>0x302c6e</load_address>
         <run_address>0x302c6e</run_address>
         <size>0x2f</size>
         <input_file_ref idref="fl-4f"/>
      </object_component>
      <object_component id="oc-1fb">
         <name>.text:.bootCodeSection:_ti_catalog_c2800_init_Boot_configurePll2802x</name>
         <load_address>0x302c9d</load_address>
         <run_address>0x302c9d</run_address>
         <size>0x2e</size>
         <input_file_ref idref="fl-3e"/>
      </object_component>
      <object_component id="oc-338">
         <name>.text:_ti_sysbios_family_c28_Hwi_getStackInfo__E</name>
         <load_address>0x302ccb</load_address>
         <run_address>0x302ccb</run_address>
         <size>0x2e</size>
         <input_file_ref idref="fl-3f"/>
      </object_component>
      <object_component id="oc-303">
         <name>.text:_ti_sysbios_knl_Swi_runLoop__I</name>
         <load_address>0x302cf9</load_address>
         <run_address>0x302cf9</run_address>
         <size>0x2e</size>
         <input_file_ref idref="fl-3f"/>
      </object_component>
      <object_component id="oc-371">
         <name>.text:_ti_sysbios_family_c28_Hwi_getInterruptFlag__E</name>
         <load_address>0x302d27</load_address>
         <run_address>0x302d27</run_address>
         <size>0x2d</size>
         <input_file_ref idref="fl-3f"/>
      </object_component>
      <object_component id="oc-275">
         <name>.text:_ti_sysbios_family_c28_Timer_start__E</name>
         <load_address>0x302d54</load_address>
         <run_address>0x302d54</run_address>
         <size>0x2d</size>
         <input_file_ref idref="fl-3f"/>
      </object_component>
      <object_component id="oc-224">
         <name>.text:_ti_sysbios_heaps_HeapMem_getStats__E</name>
         <load_address>0x302d81</load_address>
         <run_address>0x302d81</run_address>
         <size>0x2d</size>
         <input_file_ref idref="fl-3f"/>
      </object_component>
      <object_component id="oc-27d">
         <name>.text:_xdc_runtime_Assert_raise__I</name>
         <load_address>0x302dae</load_address>
         <run_address>0x302dae</run_address>
         <size>0x2d</size>
         <input_file_ref idref="fl-47"/>
      </object_component>
      <object_component id="oc-2ea">
         <name>.text:_xdc_runtime_Error_setX__E</name>
         <load_address>0x302ddb</load_address>
         <run_address>0x302ddb</run_address>
         <size>0x2d</size>
         <input_file_ref idref="fl-4c"/>
      </object_component>
      <object_component id="oc-3e3">
         <name>.text:_xdc_runtime_Text_visitRope2__I</name>
         <load_address>0x302e08</load_address>
         <run_address>0x302e08</run_address>
         <size>0x2d</size>
         <input_file_ref idref="fl-53"/>
      </object_component>
      <object_component id="oc-234">
         <name>.text:_ADC_Config</name>
         <load_address>0x302e35</load_address>
         <run_address>0x302e35</run_address>
         <size>0x2b</size>
         <input_file_ref idref="fl-c"/>
      </object_component>
      <object_component id="oc-34e">
         <name>.text:_ti_sysbios_utils_Load_taskDeleteHook__E</name>
         <load_address>0x302e60</load_address>
         <run_address>0x302e60</run_address>
         <size>0x29</size>
         <input_file_ref idref="fl-3f"/>
      </object_component>
      <object_component id="oc-3a5">
         <name>.text:_xdc_runtime_Text_xprintf__I</name>
         <load_address>0x302e89</load_address>
         <run_address>0x302e89</run_address>
         <size>0x29</size>
         <input_file_ref idref="fl-53"/>
      </object_component>
      <object_component id="oc-29d">
         <name>.text</name>
         <load_address>0x302eb2</load_address>
         <run_address>0x302eb2</run_address>
         <size>0x29</size>
         <input_file_ref idref="fl-52"/>
      </object_component>
      <object_component id="oc-36c">
         <name>.text:_ti_sysbios_family_c28_Timer_getExpiredCounts64__E</name>
         <load_address>0x302edb</load_address>
         <run_address>0x302edb</run_address>
         <size>0x28</size>
         <input_file_ref idref="fl-3f"/>
      </object_component>
      <object_component id="oc-23d">
         <name>.text:_IQ_txt</name>
         <load_address>0x302f03</load_address>
         <run_address>0x302f03</run_address>
         <size>0x27</size>
         <input_file_ref idref="fl-a"/>
      </object_component>
      <object_component id="oc-293">
         <name>.text:_ti_sysbios_heaps_HeapMem_init__I</name>
         <load_address>0x302f2a</load_address>
         <run_address>0x302f2a</run_address>
         <size>0x27</size>
         <input_file_ref idref="fl-3f"/>
      </object_component>
      <object_component id="oc-376">
         <name>.text:_ti_sysbios_utils_Load_removeTask__E</name>
         <load_address>0x302f51</load_address>
         <run_address>0x302f51</run_address>
         <size>0x26</size>
         <input_file_ref idref="fl-3f"/>
      </object_component>
      <object_component id="oc-252">
         <name>.text:_ti_uia_loggers_LoggerStopMode_reset__E</name>
         <load_address>0x302f77</load_address>
         <run_address>0x302f77</run_address>
         <size>0x26</size>
         <input_file_ref idref="fl-45"/>
      </object_component>
      <object_component id="oc-302">
         <name>.text:_xdc_runtime_SysMin_flush__E</name>
         <load_address>0x302f9d</load_address>
         <run_address>0x302f9d</run_address>
         <size>0x26</size>
         <input_file_ref idref="fl-50"/>
      </object_component>
      <object_component id="oc-3e2">
         <name>.text:_ti_sysbios_family_c28_TaskSupport_buildTaskStack</name>
         <load_address>0x302fc3</load_address>
         <run_address>0x302fc3</run_address>
         <size>0x25</size>
         <input_file_ref idref="fl-44"/>
      </object_component>
      <object_component id="oc-349">
         <name>.text:_ti_sysbios_family_c28_Timer_getExpiredCounts__E</name>
         <load_address>0x302fe8</load_address>
         <run_address>0x302fe8</run_address>
         <size>0x25</size>
         <input_file_ref idref="fl-3f"/>
      </object_component>
      <object_component id="oc-308">
         <name>.text:_ti_uia_loggers_LoggerStopMode_initBuffer__I</name>
         <load_address>0x30300d</load_address>
         <run_address>0x30300d</run_address>
         <size>0x25</size>
         <input_file_ref idref="fl-45"/>
      </object_component>
      <object_component id="oc-1ce">
         <name>.text</name>
         <load_address>0x303032</load_address>
         <run_address>0x303032</run_address>
         <size>0x24</size>
         <input_file_ref idref="fl-39"/>
      </object_component>
      <object_component id="oc-201">
         <name>.text:_xdc_runtime_System_processAtExit__E</name>
         <load_address>0x303056</load_address>
         <run_address>0x303056</run_address>
         <size>0x23</size>
         <input_file_ref idref="fl-51"/>
      </object_component>
      <object_component id="oc-296">
         <name>.text:_PWM1A_config</name>
         <load_address>0x303079</load_address>
         <run_address>0x303079</run_address>
         <size>0x22</size>
         <input_file_ref idref="fl-b"/>
      </object_component>
      <object_component id="oc-205">
         <name>.text:_Sci_Rx</name>
         <load_address>0x30309b</load_address>
         <run_address>0x30309b</run_address>
         <size>0x21</size>
         <input_file_ref idref="fl-a"/>
      </object_component>
      <object_component id="oc-3df">
         <name>.text:_ti_sysbios_family_c28_Hwi_disableIER__E</name>
         <load_address>0x3030bc</load_address>
         <run_address>0x3030bc</run_address>
         <size>0x20</size>
         <input_file_ref idref="fl-13"/>
      </object_component>
      <object_component id="oc-3ac">
         <name>.text:_ti_sysbios_family_c28_Timer_setPrescale__E</name>
         <load_address>0x3030dc</load_address>
         <run_address>0x3030dc</run_address>
         <size>0x20</size>
         <input_file_ref idref="fl-3f"/>
      </object_component>
      <object_component id="oc-217">
         <name>.text:_xdc_runtime_System_atexit__E</name>
         <load_address>0x3030fc</load_address>
         <run_address>0x3030fc</run_address>
         <size>0x20</size>
         <input_file_ref idref="fl-51"/>
      </object_component>
      <object_component id="oc-2c7">
         <name>.text:_ti_sysbios_knl_Task_allBlockedFunction__I</name>
         <load_address>0x30311c</load_address>
         <run_address>0x30311c</run_address>
         <size>0x1f</size>
         <input_file_ref idref="fl-3f"/>
      </object_component>
      <object_component id="oc-ea">
         <name>.text</name>
         <load_address>0x30313b</load_address>
         <run_address>0x30313b</run_address>
         <size>0x1f</size>
         <input_file_ref idref="fl-2c"/>
      </object_component>
      <object_component id="oc-32d">
         <name>.text:_ti_sysbios_family_c28_TaskSupport_swap__E</name>
         <load_address>0x30315a</load_address>
         <run_address>0x30315a</run_address>
         <size>0x1d</size>
         <input_file_ref idref="fl-44"/>
      </object_component>
      <object_component id="oc-365">
         <name>.text:_ti_sysbios_gates_GateHwi_Object__create__S</name>
         <load_address>0x303177</load_address>
         <run_address>0x303177</run_address>
         <size>0x1d</size>
         <input_file_ref idref="fl-13"/>
      </object_component>
      <object_component id="oc-268">
         <name>.text:_ti_sysbios_gates_GateMutex_Object__create__S</name>
         <load_address>0x303194</load_address>
         <run_address>0x303194</run_address>
         <size>0x1d</size>
         <input_file_ref idref="fl-13"/>
      </object_component>
      <object_component id="oc-225">
         <name>.text:_ti_sysbios_heaps_HeapMem_Object__create__S</name>
         <load_address>0x3031b1</load_address>
         <run_address>0x3031b1</run_address>
         <size>0x1d</size>
         <input_file_ref idref="fl-13"/>
      </object_component>
      <object_component id="oc-31d">
         <name>.text:_ti_sysbios_knl_Semaphore_construct</name>
         <load_address>0x3031ce</load_address>
         <run_address>0x3031ce</run_address>
         <size>0x1d</size>
         <input_file_ref idref="fl-13"/>
      </object_component>
      <object_component id="oc-254">
         <name>.text:_ti_uia_loggers_LoggerStopMode_Object__create__S</name>
         <load_address>0x3031eb</load_address>
         <run_address>0x3031eb</run_address>
         <size>0x1d</size>
         <input_file_ref idref="fl-13"/>
      </object_component>
      <object_component id="oc-2ec">
         <name>.text:_xdc_runtime_Error_policyLog__I</name>
         <load_address>0x303208</load_address>
         <run_address>0x303208</run_address>
         <size>0x1d</size>
         <input_file_ref idref="fl-13"/>
      </object_component>
      <object_component id="oc-382">
         <name>.text:_xdc_runtime_SysMin_putch__E</name>
         <load_address>0x303225</load_address>
         <run_address>0x303225</run_address>
         <size>0x1d</size>
         <input_file_ref idref="fl-50"/>
      </object_component>
      <object_component id="oc-1fc">
         <name>.text</name>
         <load_address>0x303242</load_address>
         <run_address>0x303242</run_address>
         <size>0x1d</size>
         <input_file_ref idref="fl-3a"/>
      </object_component>
      <object_component id="oc-298">
         <name>.text:_ti_sysbios_family_c28_Hwi_enableIER__E</name>
         <load_address>0x30325f</load_address>
         <run_address>0x30325f</run_address>
         <size>0x1c</size>
         <input_file_ref idref="fl-13"/>
      </object_component>
      <object_component id="oc-333">
         <name>.text:_ti_sysbios_hal_Hwi_checkStack</name>
         <load_address>0x30327b</load_address>
         <run_address>0x30327b</run_address>
         <size>0x1c</size>
         <input_file_ref idref="fl-3f"/>
      </object_component>
      <object_component id="oc-222">
         <name>.text:_ti_sysbios_heaps_HeapMem_free__E</name>
         <load_address>0x303297</load_address>
         <run_address>0x303297</run_address>
         <size>0x1c</size>
         <input_file_ref idref="fl-3f"/>
      </object_component>
      <object_component id="oc-311">
         <name>.text:_ti_sysbios_knl_Semaphore_pendTimeout__I</name>
         <load_address>0x3032b3</load_address>
         <run_address>0x3032b3</run_address>
         <size>0x1c</size>
         <input_file_ref idref="fl-3f"/>
      </object_component>
      <object_component id="oc-3cf">
         <name>.text:_ti_sysbios_knl_Task_processVitalTaskFlag__I</name>
         <load_address>0x3032cf</load_address>
         <run_address>0x3032cf</run_address>
         <size>0x1c</size>
         <input_file_ref idref="fl-3f"/>
      </object_component>
      <object_component id="oc-3d5">
         <name>.text:_ti_sysbios_utils_Load_getTaskLoad__E</name>
         <load_address>0x3032eb</load_address>
         <run_address>0x3032eb</run_address>
         <size>0x1c</size>
         <input_file_ref idref="fl-3f"/>
      </object_component>
      <object_component id="oc-368">
         <name>.text:_xdc_runtime_SysMin_output__I</name>
         <load_address>0x303307</load_address>
         <run_address>0x303307</run_address>
         <size>0x1c</size>
         <input_file_ref idref="fl-13"/>
      </object_component>
      <object_component id="oc-f4">
         <name>.text</name>
         <load_address>0x303323</load_address>
         <run_address>0x303323</run_address>
         <size>0x1c</size>
         <input_file_ref idref="fl-2e"/>
      </object_component>
      <object_component id="oc-258">
         <name>.text:_ti_sysbios_family_c28_Hwi_restore__E</name>
         <load_address>0x30333f</load_address>
         <run_address>0x30333f</run_address>
         <size>0x1b</size>
         <input_file_ref idref="fl-13"/>
      </object_component>
      <object_component id="oc-3dd">
         <name>.text:_ti_sysbios_family_c28_Hwi_switchAndDispatch__I</name>
         <load_address>0x30335a</load_address>
         <run_address>0x30335a</run_address>
         <size>0x1b</size>
         <input_file_ref idref="fl-42"/>
      </object_component>
      <object_component id="oc-294">
         <name>.text:_ti_sysbios_hal_Hwi_initStack</name>
         <load_address>0x303375</load_address>
         <run_address>0x303375</run_address>
         <size>0x1b</size>
         <input_file_ref idref="fl-3f"/>
      </object_component>
      <object_component id="oc-233">
         <name>.text:_GPIO_SCIa_Config</name>
         <load_address>0x303390</load_address>
         <run_address>0x303390</run_address>
         <size>0x1a</size>
         <input_file_ref idref="fl-d"/>
      </object_component>
      <object_component id="oc-3a7">
         <name>.text:_xdc_runtime_System_avprintf__E</name>
         <load_address>0x3033aa</load_address>
         <run_address>0x3033aa</run_address>
         <size>0x1a</size>
         <input_file_ref idref="fl-51"/>
      </object_component>
      <object_component id="oc-235">
         <name>.text:_SCIA_Config</name>
         <load_address>0x3033c4</load_address>
         <run_address>0x3033c4</run_address>
         <size>0x19</size>
         <input_file_ref idref="fl-e"/>
      </object_component>
      <object_component id="oc-36f">
         <name>.text:_ti_sysbios_knl_Queue_construct</name>
         <load_address>0x3033dd</load_address>
         <run_address>0x3033dd</run_address>
         <size>0x19</size>
         <input_file_ref idref="fl-13"/>
      </object_component>
      <object_component id="oc-28e">
         <name>.text:_xdc_runtime_Core_assignLabel__I</name>
         <load_address>0x3033f6</load_address>
         <run_address>0x3033f6</run_address>
         <size>0x19</size>
         <input_file_ref idref="fl-48"/>
      </object_component>
      <object_component id="oc-3a8">
         <name>.text:_xdc_runtime_System_vprintf__E</name>
         <load_address>0x30340f</load_address>
         <run_address>0x30340f</run_address>
         <size>0x19</size>
         <input_file_ref idref="fl-51"/>
      </object_component>
      <object_component id="oc-322">
         <name>.text:_ti_sysbios_family_c28_Hwi_restoreIER__E</name>
         <load_address>0x303428</load_address>
         <run_address>0x303428</run_address>
         <size>0x18</size>
         <input_file_ref idref="fl-13"/>
      </object_component>
      <object_component id="oc-304">
         <name>.text:_ti_sysbios_family_xxx_Hwi_switchAndRunFunc</name>
         <load_address>0x303440</load_address>
         <run_address>0x303440</run_address>
         <size>0x18</size>
         <input_file_ref idref="fl-42"/>
      </object_component>
      <object_component id="oc-277">
         <name>.text:_ti_sysbios_knl_Swi_restore__E</name>
         <load_address>0x303458</load_address>
         <run_address>0x303458</run_address>
         <size>0x18</size>
         <input_file_ref idref="fl-3f"/>
      </object_component>
      <object_component id="oc-3dc">
         <name>.text:_xdc_runtime_System_putchar__I</name>
         <load_address>0x303470</load_address>
         <run_address>0x303470</run_address>
         <size>0x18</size>
         <input_file_ref idref="fl-51"/>
      </object_component>
      <object_component id="oc-1e4">
         <name>.text:_ti_sysbios_BIOS_startFunc__I</name>
         <load_address>0x303488</load_address>
         <run_address>0x303488</run_address>
         <size>0x17</size>
         <input_file_ref idref="fl-13"/>
      </object_component>
      <object_component id="oc-219">
         <name>.text:_ti_sysbios_family_c28_Timer_startup__E</name>
         <load_address>0x30349f</load_address>
         <run_address>0x30349f</run_address>
         <size>0x17</size>
         <input_file_ref idref="fl-3f"/>
      </object_component>
      <object_component id="oc-209">
         <name>.text:_ti_sysbios_knl_Clock_doTick__I</name>
         <load_address>0x3034b6</load_address>
         <run_address>0x3034b6</run_address>
         <size>0x17</size>
         <input_file_ref idref="fl-13"/>
      </object_component>
      <object_component id="oc-32e">
         <name>.text:_xdc_runtime_Memory_valloc__E</name>
         <load_address>0x3034cd</load_address>
         <run_address>0x3034cd</run_address>
         <size>0x17</size>
         <input_file_ref idref="fl-4e"/>
      </object_component>
      <object_component id="oc-358">
         <name>.text:_xdc_runtime_SysMin_abort__E</name>
         <load_address>0x3034e4</load_address>
         <run_address>0x3034e4</run_address>
         <size>0x17</size>
         <input_file_ref idref="fl-50"/>
      </object_component>
      <object_component id="oc-231">
         <name>.text:_GPIO_LED2_Config</name>
         <load_address>0x3034fb</load_address>
         <run_address>0x3034fb</run_address>
         <size>0x16</size>
         <input_file_ref idref="fl-d"/>
      </object_component>
      <object_component id="oc-216">
         <name>.text:_ti_sysbios_BIOS_atExitFunc__I</name>
         <load_address>0x303511</load_address>
         <run_address>0x303511</run_address>
         <size>0x16</size>
         <input_file_ref idref="fl-13"/>
      </object_component>
      <object_component id="oc-35e">
         <name>.text:_ti_sysbios_family_c28_Timer_Module_startup__E</name>
         <load_address>0x303527</load_address>
         <run_address>0x303527</run_address>
         <size>0x16</size>
         <input_file_ref idref="fl-3f"/>
      </object_component>
      <object_component id="oc-3c7">
         <name>.text:_xdc_runtime_Text_printVisFxn__I</name>
         <load_address>0x30353d</load_address>
         <run_address>0x30353d</run_address>
         <size>0x16</size>
         <input_file_ref idref="fl-53"/>
      </object_component>
      <object_component id="oc-360">
         <name>.text:_ti_sysbios_knl_Swi_Module_startup__E</name>
         <load_address>0x303553</load_address>
         <run_address>0x303553</run_address>
         <size>0x15</size>
         <input_file_ref idref="fl-3f"/>
      </object_component>
      <object_component id="oc-2c2">
         <name>.text:_ti_sysbios_knl_Task_restore__E</name>
         <load_address>0x303568</load_address>
         <run_address>0x303568</run_address>
         <size>0x15</size>
         <input_file_ref idref="fl-3f"/>
      </object_component>
      <object_component id="oc-228">
         <name>.text:_ti_sysbios_knl_Idle_run__E</name>
         <load_address>0x30357d</load_address>
         <run_address>0x30357d</run_address>
         <size>0x14</size>
         <input_file_ref idref="fl-3f"/>
      </object_component>
      <object_component id="oc-269">
         <name>.text:_ti_sysbios_gates_GateMutex_Object__delete__S</name>
         <load_address>0x303591</load_address>
         <run_address>0x303591</run_address>
         <size>0x13</size>
         <input_file_ref idref="fl-13"/>
      </object_component>
      <object_component id="oc-35f">
         <name>.text:_ti_sysbios_knl_Clock_Module_startup__E</name>
         <load_address>0x3035a4</load_address>
         <run_address>0x3035a4</run_address>
         <size>0x13</size>
         <input_file_ref idref="fl-3f"/>
      </object_component>
      <object_component id="oc-2ae">
         <name>.text:_ti_uia_loggers_LoggerStopMode_Instance_init__E</name>
         <load_address>0x3035b7</load_address>
         <run_address>0x3035b7</run_address>
         <size>0x13</size>
         <input_file_ref idref="fl-45"/>
[...]
         <value>0x303995</value>
         <object_component_ref idref="oc-34b"/>
      </symbol>
      <symbol id="sm-c22">
         <name>_ti_sysbios_gates_GateHwi_Instance_init__E</name>
         <value>0x303a27</value>
         <object_component_ref idref="oc-399"/>
      </symbol>
      <symbol id="sm-c24">
         <name>_ti_sysbios_knl_Clock_workFunc__E</name>
         <value>0x301536</value>
         <object_component_ref idref="oc-212"/>
      </symbol>
      <symbol id="sm-c26">
         <name>_ti_sysbios_family_c28_TaskSupport_checkStack__E</name>
         <value>0x3038a8</value>
         <object_component_ref idref="oc-34a"/>
      </symbol>
      <symbol id="sm-c28">
         <name>_ti_sysbios_family_c28_Timer_getMaxTicks__E</name>
         <value>0x303a12</value>
         <object_component_ref idref="oc-3ad"/>
      </symbol>
      <symbol id="sm-c2a">
         <name>_ti_sysbios_knl_Swi_restore__E</name>
         <value>0x303458</value>
         <object_component_ref idref="oc-277"/>
      </symbol>
      <symbol id="sm-c2c">
         <name>_ti_sysbios_family_c28_TaskSupport_start__E</name>
         <value>0x302964</value>
         <object_component_ref idref="oc-3d0"/>
      </symbol>
      <symbol id="sm-c2e">
         <name>_ti_sysbios_knl_Task_exit__E</name>
         <value>0x30203b</value>
         <object_component_ref idref="oc-3ae"/>
      </symbol>
      <symbol id="sm-c30">
         <name>_ti_sysbios_family_c28_Hwi_dispatchC__I</name>
         <value>0x3037a9</value>
         <object_component_ref idref="oc-3cc"/>
      </symbol>
      <symbol id="sm-c32">
         <name>_ti_sysbios_family_c28_Hwi_getInterruptFlag__E</name>
         <value>0x302d27</value>
         <object_component_ref idref="oc-371"/>
      </symbol>
      <symbol id="sm-c34">
         <name>_ti_sysbios_knl_Clock_logTick__E</name>
         <value>0x302a0d</value>
         <object_component_ref idref="oc-23e"/>
      </symbol>
      <symbol id="sm-c36">
         <name>_ti_sysbios_knl_Idle_loop__E</name>
         <value>0x3039cc</value>
         <object_component_ref idref="oc-1f5"/>
      </symbol>
      <symbol id="sm-c38">
         <name>_ti_sysbios_utils_Load_idleFxn__E</name>
         <value>0x3021e1</value>
         <object_component_ref idref="oc-332"/>
      </symbol>
      <symbol id="sm-c3a">
         <name>_ti_sysbios_BIOS_start__E</name>
         <value>0x30394a</value>
         <object_component_ref idref="oc-237"/>
      </symbol>
      <symbol id="sm-c3c">
         <name>_ti_sysbios_heaps_HeapMem_allocUnprotected__E</name>
         <value>0x3007c0</value>
         <object_component_ref idref="oc-284"/>
      </symbol>
      <symbol id="sm-c3e">
         <name>_ti_sysbios_knl_Task_restoreHwi__E</name>
         <value>0x303648</value>
         <object_component_ref idref="oc-3de"/>
      </symbol>
      <symbol id="sm-c6b">
         <name>ULL$$MOD</name>
         <value>0x3009d1</value>
         <object_component_ref idref="oc-14f"/>
      </symbol>
      <symbol id="sm-c6c">
         <name>ULL$$DIV</name>
         <value>0x3009a2</value>
         <object_component_ref idref="oc-14f"/>
      </symbol>
      <symbol id="sm-c6d">
         <name>LL$$MOD</name>
         <value>0x300968</value>
         <object_component_ref idref="oc-14f"/>
      </symbol>
      <symbol id="sm-c6e">
         <name>LL$$DIV</name>
         <value>0x30092c</value>
         <object_component_ref idref="oc-14f"/>
      </symbol>
      <symbol id="sm-d0e">
         <name>_ti_sysbios_family_c28_Hwi_dispatchZeroTable</name>
         <value>0x301485</value>
         <object_component_ref idref="oc-3a9"/>
      </symbol>
      <symbol id="sm-d0f">
         <name>_ti_sysbios_family_c28_Hwi_dispatchZero</name>
         <value>0x3014e2</value>
         <object_component_ref idref="oc-3a9"/>
      </symbol>
      <symbol id="sm-db8">
         <name>_ti_sysbios_family_c28_Hwi_getIFR__I</name>
         <value>0x3039b1</value>
         <object_component_ref idref="oc-39d"/>
      </symbol>
      <symbol id="sm-db9">
         <name>_ti_sysbios_family_c28_Hwi_switchAndDispatch__I</name>
         <value>0x30335a</value>
         <object_component_ref idref="oc-3dd"/>
      </symbol>
      <symbol id="sm-dba">
         <name>_ti_sysbios_family_c28_Hwi_interruptReturn__I</name>
         <value>0x303a26</value>
         <object_component_ref idref="oc-320"/>
      </symbol>
      <symbol id="sm-dbb">
         <name>_ti_sysbios_family_xxx_Hwi_switchAndRunFunc</name>
         <value>0x303440</value>
         <object_component_ref idref="oc-304"/>
      </symbol>
      <symbol id="sm-dc7">
         <name>_ti_sysbios_family_c28_IntrinsicsSupport_maxbit__E</name>
         <value>0x303956</value>
         <object_component_ref idref="oc-2c8"/>
      </symbol>
      <symbol id="sm-dd7">
         <name>_ti_sysbios_family_c28_TaskSupport_buildTaskStack</name>
         <value>0x302fc3</value>
         <object_component_ref idref="oc-3e2"/>
      </symbol>
      <symbol id="sm-dd8">
         <name>_ti_sysbios_family_c28_TaskSupport_swap__E</name>
         <value>0x30315a</value>
         <object_component_ref idref="oc-32d"/>
      </symbol>
      <symbol id="sm-dd9">
         <name>_ti_sysbios_family_c28_TaskSupport_glue</name>
         <value>0x3038b1</value>
         <object_component_ref idref="oc-3e7"/>
      </symbol>
      <symbol id="sm-e07">
         <name>_ti_uia_loggers_LoggerStopMode_disable__E</name>
         <value>0x3037dd</value>
         <object_component_ref idref="oc-243"/>
      </symbol>
      <symbol id="sm-e08">
         <name>_ti_uia_loggers_LoggerStopMode_Instance_init__E</name>
         <value>0x3035b7</value>
         <object_component_ref idref="oc-2ae"/>
      </symbol>
      <symbol id="sm-e09">
         <name>_ti_uia_loggers_LoggerStopMode_getPriority__E</name>
         <value>0x303a1c</value>
         <object_component_ref idref="oc-250"/>
      </symbol>
      <symbol id="sm-e0a">
         <name>_ti_uia_loggers_LoggerStopMode_setPriority__E</name>
         <value>0x303a29</value>
         <object_component_ref idref="oc-251"/>
      </symbol>
      <symbol id="sm-e0b">
         <name>_ti_uia_loggers_LoggerStopMode_initQueueDescriptor__E</name>
         <value>0x3024eb</value>
         <object_component_ref idref="oc-397"/>
      </symbol>
      <symbol id="sm-e0c">
         <name>_ti_uia_loggers_LoggerStopMode_getContents__E</name>
         <value>0x303a16</value>
         <object_component_ref idref="oc-24c"/>
      </symbol>
      <symbol id="sm-e0d">
         <name>_ti_uia_loggers_LoggerStopMode_initBuffer__I</name>
         <value>0x30300d</value>
         <object_component_ref idref="oc-308"/>
      </symbol>
      <symbol id="sm-e0e">
         <name>_ti_uia_loggers_LoggerStopMode_isEmpty__E</name>
         <value>0x3038c3</value>
         <object_component_ref idref="oc-24d"/>
      </symbol>
      <symbol id="sm-e0f">
         <name>_ti_uia_loggers_LoggerStopMode_getInstanceId__E</name>
         <value>0x303a1a</value>
         <object_component_ref idref="oc-24f"/>
      </symbol>
      <symbol id="sm-e10">
         <name>_ti_uia_loggers_LoggerStopMode_Module_startup__E</name>
         <value>0x302c10</value>
         <object_component_ref idref="oc-363"/>
      </symbol>
      <symbol id="sm-e11">
         <name>_ti_uia_loggers_LoggerStopMode_reset__E</name>
         <value>0x302f77</value>
         <object_component_ref idref="oc-252"/>
      </symbol>
      <symbol id="sm-e12">
         <name>_ti_uia_loggers_LoggerStopMode_getMaxLength__E</name>
         <value>0x3039de</value>
         <object_component_ref idref="oc-24e"/>
      </symbol>
      <symbol id="sm-e13">
         <name>_ti_uia_loggers_LoggerStopMode_getTransferType__E</name>
         <value>0x303a1e</value>
         <object_component_ref idref="oc-24b"/>
      </symbol>
      <symbol id="sm-e14">
         <name>_ti_uia_loggers_LoggerStopMode_flush__E</name>
         <value>0x301ee5</value>
         <object_component_ref idref="oc-2ac"/>
      </symbol>
      <symbol id="sm-e15">
         <name>_ti_uia_loggers_LoggerStopMode_enable__E</name>
         <value>0x303781</value>
         <object_component_ref idref="oc-242"/>
      </symbol>
      <symbol id="sm-e2b">
         <name>_ti_uia_runtime_QueueDescriptor_gPtrToFirstDescriptor</name>
         <value>0xfaf8</value>
         <object_component_ref idref="oc-16b"/>
      </symbol>
      <symbol id="sm-e2c">
         <name>_ti_uia_runtime_QueueDescriptor_addToList__E</name>
         <value>0x302877</value>
         <object_component_ref idref="oc-3b8"/>
      </symbol>
      <symbol id="sm-e2d">
         <name>_ti_uia_runtime_QueueDescriptor_gUpdateCount</name>
         <value>0xfaf6</value>
         <object_component_ref idref="oc-16b"/>
      </symbol>
      <symbol id="sm-e41">
         <name>_xdc_runtime_Assert_raise__I</name>
         <value>0x302dae</value>
         <object_component_ref idref="oc-27d"/>
      </symbol>
      <symbol id="sm-e4f">
         <name>_xdc_runtime_Core_assignLabel__I</name>
         <value>0x3033f6</value>
         <object_component_ref idref="oc-28e"/>
      </symbol>
      <symbol id="sm-e5d">
         <name>_xdc_runtime_Core_assignParams__I</name>
         <value>0x302c3f</value>
         <object_component_ref idref="oc-2e1"/>
      </symbol>
      <symbol id="sm-e75">
         <name>_xdc_runtime_Core_constructObject__I</name>
         <value>0x301851</value>
         <object_component_ref idref="oc-345"/>
      </symbol>
      <symbol id="sm-e94">
         <name>_xdc_runtime_Core_deleteObject__I</name>
         <value>0x302839</value>
         <object_component_ref idref="oc-28d"/>
      </symbol>
      <symbol id="sm-e95">
         <name>_xdc_runtime_Core_createObject__I</name>
         <value>0x30168e</value>
         <object_component_ref idref="oc-28b"/>
      </symbol>
      <symbol id="sm-ec0">
         <name>_xdc_runtime_Error_getSite__E</name>
         <value>0x303a20</value>
         <object_component_ref idref="oc-37e"/>
      </symbol>
      <symbol id="sm-ec1">
         <name>_xdc_runtime_Error_print__E</name>
         <value>0x302baf</value>
         <object_component_ref idref="oc-357"/>
      </symbol>
      <symbol id="sm-ec2">
         <name>_xdc_runtime_Error_policyDefault__E</name>
         <value>0x3023d0</value>
         <object_component_ref idref="oc-290"/>
      </symbol>
      <symbol id="sm-ec3">
         <name>_xdc_runtime_Error_init__E</name>
         <value>0x303877</value>
         <object_component_ref idref="oc-334"/>
      </symbol>
      <symbol id="sm-ec4">
         <name>_xdc_runtime_Error_raiseX__E</name>
         <value>0x3035ca</value>
         <object_component_ref idref="oc-1f9"/>
      </symbol>
      <symbol id="sm-ec5">
         <name>_xdc_runtime_Error_check__E</name>
         <value>0x3037ea</value>
         <object_component_ref idref="oc-377"/>
      </symbol>
      <symbol id="sm-ec6">
         <name>_xdc_runtime_Error_setX__E</name>
         <value>0x302ddb</value>
         <object_component_ref idref="oc-2ea"/>
      </symbol>
      <symbol id="sm-ed4">
         <name>_xdc_runtime_Gate_leaveSystem__E</name>
         <value>0x30397a</value>
         <object_component_ref idref="oc-271"/>
      </symbol>
      <symbol id="sm-ed5">
         <name>_xdc_runtime_Gate_enterSystem__E</name>
         <value>0x303974</value>
         <object_component_ref idref="oc-238"/>
      </symbol>
      <symbol id="sm-ef0">
         <name>_xdc_runtime_Memory_calloc__E</name>
         <value>0x30390f</value>
         <object_component_ref idref="oc-2e2"/>
      </symbol>
      <symbol id="sm-ef1">
         <name>_xdc_runtime_Memory_free__E</name>
         <value>0x303881</value>
         <object_component_ref idref="oc-2e5"/>
      </symbol>
      <symbol id="sm-ef2">
         <name>_xdc_runtime_Memory_valloc__E</name>
         <value>0x3034cd</value>
         <object_component_ref idref="oc-32e"/>
      </symbol>
      <symbol id="sm-ef3">
         <name>_xdc_runtime_Memory_alloc__E</name>
         <value>0x30277c</value>
         <object_component_ref idref="oc-34f"/>
      </symbol>
      <symbol id="sm-ef4">
         <name>_xdc_runtime_Memory_getMaxDefaultTypeAlign__E</name>
         <value>0x30399d</value>
         <object_component_ref idref="oc-378"/>
      </symbol>
      <symbol id="sm-f16">
         <name>_xdc_runtime_Startup_startMods__I</name>
         <value>0x301f58</value>
         <object_component_ref idref="oc-295"/>
      </symbol>
      <symbol id="sm-f17">
         <name>_xdc_runtime_Startup_rtsDone__E</name>
         <value>0x3039a1</value>
         <object_component_ref idref="oc-214"/>
      </symbol>
      <symbol id="sm-f18">
         <name>_xdc_runtime_Startup_exec__E</name>
         <value>0x302c6e</value>
         <object_component_ref idref="oc-1cf"/>
      </symbol>
      <symbol id="sm-f36">
         <name>_xdc_runtime_SysMin_abort__E</name>
         <value>0x3034e4</value>
         <object_component_ref idref="oc-358"/>
      </symbol>
      <symbol id="sm-f37">
         <name>_xdc_runtime_SysMin_ready__E</name>
         <value>0x303917</value>
         <object_component_ref idref="oc-3d9"/>
      </symbol>
      <symbol id="sm-f38">
         <name>_xdc_runtime_SysMin_flush__E</name>
         <value>0x302f9d</value>
         <object_component_ref idref="oc-302"/>
      </symbol>
      <symbol id="sm-f39">
         <name>_xdc_runtime_SysMin_Module_startup__E</name>
         <value>0x30369a</value>
         <object_component_ref idref="oc-35b"/>
      </symbol>
      <symbol id="sm-f3a">
         <name>_xdc_runtime_SysMin_putch__E</name>
         <value>0x303225</value>
         <object_component_ref idref="oc-382"/>
      </symbol>
      <symbol id="sm-f3b">
         <name>_xdc_runtime_SysMin_exit__E</name>
         <value>0x303834</value>
         <object_component_ref idref="oc-29c"/>
      </symbol>
      <symbol id="sm-fbf">
         <name>_xdc_runtime_System_formatNum__I</name>
         <value>0x302ab1</value>
         <object_component_ref idref="oc-3db"/>
      </symbol>
      <symbol id="sm-fc0">
         <name>_xdc_runtime_System_exit__E</name>
         <value>0x30386c</value>
         <object_component_ref idref="oc-1d2"/>
      </symbol>
      <symbol id="sm-fc1">
         <name>_xdc_runtime_System_exitStd__E</name>
         <value>0x3039f9</value>
         <object_component_ref idref="oc-23a"/>
      </symbol>
      <symbol id="sm-fc2">
         <name>_xdc_runtime_System_printf_va__F</name>
         <value>0x30340f</value>
         <object_component_ref idref="oc-3a8"/>
      </symbol>
      <symbol id="sm-fc3">
         <name>_xdc_runtime_System_atexit__E</name>
         <value>0x3030fc</value>
         <object_component_ref idref="oc-217"/>
      </symbol>
      <symbol id="sm-fc4">
         <name>_xdc_runtime_System_abortStd__E</name>
         <value>0x3039f6</value>
         <object_component_ref idref="oc-359"/>
      </symbol>
      <symbol id="sm-fc5">
         <name>_xdc_runtime_System_putchar__I</name>
         <value>0x303470</value>
         <object_component_ref idref="oc-3dc"/>
      </symbol>
      <symbol id="sm-fc6">
         <name>_xdc_runtime_System_snprintf_va__F</name>
         <value>0x30388b</value>
         <object_component_ref idref="oc-3c8"/>
      </symbol>
      <symbol id="sm-fc7">
         <name>_xdc_runtime_System_Module_startup__E</name>
         <value>0x3039e7</value>
         <object_component_ref idref="oc-35a"/>
      </symbol>
      <symbol id="sm-fc8">
         <name>_xdc_runtime_System_avprintf__E</name>
         <value>0x3033aa</value>
         <object_component_ref idref="oc-3a7"/>
      </symbol>
      <symbol id="sm-fc9">
         <name>_xdc_runtime_System_vprintf__E</name>
         <value>0x30340f</value>
         <object_component_ref idref="oc-3a8"/>
      </symbol>
      <symbol id="sm-fca">
         <name>_xdc_runtime_System_aprintf_va__F</name>
         <value>0x3033aa</value>
         <object_component_ref idref="oc-3a7"/>
      </symbol>
      <symbol id="sm-fcb">
         <name>_xdc_runtime_System_doPrint__I</name>
         <value>0x300042</value>
         <object_component_ref idref="oc-3ca"/>
      </symbol>
      <symbol id="sm-fcc">
         <name>_xdc_runtime_System_processAtExit__E</name>
         <value>0x303056</value>
         <object_component_ref idref="oc-201"/>
      </symbol>
      <symbol id="sm-fcd">
         <name>_xdc_runtime_System_vsnprintf__E</name>
         <value>0x30388b</value>
         <object_component_ref idref="oc-3c8"/>
      </symbol>
      <symbol id="sm-fce">
         <name>_xdc_runtime_System_abort__E</name>
         <value>0x3037f7</value>
         <object_component_ref idref="oc-2f0"/>
      </symbol>
      <symbol id="sm-fe2">
         <name>C$$EXIT</name>
         <value>0x302eb2</value>
         <object_component_ref idref="oc-29d"/>
      </symbol>
      <symbol id="sm-fe3">
         <name>_exit</name>
         <value>0x302eb4</value>
         <object_component_ref idref="oc-29d"/>
      </symbol>
      <symbol id="sm-fe5">
         <name>___TI_cleanup_ptr</name>
         <value>0xfa76</value>
         <object_component_ref idref="oc-1ad"/>
      </symbol>
      <symbol id="sm-fe6">
         <name>___TI_enable_exit_profile_output</name>
         <value>0xfa74</value>
         <object_component_ref idref="oc-1ad"/>
      </symbol>
      <symbol id="sm-fe7">
         <name>_abort</name>
         <value>0x302eb2</value>
         <object_component_ref idref="oc-29d"/>
      </symbol>
      <symbol id="sm-fe9">
         <name>___TI_dtors_ptr</name>
         <value>0xfa78</value>
         <object_component_ref idref="oc-1ad"/>
      </symbol>
      <symbol id="sm-102c">
         <name>_xdc_runtime_Text_putLab__E</name>
         <value>0x30273b</value>
         <object_component_ref idref="oc-3e9"/>
      </symbol>
      <symbol id="sm-102d">
         <name>_xdc_runtime_Text_printVisFxn__I</name>
         <value>0x30353d</value>
         <object_component_ref idref="oc-3c7"/>
      </symbol>
      <symbol id="sm-102e">
         <name>_xdc_runtime_Text_putMod__E</name>
         <value>0x3029d5</value>
         <object_component_ref idref="oc-3a4"/>
      </symbol>
      <symbol id="sm-102f">
         <name>_xdc_runtime_Text_cordText__E</name>
         <value>0x303659</value>
         <object_component_ref idref="oc-2e7"/>
      </symbol>
      <symbol id="sm-1030">
         <name>_xdc_runtime_Text_xprintf__I</name>
         <value>0x302e89</value>
         <object_component_ref idref="oc-3a5"/>
      </symbol>
      <symbol id="sm-1031">
         <name>_xdc_runtime_Text_visitRope2__I</name>
         <value>0x302e08</value>
         <object_component_ref idref="oc-3e3"/>
      </symbol>
      <symbol id="sm-1032">
         <name>_xdc_runtime_Text_ropeText__E</name>
         <value>0x303895</value>
         <object_component_ref idref="oc-2c4"/>
      </symbol>
      <symbol id="sm-1033">
         <name>_xdc_runtime_Text_putSite__E</name>
         <value>0x302430</value>
         <object_component_ref idref="oc-37f"/>
      </symbol>
      <symbol id="sm-1042">
         <name>_xdc_runtime_Registry_findById__E</name>
         <value>0x3036e6</value>
         <object_component_ref idref="oc-3c5"/>
      </symbol>
      <symbol id="sm-1064">
         <name>_xdc_runtime_Timestamp_getFreq__E</name>
         <value>0x303a0b</value>
         <object_component_ref idref="oc-351"/>
      </symbol>
      <symbol id="sm-1065">
         <name>_xdc_runtime_Timestamp_get64__E</name>
         <value>0x303a08</value>
         <object_component_ref idref="oc-2aa"/>
      </symbol>
      <symbol id="sm-1066">
         <name>_xdc_runtime_Timestamp_get32__E</name>
         <value>0x303a05</value>
         <object_component_ref idref="oc-27e"/>
      </symbol>
   </symbol_table>
   <title>Link successful</title>
</link_info>
