******************************************************************************
             TMS320C2000 Linker PC v22.6.1                     
******************************************************************************
>> Linked Wed Sep  4 15:20:25 2024

OUTPUT FILE NAME:   <memoria_sysbios_v3.out>
ENTRY POINT SYMBOL: "_c_int00"  address: 003020aa


MEMORY CONFIGURATION

         name            origin    length      used     unused   attr    fill
----------------------  --------  ---------  --------  --------  ----  --------
PAGE 0:
  FLASH                 00300000   0003ff80  00006436  00039b4a  RWIX
  CSM_RSVD              0033ff80   00000076  00000000  00000076  RWIX
  BEGIN                 0033fff6   00000002  00000000  00000002  RWIX
  CSM_PWL               0033fff8   00000008  00000000  00000008  RWIX
  ADC_CAL               00380080   00000009  00000007  00000002  RWIX
  OTP                   00380400   00000400  00000000  00000400  RWIX
  IQTABLES              003fe000   00000b50  00000000  00000b50  RWIX
  IQTABLES2             003feb50   0000008c  00000000  0000008c  RWIX
  FPUTABLES             003febdc   000006a0  00000000  000006a0  RWIX
  ROM                   003ff27c   00000d44  00000000  00000d44  RWIX
  RESET                 003fffc0   00000002  00000000  00000002  RWIX
  VECTORS               003fffc2   0000003e  00000000  0000003e  RWIX

PAGE 1:
  M01SARAM              00000000   00000800  000002dd  00000523  RWIX
  DEV_EMU               00000880   00000180  000000d0  000000b0  RWIX
  FLASH_REGS            00000a80   00000060  00000008  00000058  RWIX
  CSM                   00000ae0   00000010  00000010  00000000  RWIX
  ADC_MIRROR            00000b00   00000010  00000010  00000000  RWIX
  XINTF                 00000b20   00000020  0000001e  00000002  RWIX
  CPU_TIMER0            00000c00   00000008  00000008  00000000  RWIX
  CPU_TIMER1            00000c08   00000008  00000008  00000000  RWIX
  CPU_TIMER2            00000c10   00000008  00000008  00000000  RWIX
  PIE_CTRL              00000ce0   00000020  0000001a  00000006  RWIX
  PIEVECT               00000d00   00000100  00000000  00000100  RWIX
  DMA                   00001000   00000200  000000e0  00000120  RWIX
  MCBSPA                00005000   00000040  00000025  0000001b  RWIX
  MCBSPB                00005040   00000040  00000025  0000001b  RWIX
  ECANA                 00006000   00000040  00000034  0000000c  RWIX
  ECANA_LAM             00006040   00000040  00000040  00000000  RWIX
  ECANA_MOTS            00006080   00000040  00000040  00000000  RWIX
  ECANA_MOTO            000060c0   00000040  00000040  00000000  RWIX
  ECANA_MBOX            00006100   00000100  00000100  00000000  RWIX
  ECANB                 00006200   00000040  00000034  0000000c  RWIX
  ECANB_LAM             00006240   00000040  00000040  00000000  RWIX
  ECANB_MOTS            00006280   00000040  00000040  00000000  RWIX
  ECANB_MOTO            000062c0   00000040  00000040  00000000  RWIX
  ECANB_MBOX            00006300   00000100  00000100  00000000  RWIX
  EPWM1                 00006800   00000022  00000022  00000000  RWIX
  EPWM2                 00006840   00000022  00000022  00000000  RWIX
  EPWM3                 00006880   00000022  00000022  00000000  RWIX
  EPWM4                 000068c0   00000022  00000022  00000000  RWIX
  EPWM5                 00006900   00000022  00000022  00000000  RWIX
  EPWM6                 00006940   00000022  00000022  00000000  RWIX
  ECAP1                 00006a00   00000020  00000020  00000000  RWIX
  ECAP2                 00006a20   00000020  00000020  00000000  RWIX
  ECAP3                 00006a40   00000020  00000020  00000000  RWIX
  ECAP4                 00006a60   00000020  00000020  00000000  RWIX
  ECAP5                 00006a80   00000020  00000020  00000000  RWIX
  ECAP6                 00006aa0   00000020  00000020  00000000  RWIX
  EQEP1                 00006b00   00000040  00000040  00000000  RWIX
  EQEP2                 00006b40   00000040  00000040  00000000  RWIX
  GPIOCTRL              00006f80   00000040  0000002e  00000012  RWIX
  GPIODAT               00006fc0   00000020  00000020  00000000  RWIX
  GPIOINT               00006fe0   00000020  0000000a  00000016  RWIX
  SYSTEM                00007010   00000020  00000020  00000000  RWIX
  SPIA                  00007040   00000010  00000010  00000000  RWIX
  SCIA                  00007050   00000010  00000010  00000000  RWIX
  XINTRUPT              00007070   00000010  00000010  00000000  RWIX
  ADC                   00007100   00000020  0000001e  00000002  RWIX
  SCIB                  00007750   00000010  00000010  00000000  RWIX
  SCIC                  00007770   00000010  00000010  00000000  RWIX
  I2CA                  00007900   00000040  00000022  0000001e  RWIX
  L07SARAM              00008000   00008000  00007d96  0000026a  RWIX
  CSM_PWL               0033fff8   00000008  00000008  00000000  RWIX
  PARTID                00380090   00000001  00000001  00000000  RWIX


SECTION ALLOCATION MAP

 output                                  attributes/
section   page    origin      length       input sections
--------  ----  ----------  ----------   ----------------
PieVectTableFile 
*          1    00000d00    00000100     DSECT
                  00000d00    00000100     DSP2833x_GlobalVariableDefs.obj (PieVectTableFile)

.econst    0    00303a2c    0000242b     
                  00303a2c    00001ee3     memoria_sysbios_v2_p28FP.o28FP (.econst:xdc_runtime_Text_charTab__A)
                  0030590f    00000001     memoria_sysbios_v2_p28FP.o28FP (.econst:ti_sysbios_family_c28_Hwi_Module__id__C)
                  00305910    00000100     memoria_sysbios_v2_p28FP.o28FP (.econst:_ti_sysbios_family_c28_Hwi_vectors)
                  00305a10    00000072     memoria_sysbios_v2_p28FP.o28FP (.econst:xdc_runtime_Text_nodeTab__A)
                  00305a82    0000006b     memoria_sysbios_v2_p28FP.o28FP (.econst:.string)
                  00305aed    00000001     memoria_sysbios_v2_p28FP.o28FP (.econst:ti_sysbios_family_c28_Hwi_Module__loggerDefined__C)
                  00305aee    00000058     ti.targets.rts2800.a28FP : Error.o28FP (.econst:.string)
                  00305b46    00000031                              : Text.o28FP (.econst:.string)
                  00305b77    00000001     memoria_sysbios_v2_p28FP.o28FP (.econst:ti_sysbios_family_c28_Hwi_NUM_INTERRUPTS_ALL__C)
                  00305b78    00000030     memoria_sysbios_v2_p28FP.o28FP (.econst:ti_uia_loggers_LoggerStopMode_Module__FXNS__C)
                  00305ba8    0000002a     ti.targets.rts2800.a28FP : Startup.o28FP (.econst:.string)
                  00305bd2    00000019                              : System.o28FP (.econst:.string)
                  00305beb    00000001     memoria_sysbios_v2_p28FP.o28FP (.econst:ti_sysbios_family_c28_Hwi_Object__count__C)
                  00305bec    00000016     memoria_sysbios_v2_p28FP.o28FP (.econst:ti_uia_loggers_LoggerStopMode_Object__PARAMS__C)
                  00305c02    00000014     memoria_sysbios_v2_p28FP.o28FP (.econst:ti_sysbios_heaps_HeapMem_Module__FXNS__C)
                  00305c16    00000014     memoria_sysbios_v2_p28FP.o28FP (.econst:xdc_runtime_Startup_sfxnTab__A)
                  00305c2a    00000012     memoria_sysbios_v2_p28FP.o28FP (.econst:ti_sysbios_gates_GateHwi_Module__FXNS__C)
                  00305c3c    00000012     memoria_sysbios_v2_p28FP.o28FP (.econst:ti_sysbios_gates_GateMutex_Module__FXNS__C)
                  00305c4e    00000012     memoria_sysbios_v2_p28FP.o28FP (.econst:ti_sysbios_heaps_HeapMem_Object__PARAMS__C)
                  00305c60    00000010     memoria_sysbios_v2_p28FP.o28FP (.econst:ti_sysbios_gates_GateHwi_Object__DESC__C)
                  00305c70    00000010     memoria_sysbios_v2_p28FP.o28FP (.econst:ti_sysbios_gates_GateMutex_Object__DESC__C)
                  00305c80    00000010     memoria_sysbios_v2_p28FP.o28FP (.econst:ti_sysbios_heaps_HeapMem_Object__DESC__C)
                  00305c90    00000010     memoria_sysbios_v2_p28FP.o28FP (.econst:ti_sysbios_knl_Queue_Object__DESC__C)
                  00305ca0    00000010     memoria_sysbios_v2_p28FP.o28FP (.econst:ti_sysbios_knl_Semaphore_Object__DESC__C)
                  00305cb0    00000010     memoria_sysbios_v2_p28FP.o28FP (.econst:ti_sysbios_knl_Semaphore_Object__PARAMS__C)
                  00305cc0    00000010     memoria_sysbios_v2_p28FP.o28FP (.econst:ti_uia_loggers_LoggerStopMode_Object__DESC__C)
                  00305cd0    0000000c     memoria_sysbios_v2_p28FP.o28FP (.econst:ti_sysbios_gates_GateHwi_Object__PARAMS__C)
                  00305cdc    0000000c     memoria_sysbios_v2_p28FP.o28FP (.econst:ti_sysbios_gates_GateMutex_Object__PARAMS__C)
                  00305ce8    0000000c     memoria_sysbios_v2_p28FP.o28FP (.econst:ti_sysbios_knl_Queue_Object__PARAMS__C)
                  00305cf4    0000000c     memoria_sysbios_v2_p28FP.o28FP (.econst:ti_sysbios_knl_Task_hooks__A)
                  00305d00    0000000a     memoria_sysbios_v2_p28FP.o28FP (.econst:xdc_runtime_Startup_sfxnRts__A)
                  00305d0a    00000007     HIL_HWI_Config.obj (.econst:.string)
                  00305d11    00000001     memoria_sysbios_v2_p28FP.o28FP (.econst:ti_sysbios_family_c28_Hwi_zeroLatencyIERMask__C)
                  00305d12    00000005     ti.targets.rts2800.a28FP : Assert.o28FP (.econst:.string)
                  00305d17    00000001     memoria_sysbios_v2_p28FP.o28FP (.econst:ti_sysbios_family_c28_TaskSupport_Module__id__C)
                  00305d18    00000004     HIL_HWI_Config.obj (.econst)
                  00305d1c    00000004     memoria_sysbios_v2_p28FP.o28FP (.econst:ti_sysbios_knl_Idle_funcList__A)
                  00305d20    00000004     memoria_sysbios_v2_p28FP.o28FP (.econst:ti_sysbios_knl_Idle_funcList__C)
                  00305d24    00000004     memoria_sysbios_v2_p28FP.o28FP (.econst:ti_sysbios_knl_Task_hooks__C)
                  00305d28    00000004     memoria_sysbios_v2_p28FP.o28FP (.econst:xdc_runtime_Startup_firstFxns__A)
                  00305d2c    00000004     memoria_sysbios_v2_p28FP.o28FP (.econst:xdc_runtime_Startup_firstFxns__C)
                  00305d30    00000004     memoria_sysbios_v2_p28FP.o28FP (.econst:xdc_runtime_Startup_lastFxns__C)
                  00305d34    00000002     memoria_sysbios_v2_p28FP.o28FP (.econst:ti_sysbios_family_c28_Hwi_A_badIntNum__C)
                  00305d36    00000002     memoria_sysbios_v2_p28FP.o28FP (.econst:ti_sysbios_family_c28_Hwi_A_invalidArg__C)
                  00305d38    00000002     memoria_sysbios_v2_p28FP.o28FP (.econst:ti_sysbios_family_c28_Hwi_E_unpluggedInterrupt__C)
                  00305d3a    00000002     memoria_sysbios_v2_p28FP.o28FP (.econst:ti_sysbios_family_c28_Hwi_LD_end__C)
                  00305d3c    00000002     memoria_sysbios_v2_p28FP.o28FP (.econst:ti_sysbios_family_c28_Hwi_LM_begin__C)
                  00305d3e    00000002     memoria_sysbios_v2_p28FP.o28FP (.econst:ti_sysbios_family_c28_Hwi_Module__diagsEnabled__C)
                  00305d40    00000002     memoria_sysbios_v2_p28FP.o28FP (.econst:ti_sysbios_family_c28_Hwi_Module__diagsIncluded__C)
                  00305d42    00000002     memoria_sysbios_v2_p28FP.o28FP (.econst:ti_sysbios_family_c28_Hwi_Module__diagsMask__C)
                  00305d44    00000002     memoria_sysbios_v2_p28FP.o28FP (.econst:ti_sysbios_family_c28_Hwi_Module__loggerFxn1__C)
                  00305d46    00000002     memoria_sysbios_v2_p28FP.o28FP (.econst:ti_sysbios_family_c28_Hwi_Module__loggerFxn8__C)
                  00305d48    00000002     memoria_sysbios_v2_p28FP.o28FP (.econst:ti_sysbios_family_c28_Hwi_Module__loggerObj__C)
                  00305d4a    00000002     memoria_sysbios_v2_p28FP.o28FP (.econst:ti_sysbios_family_c28_TaskSupport_E_invalidStack__C)
                  00305d4c    00000002     memoria_sysbios_v2_p28FP.o28FP (.econst:ti_sysbios_family_c28_Timer_Module__diagsEnabled__C)
                  00305d4e    00000002     memoria_sysbios_v2_p28FP.o28FP (.econst:ti_sysbios_family_c28_Timer_Module__diagsIncluded__C)
                  00305d50    00000002     memoria_sysbios_v2_p28FP.o28FP (.econst:ti_sysbios_family_c28_Timer_Module__diagsMask__C)
                  00305d52    00000002     memoria_sysbios_v2_p28FP.o28FP (.econst:ti_sysbios_family_c28_TimestampProvider_Module__diagsEnabled__C)
                  00305d54    00000002     memoria_sysbios_v2_p28FP.o28FP (.econst:ti_sysbios_family_c28_TimestampProvider_Module__diagsIncluded__C)
                  00305d56    00000002     memoria_sysbios_v2_p28FP.o28FP (.econst:ti_sysbios_family_c28_TimestampProvider_Module__diagsMask__C)
                  00305d58    00000002     memoria_sysbios_v2_p28FP.o28FP (.econst:ti_sysbios_gates_GateMutex_A_badContext__C)
                  00305d5a    00000002     memoria_sysbios_v2_p28FP.o28FP (.econst:ti_sysbios_gates_GateMutex_Instance_State_sem__O)
                  00305d5c    00000002     memoria_sysbios_v2_p28FP.o28FP (.econst:ti_sysbios_gates_GateMutex_Module__diagsEnabled__C)
                  00305d5e    00000002     memoria_sysbios_v2_p28FP.o28FP (.econst:ti_sysbios_gates_GateMutex_Module__diagsIncluded__C)
                  00305d60    00000002     memoria_sysbios_v2_p28FP.o28FP (.econst:ti_sysbios_gates_GateMutex_Module__diagsMask__C)
                  00305d62    00000002     memoria_sysbios_v2_p28FP.o28FP (.econst:ti_sysbios_hal_Hwi_E_stackOverflow__C)
                  00305d64    00000002     memoria_sysbios_v2_p28FP.o28FP (.econst:ti_sysbios_heaps_HeapMem_A_align__C)
                  00305d66    00000002     memoria_sysbios_v2_p28FP.o28FP (.econst:ti_sysbios_heaps_HeapMem_A_heapSize__C)
                  00305d68    00000002     memoria_sysbios_v2_p28FP.o28FP (.econst:ti_sysbios_heaps_HeapMem_A_invalidFree__C)
                  00305d6a    00000002     memoria_sysbios_v2_p28FP.o28FP (.econst:ti_sysbios_heaps_HeapMem_A_zeroBlock__C)
                  00305d6c    00000002     memoria_sysbios_v2_p28FP.o28FP (.econst:ti_sysbios_heaps_HeapMem_E_memory__C)
                  00305d6e    00000002     memoria_sysbios_v2_p28FP.o28FP (.econst:ti_sysbios_heaps_HeapMem_Module__diagsEnabled__C)
                  00305d70    00000002     memoria_sysbios_v2_p28FP.o28FP (.econst:ti_sysbios_heaps_HeapMem_Module__diagsIncluded__C)
                  00305d72    00000002     memoria_sysbios_v2_p28FP.o28FP (.econst:ti_sysbios_heaps_HeapMem_Module__diagsMask__C)
                  00305d74    00000002     memoria_sysbios_v2_p28FP.o28FP (.econst:ti_sysbios_heaps_HeapMem_Module__gateObj__C)
                  00305d76    00000002     memoria_sysbios_v2_p28FP.o28FP (.econst:ti_sysbios_heaps_HeapMem_reqAlign__C)
                  00305d78    00000002     memoria_sysbios_v2_p28FP.o28FP (.econst:ti_sysbios_knl_Clock_LM_begin__C)
                  00305d7a    00000002     memoria_sysbios_v2_p28FP.o28FP (.econst:ti_sysbios_knl_Clock_LM_tick__C)
                  00305d7c    00000002     memoria_sysbios_v2_p28FP.o28FP (.econst:ti_sysbios_knl_Clock_LW_delayed__C)
                  00305d7e    00000002     memoria_sysbios_v2_p28FP.o28FP (.econst:ti_sysbios_knl_Clock_Module_State_clockQ__O)
                  00305d80    00000002     memoria_sysbios_v2_p28FP.o28FP (.econst:ti_sysbios_knl_Clock_Module__diagsEnabled__C)
                  00305d82    00000002     memoria_sysbios_v2_p28FP.o28FP (.econst:ti_sysbios_knl_Clock_Module__diagsIncluded__C)
                  00305d84    00000002     memoria_sysbios_v2_p28FP.o28FP (.econst:ti_sysbios_knl_Clock_Module__diagsMask__C)
                  00305d86    00000002     memoria_sysbios_v2_p28FP.o28FP (.econst:ti_sysbios_knl_Clock_Module__loggerFxn1__C)
                  00305d88    00000002     memoria_sysbios_v2_p28FP.o28FP (.econst:ti_sysbios_knl_Clock_Module__loggerFxn2__C)
                  00305d8a    00000002     memoria_sysbios_v2_p28FP.o28FP (.econst:ti_sysbios_knl_Clock_Module__loggerObj__C)
                  00305d8c    00000002     memoria_sysbios_v2_p28FP.o28FP (.econst:ti_sysbios_knl_Semaphore_A_badContext__C)
                  00305d8e    00000002     memoria_sysbios_v2_p28FP.o28FP (.econst:ti_sysbios_knl_Semaphore_A_noEvents__C)
                  00305d90    00000002     memoria_sysbios_v2_p28FP.o28FP (.econst:ti_sysbios_knl_Semaphore_A_overflow__C)
                  00305d92    00000002     memoria_sysbios_v2_p28FP.o28FP (.econst:ti_sysbios_knl_Semaphore_A_pendTaskDisabled__C)
                  00305d94    00000002     memoria_sysbios_v2_p28FP.o28FP (.econst:ti_sysbios_knl_Semaphore_Instance_State_pendQ__O)
                  00305d96    00000002     memoria_sysbios_v2_p28FP.o28FP (.econst:ti_sysbios_knl_Semaphore_LM_pend__C)
                  00305d98    00000002     memoria_sysbios_v2_p28FP.o28FP (.econst:ti_sysbios_knl_Semaphore_LM_post__C)
                  00305d9a    00000002     memoria_sysbios_v2_p28FP.o28FP (.econst:ti_sysbios_knl_Semaphore_Module__diagsEnabled__C)
                  00305d9c    00000002     memoria_sysbios_v2_p28FP.o28FP (.econst:ti_sysbios_knl_Semaphore_Module__diagsIncluded__C)
                  00305d9e    00000002     memoria_sysbios_v2_p28FP.o28FP (.econst:ti_sysbios_knl_Semaphore_Module__diagsMask__C)
                  00305da0    00000002     memoria_sysbios_v2_p28FP.o28FP (.econst:ti_sysbios_knl_Semaphore_Module__loggerFxn2__C)
                  00305da2    00000002     memoria_sysbios_v2_p28FP.o28FP (.econst:ti_sysbios_knl_Semaphore_Module__loggerFxn4__C)
                  00305da4    00000002     memoria_sysbios_v2_p28FP.o28FP (.econst:ti_sysbios_knl_Semaphore_Module__loggerObj__C)
                  00305da6    00000002     memoria_sysbios_v2_p28FP.o28FP (.econst:ti_sysbios_knl_Swi_LD_end__C)
                  00305da8    00000002     memoria_sysbios_v2_p28FP.o28FP (.econst:ti_sysbios_knl_Swi_LM_begin__C)
                  00305daa    00000002     memoria_sysbios_v2_p28FP.o28FP (.econst:ti_sysbios_knl_Swi_LM_post__C)
                  00305dac    00000002     memoria_sysbios_v2_p28FP.o28FP (.econst:ti_sysbios_knl_Swi_Module__diagsEnabled__C)
                  00305dae    00000002     memoria_sysbios_v2_p28FP.o28FP (.econst:ti_sysbios_knl_Swi_Module__diagsIncluded__C)
                  00305db0    00000002     memoria_sysbios_v2_p28FP.o28FP (.econst:ti_sysbios_knl_Swi_Module__diagsMask__C)
                  00305db2    00000002     memoria_sysbios_v2_p28FP.o28FP (.econst:ti_sysbios_knl_Swi_Module__loggerFxn1__C)
                  00305db4    00000002     memoria_sysbios_v2_p28FP.o28FP (.econst:ti_sysbios_knl_Swi_Module__loggerFxn4__C)
                  00305db6    00000002     memoria_sysbios_v2_p28FP.o28FP (.econst:ti_sysbios_knl_Swi_Module__loggerObj__C)
                  00305db8    00000002     memoria_sysbios_v2_p28FP.o28FP (.econst:ti_sysbios_knl_Task_A_badContextId__C)
                  00305dba    00000002     memoria_sysbios_v2_p28FP.o28FP (.econst:ti_sysbios_knl_Task_E_spOutOfBounds__C)
                  00305dbc    00000002     memoria_sysbios_v2_p28FP.o28FP (.econst:ti_sysbios_knl_Task_E_stackOverflow__C)
                  00305dbe    00000002     memoria_sysbios_v2_p28FP.o28FP (.econst:ti_sysbios_knl_Task_LD_block__C)
                  00305dc0    00000002     memoria_sysbios_v2_p28FP.o28FP (.econst:ti_sysbios_knl_Task_LD_exit__C)
                  00305dc2    00000002     memoria_sysbios_v2_p28FP.o28FP (.econst:ti_sysbios_knl_Task_LD_ready__C)
                  00305dc4    00000002     memoria_sysbios_v2_p28FP.o28FP (.econst:ti_sysbios_knl_Task_LM_switch__C)
                  00305dc6    00000002     memoria_sysbios_v2_p28FP.o28FP (.econst:ti_sysbios_knl_Task_Module_State_inactiveQ__O)
                  00305dc8    00000002     memoria_sysbios_v2_p28FP.o28FP (.econst:ti_sysbios_knl_Task_Module__diagsEnabled__C)
                  00305dca    00000002     memoria_sysbios_v2_p28FP.o28FP (.econst:ti_sysbios_knl_Task_Module__diagsIncluded__C)
                  00305dcc    00000002     memoria_sysbios_v2_p28FP.o28FP (.econst:ti_sysbios_knl_Task_Module__diagsMask__C)
                  00305dce    00000002     memoria_sysbios_v2_p28FP.o28FP (.econst:ti_sysbios_knl_Task_Module__loggerFxn2__C)
                  00305dd0    00000002     memoria_sysbios_v2_p28FP.o28FP (.econst:ti_sysbios_knl_Task_Module__loggerFxn4__C)
                  00305dd2    00000002     memoria_sysbios_v2_p28FP.o28FP (.econst:ti_sysbios_knl_Task_Module__loggerObj__C)
                  00305dd4    00000002     memoria_sysbios_v2_p28FP.o28FP (.econst:ti_sysbios_knl_Task_Object__heap__C)
                  00305dd6    00000002     memoria_sysbios_v2_p28FP.o28FP (.econst:ti_sysbios_knl_Task_allBlockedFunc__C)
                  00305dd8    00000002     memoria_sysbios_v2_p28FP.o28FP (.econst:ti_sysbios_utils_Load_LS_cpuLoad__C)
                  00305dda    00000002     memoria_sysbios_v2_p28FP.o28FP (.econst:ti_sysbios_utils_Load_LS_taskLoad__C)
                  00305ddc    00000002     memoria_sysbios_v2_p28FP.o28FP (.econst:ti_sysbios_utils_Load_Module_State_taskList__O)
                  00305dde    00000002     memoria_sysbios_v2_p28FP.o28FP (.econst:ti_sysbios_utils_Load_Module__diagsEnabled__C)
                  00305de0    00000002     memoria_sysbios_v2_p28FP.o28FP (.econst:ti_sysbios_utils_Load_Module__diagsIncluded__C)
                  00305de2    00000002     memoria_sysbios_v2_p28FP.o28FP (.econst:ti_sysbios_utils_Load_Module__diagsMask__C)
                  00305de4    00000002     memoria_sysbios_v2_p28FP.o28FP (.econst:ti_sysbios_utils_Load_Module__loggerFxn1__C)
                  00305de6    00000002     memoria_sysbios_v2_p28FP.o28FP (.econst:ti_sysbios_utils_Load_Module__loggerFxn4__C)
                  00305de8    00000002     memoria_sysbios_v2_p28FP.o28FP (.econst:ti_sysbios_utils_Load_Module__loggerObj__C)
                  00305dea    00000002     memoria_sysbios_v2_p28FP.o28FP (.econst:ti_sysbios_utils_Load_postUpdate__C)
                  00305dec    00000002     memoria_sysbios_v2_p28FP.o28FP (.econst:ti_uia_loggers_LoggerStopMode_Module__diagsEnabled__C)
                  00305dee    00000002     memoria_sysbios_v2_p28FP.o28FP (.econst:ti_uia_loggers_LoggerStopMode_Module__diagsIncluded__C)
                  00305df0    00000002     memoria_sysbios_v2_p28FP.o28FP (.econst:ti_uia_loggers_LoggerStopMode_Module__diagsMask__C)
                  00305df2    00000002     memoria_sysbios_v2_p28FP.o28FP (.econst:ti_uia_runtime_ILoggerSnapshot_Interface__BASE__C)
                  00305df4    00000002     memoria_sysbios_v2_p28FP.o28FP (.econst:ti_uia_runtime_IUIATransfer_Interface__BASE__C)
                  00305df6    00000002     memoria_sysbios_v2_p28FP.o28FP (.econst:xdc_runtime_Assert_E_assertFailed__C)
                  00305df8    00000002     memoria_sysbios_v2_p28FP.o28FP (.econst:xdc_runtime_Core_A_initializedParams__C)
                  00305dfa    00000002     memoria_sysbios_v2_p28FP.o28FP (.econst:xdc_runtime_Core_Module__diagsEnabled__C)
                  00305dfc    00000002     memoria_sysbios_v2_p28FP.o28FP (.econst:xdc_runtime_Core_Module__diagsIncluded__C)
                  00305dfe    00000002     memoria_sysbios_v2_p28FP.o28FP (.econst:xdc_runtime_Core_Module__diagsMask__C)
                  00305e00    00000002     memoria_sysbios_v2_p28FP.o28FP (.econst:xdc_runtime_Error_E_memory__C)
                  00305e02    00000002     memoria_sysbios_v2_p28FP.o28FP (.econst:xdc_runtime_Error_policyFxn__C)
                  00305e04    00000002     memoria_sysbios_v2_p28FP.o28FP (.econst:xdc_runtime_Error_raiseHook__C)
                  00305e06    00000002     memoria_sysbios_v2_p28FP.o28FP (.econst:xdc_runtime_IFilterLogger_Interface__BASE__C)
                  00305e08    00000002     memoria_sysbios_v2_p28FP.o28FP (.econst:xdc_runtime_IGateProvider_Interface__BASE__C)
                  00305e0a    00000002     memoria_sysbios_v2_p28FP.o28FP (.econst:xdc_runtime_IHeap_Interface__BASE__C)
                  00305e0c    00000002     memoria_sysbios_v2_p28FP.o28FP (.econst:xdc_runtime_ILogger_Interface__BASE__C)
                  00305e0e    00000002     memoria_sysbios_v2_p28FP.o28FP (.econst:xdc_runtime_IModule_Interface__BASE__C)
                  00305e10    00000002     memoria_sysbios_v2_p28FP.o28FP (.econst:xdc_runtime_Memory_defaultHeapInstance__C)
                  00305e12    00000002     memoria_sysbios_v2_p28FP.o28FP (.econst:xdc_runtime_Startup_execImpl__C)
                  00305e14    00000002     memoria_sysbios_v2_p28FP.o28FP (.econst:xdc_runtime_Startup_lastFxns__A)
                  00305e16    00000002     memoria_sysbios_v2_p28FP.o28FP (.econst:xdc_runtime_Startup_sfxnRts__C)
                  00305e18    00000002     memoria_sysbios_v2_p28FP.o28FP (.econst:xdc_runtime_Startup_sfxnTab__C)
                  00305e1a    00000002     memoria_sysbios_v2_p28FP.o28FP (.econst:xdc_runtime_SysMin_bufSize__C)
                  00305e1c    00000002     memoria_sysbios_v2_p28FP.o28FP (.econst:xdc_runtime_SysMin_outputFunc__C)
                  00305e1e    00000002     memoria_sysbios_v2_p28FP.o28FP (.econst:xdc_runtime_System_Module__gateObj__C)
                  00305e20    00000002     memoria_sysbios_v2_p28FP.o28FP (.econst:xdc_runtime_System_abortFxn__C)
                  00305e22    00000002     memoria_sysbios_v2_p28FP.o28FP (.econst:xdc_runtime_System_exitFxn__C)
                  00305e24    00000002     memoria_sysbios_v2_p28FP.o28FP (.econst:xdc_runtime_System_extendFxn__C)
                  00305e26    00000002     memoria_sysbios_v2_p28FP.o28FP (.econst:xdc_runtime_Text_charTab__C)
                  00305e28    00000002     memoria_sysbios_v2_p28FP.o28FP (.econst:xdc_runtime_Text_nameEmpty__C)
                  00305e2a    00000002     memoria_sysbios_v2_p28FP.o28FP (.econst:xdc_runtime_Text_nameStatic__C)
                  00305e2c    00000002     memoria_sysbios_v2_p28FP.o28FP (.econst:xdc_runtime_Text_nodeTab__C)
                  00305e2e    00000002     memoria_sysbios_v2_p28FP.o28FP (.econst:xdc_runtime_Text_visitRopeFxn__C)
                  00305e30    00000001     memoria_sysbios_v2_p28FP.o28FP (.econst:ti_sysbios_family_c28_Timer_Module__id__C)
                  00305e31    00000001     memoria_sysbios_v2_p28FP.o28FP (.econst:ti_sysbios_family_c28_Timer_startupNeeded__C)
                  00305e32    00000001     memoria_sysbios_v2_p28FP.o28FP (.econst:ti_sysbios_family_c28_TimestampProvider_Module__id__C)
                  00305e33    00000001     memoria_sysbios_v2_p28FP.o28FP (.econst:ti_sysbios_family_c28_TimestampProvider_useClockTimer__C)
                  00305e34    00000001     memoria_sysbios_v2_p28FP.o28FP (.econst:ti_sysbios_gates_GateMutex_Module__id__C)
                  00305e35    00000001     memoria_sysbios_v2_p28FP.o28FP (.econst:ti_sysbios_hal_Hwi_Module__id__C)
                  00305e36    00000001     memoria_sysbios_v2_p28FP.o28FP (.econst:ti_sysbios_heaps_HeapMem_Module__id__C)
                  00305e37    00000001     memoria_sysbios_v2_p28FP.o28FP (.econst:ti_sysbios_heaps_HeapMem_Object__count__C)
                  00305e38    00000001     memoria_sysbios_v2_p28FP.o28FP (.econst:ti_sysbios_knl_Clock_Module__id__C)
                  00305e39    00000001     memoria_sysbios_v2_p28FP.o28FP (.econst:ti_sysbios_knl_Clock_Module__loggerDefined__C)
                  00305e3a    00000001     memoria_sysbios_v2_p28FP.o28FP (.econst:ti_sysbios_knl_Semaphore_Module__id__C)
                  00305e3b    00000001     memoria_sysbios_v2_p28FP.o28FP (.econst:ti_sysbios_knl_Semaphore_Module__loggerDefined__C)
                  00305e3c    00000001     memoria_sysbios_v2_p28FP.o28FP (.econst:ti_sysbios_knl_Swi_Module__id__C)
                  00305e3d    00000001     memoria_sysbios_v2_p28FP.o28FP (.econst:ti_sysbios_knl_Swi_Module__loggerDefined__C)
                  00305e3e    00000001     memoria_sysbios_v2_p28FP.o28FP (.econst:ti_sysbios_knl_Swi_Object__count__C)
                  00305e3f    00000001     memoria_sysbios_v2_p28FP.o28FP (.econst:ti_sysbios_knl_Task_Module__id__C)
                  00305e40    00000001     memoria_sysbios_v2_p28FP.o28FP (.econst:ti_sysbios_knl_Task_Module__loggerDefined__C)
                  00305e41    00000001     memoria_sysbios_v2_p28FP.o28FP (.econst:ti_sysbios_knl_Task_Object__count__C)
                  00305e42    00000001     memoria_sysbios_v2_p28FP.o28FP (.econst:ti_sysbios_knl_Task_numConstructedTasks__C)
                  00305e43    00000001     memoria_sysbios_v2_p28FP.o28FP (.econst:ti_sysbios_utils_Load_Module__id__C)
                  00305e44    00000001     memoria_sysbios_v2_p28FP.o28FP (.econst:ti_sysbios_utils_Load_Module__loggerDefined__C)
                  00305e45    00000001     memoria_sysbios_v2_p28FP.o28FP (.econst:ti_sysbios_utils_Load_autoAddTasks__C)
                  00305e46    00000001     memoria_sysbios_v2_p28FP.o28FP (.econst:ti_sysbios_utils_Load_updateInIdle__C)
                  00305e47    00000001     memoria_sysbios_v2_p28FP.o28FP (.econst:ti_sysbios_utils_Load_windowInMs__C)
                  00305e48    00000001     memoria_sysbios_v2_p28FP.o28FP (.econst:ti_uia_loggers_LoggerStopMode_Module__id__C)
                  00305e49    00000001     memoria_sysbios_v2_p28FP.o28FP (.econst:ti_uia_loggers_LoggerStopMode_Object__count__C)
                  00305e4a    00000001     memoria_sysbios_v2_p28FP.o28FP (.econst:ti_uia_loggers_LoggerStopMode_isTimestampEnabled__C)
                  00305e4b    00000001     memoria_sysbios_v2_p28FP.o28FP (.econst:xdc_runtime_Core_Module__id__C)
                  00305e4c    00000001     memoria_sysbios_v2_p28FP.o28FP (.econst:xdc_runtime_Error_Module__loggerDefined__C)
                  00305e4d    00000001     memoria_sysbios_v2_p28FP.o28FP (.econst:xdc_runtime_Error_maxDepth__C)
                  00305e4e    00000001     memoria_sysbios_v2_p28FP.o28FP (.econst:xdc_runtime_Error_policy__C)
                  00305e4f    00000001     memoria_sysbios_v2_p28FP.o28FP (.econst:xdc_runtime_Memory_Module__id__C)
                  00305e50    00000001     memoria_sysbios_v2_p28FP.o28FP (.econst:xdc_runtime_Startup_maxPasses__C)
                  00305e51    00000001     memoria_sysbios_v2_p28FP.o28FP (.econst:xdc_runtime_SysMin_flushAtExit__C)
                  00305e52    00000001     memoria_sysbios_v2_p28FP.o28FP (.econst:xdc_runtime_System_maxAtexitHandlers__C)
                  00305e53    00000001     memoria_sysbios_v2_p28FP.o28FP (.econst:xdc_runtime_Text_charCnt__C)
                  00305e54    00000001     memoria_sysbios_v2_p28FP.o28FP (.econst:xdc_runtime_Text_isLoaded__C)
                  00305e55    00000001     memoria_sysbios_v2_p28FP.o28FP (.econst:xdc_runtime_Text_registryModsLastId__C)
                  00305e56    00000001     memoria_sysbios_v2_p28FP.o28FP (.econst:xdc_runtime_Text_unnamedModsLastId__C)

.cinit     0    00305e77    000004b4     
                  00305e77    00000186     memoria_sysbios_v2_p28FP.o28FP (.cinit)
                  00305ffd    00000103     memoria_sysbios_v2_p28FP.o28FP (.cinit:_ti_sysbios_family_c28_Hwi_Module_State_0_dispatchTable__A)
                  00306100    00000057     memoria_sysbios_v2_p28FP.o28FP (.cinit:_ti_uia_loggers_LoggerStopMode_Object__table__V)
                  00306157    00000043     memoria_sysbios_v2_p28FP.o28FP (.cinit:_ti_sysbios_knl_Swi_Module_State_0_readyQ__A)
                  0030619a    00000043     memoria_sysbios_v2_p28FP.o28FP (.cinit:_ti_sysbios_knl_Task_Module_State_0_readyQ__A)
                  003061dd    00000037     memoria_sysbios_v2_p28FP.o28FP (.cinit:_ti_sysbios_family_c28_Timer_Object__table__V)
                  00306214    0000002f     memoria_sysbios_v2_p28FP.o28FP (.cinit:_ti_sysbios_knl_Task_Object__table__V)
                  00306243    00000027     memoria_sysbios_v2_p28FP.o28FP (.cinit:_ti_sysbios_family_c28_Hwi_Object__table__V)
                  0030626a    00000027     memoria_sysbios_v2_p28FP.o28FP (.cinit:_ti_sysbios_gates_GateMutex_Object__table__V)
                  00306291    00000019     memoria_sysbios_v2_p28FP.o28FP (.cinit:_ti_sysbios_knl_Swi_Object__table__V)
                  003062aa    00000013     memoria_sysbios_v2_p28FP.o28FP (.cinit:_xdc_runtime_Diags_dictElems)
                  003062bd    00000011     memoria_sysbios_v2_p28FP.o28FP (.cinit:_ti_sysbios_heaps_HeapMem_Object__table__V)
                  003062ce    00000011     memoria_sysbios_v2_p28FP.o28FP (.cinit:_ti_sysbios_utils_Load_Module_State_0_taskEnv__A)
                  003062df    0000000e     rts2800_fpu32.lib : exit.c.obj (.cinit)
                  003062ed    0000000b     memoria_sysbios_v2_p28FP.o28FP (.cinit:_xdc_runtime_System_Module_State_0_atexitHandlers__A)
                  003062f8    00000009     ti.uia.runtime.a28FP : QueueDescriptor.o28FP (.cinit)
                  00306301    00000007     memoria_sysbios_v2_p28FP.o28FP (.cinit:_ti_sysbios_gates_GateHwi_Object__table__V)
                  00306308    00000005     rts2800_fpu32.lib : _lock.c.obj (.cinit:__lock)
                  0030630d    00000005                       : _lock.c.obj (.cinit:__unlock)
                  00306312    00000005     memoria_sysbios_v2_p28FP.o28FP (.cinit:_ti_sysbios_knl_Task_Module_State_0_idleTask__A)
                  00306317    00000005     memoria_sysbios_v2_p28FP.o28FP (.cinit:_ti_sysbios_utils_Load_Module_State_0_runningTask__A)
                  0030631c    00000005     memoria_sysbios_v2_p28FP.o28FP (.cinit:_ti_sysbios_utils_Load_Module_State_0_taskStartTime__A)
                  00306321    00000004     HIL_HWI_Config.obj (.cinit)
                  00306325    00000004     HIL_HWI_Config.obj (.cinit:_SCI_Rx_Mensaje)
                  00306329    00000002     --HOLE-- [fill = 0]

.switch    0    00306414    0000001c     
                  00306414    0000001c     sysbios.a28FP : BIOS.obj (.switch:_ti_sysbios_family_c28_Hwi_clearInterrupt__E)

.data      1    00000200    000000dd     UNINITIALIZED
                  00000200    0000004c     memoria_sysbios_v2_p28FP.o28FP (.data:ti_sysbios_utils_Load_Module__state__V)
                  0000024c    00000020     memoria_sysbios_v2_p28FP.o28FP (.data:ti_sysbios_knl_Task_Module__state__V)
                  0000026c    00000012     memoria_sysbios_v2_p28FP.o28FP (.data:ti_sysbios_BIOS_Module__state__V)
                  0000027e    00000002     memoria_sysbios_v2_p28FP.o28FP (.data:xdc_runtime_Memory_Module__state__V)
                  00000280    00000016     memoria_sysbios_v2_p28FP.o28FP (.data:ti_sysbios_knl_Clock_Module__state__V)
                  00000296    00000010     memoria_sysbios_v2_p28FP.o28FP (.data:ti_sysbios_family_c28_Hwi_Module__state__V)
                  000002a6    0000000c     memoria_sysbios_v2_p28FP.o28FP (.data:ti_sysbios_knl_Swi_Module__state__V)
                  000002b2    00000008     memoria_sysbios_v2_p28FP.o28FP (.data:ti_sysbios_family_c28_Timer_Module__state__V)
                  000002ba    00000006     memoria_sysbios_v2_p28FP.o28FP (.data:ti_uia_runtime_QueueDescriptor_Module__state__V)
                  000002c0    00000004     memoria_sysbios_v2_p28FP.o28FP (.data:ti_sysbios_family_c28_TimestampProvider_Module__state__V)
                  000002c4    00000004     memoria_sysbios_v2_p28FP.o28FP (.data:ti_uia_loggers_LoggerStopMode_Module__state__V)
                  000002c8    00000004     memoria_sysbios_v2_p28FP.o28FP (.data:xdc_runtime_Registry_Module__state__V)
                  000002cc    00000004     memoria_sysbios_v2_p28FP.o28FP (.data:xdc_runtime_Startup_Module__state__V)
                  000002d0    00000004     memoria_sysbios_v2_p28FP.o28FP (.data:xdc_runtime_SysMin_Module__state__V)
                  000002d4    00000004     memoria_sysbios_v2_p28FP.o28FP (.data:xdc_runtime_System_Module__state__V)
                  000002d8    00000004     memoria_sysbios_v2_p28FP.o28FP (.data:xdc_runtime_Text_Module__state__V)
                  000002dc    00000001     memoria_sysbios_v2_p28FP.o28FP (.data:xdc_runtime_Error_Module__state__V)

DevEmuRegsFile 
*          1    00000880    000000d0     UNINITIALIZED
                  00000880    000000d0     DSP2833x_GlobalVariableDefs.obj (DevEmuRegsFile)

FlashRegsFile 
*          1    00000a80    00000008     UNINITIALIZED
                  00000a80    00000008     DSP2833x_GlobalVariableDefs.obj (FlashRegsFile)

CsmRegsFile 
*          1    00000ae0    00000010     UNINITIALIZED
                  00000ae0    00000010     DSP2833x_GlobalVariableDefs.obj (CsmRegsFile)

AdcMirrorFile 
*          1    00000b00    00000010     UNINITIALIZED
                  00000b00    00000010     DSP2833x_GlobalVariableDefs.obj (AdcMirrorFile)

XintfRegsFile 
*          1    00000b20    0000001e     UNINITIALIZED
                  00000b20    0000001e     DSP2833x_GlobalVariableDefs.obj (XintfRegsFile)

CpuTimer0RegsFile 
*          1    00000c00    00000008     UNINITIALIZED
                  00000c00    00000008     DSP2833x_GlobalVariableDefs.obj (CpuTimer0RegsFile)

CpuTimer1RegsFile 
*          1    00000c08    00000008     UNINITIALIZED
                  00000c08    00000008     DSP2833x_GlobalVariableDefs.obj (CpuTimer1RegsFile)

CpuTimer2RegsFile 
*          1    00000c10    00000008     UNINITIALIZED
                  00000c10    00000008     DSP2833x_GlobalVariableDefs.obj (CpuTimer2RegsFile)

PieCtrlRegsFile 
*          1    00000ce0    0000001a     UNINITIALIZED
                  00000ce0    0000001a     DSP2833x_GlobalVariableDefs.obj (PieCtrlRegsFile)

DmaRegsFile 
*          1    00001000    000000e0     UNINITIALIZED
                  00001000    000000e0     DSP2833x_GlobalVariableDefs.obj (DmaRegsFile)

McbspaRegsFile 
*          1    00005000    00000025     UNINITIALIZED
                  00005000    00000025     DSP2833x_GlobalVariableDefs.obj (McbspaRegsFile)

McbspbRegsFile 
*          1    00005040    00000025     UNINITIALIZED
                  00005040    00000025     DSP2833x_GlobalVariableDefs.obj (McbspbRegsFile)

ECanaRegsFile 
*          1    00006000    00000034     UNINITIALIZED
                  00006000    00000034     DSP2833x_GlobalVariableDefs.obj (ECanaRegsFile)

ECanaLAMRegsFile 
*          1    00006040    00000040     UNINITIALIZED
                  00006040    00000040     DSP2833x_GlobalVariableDefs.obj (ECanaLAMRegsFile)

ECanaMOTSRegsFile 
*          1    00006080    00000040     UNINITIALIZED
                  00006080    00000040     DSP2833x_GlobalVariableDefs.obj (ECanaMOTSRegsFile)

ECanaMOTORegsFile 
*          1    000060c0    00000040     UNINITIALIZED
                  000060c0    00000040     DSP2833x_GlobalVariableDefs.obj (ECanaMOTORegsFile)

ECanaMboxesFile 
*          1    00006100    00000100     UNINITIALIZED
                  00006100    00000100     DSP2833x_GlobalVariableDefs.obj (ECanaMboxesFile)

ECanbRegsFile 
*          1    00006200    00000034     UNINITIALIZED
                  00006200    00000034     DSP2833x_GlobalVariableDefs.obj (ECanbRegsFile)

ECanbLAMRegsFile 
*          1    00006240    00000040     UNINITIALIZED
                  00006240    00000040     DSP2833x_GlobalVariableDefs.obj (ECanbLAMRegsFile)

ECanbMOTSRegsFile 
*          1    00006280    00000040     UNINITIALIZED
                  00006280    00000040     DSP2833x_GlobalVariableDefs.obj (ECanbMOTSRegsFile)

ECanbMOTORegsFile 
*          1    000062c0    00000040     UNINITIALIZED
                  000062c0    00000040     DSP2833x_GlobalVariableDefs.obj (ECanbMOTORegsFile)

ECanbMboxesFile 
*          1    00006300    00000100     UNINITIALIZED
                  00006300    00000100     DSP2833x_GlobalVariableDefs.obj (ECanbMboxesFile)

EPwm1RegsFile 
*          1    00006800    00000022     UNINITIALIZED
                  00006800    00000022     DSP2833x_GlobalVariableDefs.obj (EPwm1RegsFile)

EPwm2RegsFile 
*          1    00006840    00000022     UNINITIALIZED
                  00006840    00000022     DSP2833x_GlobalVariableDefs.obj (EPwm2RegsFile)

EPwm3RegsFile 
*          1    00006880    00000022     UNINITIALIZED
                  00006880    00000022     DSP2833x_GlobalVariableDefs.obj (EPwm3RegsFile)

EPwm4RegsFile 
*          1    000068c0    00000022     UNINITIALIZED
                  000068c0    00000022     DSP2833x_GlobalVariableDefs.obj (EPwm4RegsFile)

EPwm5RegsFile 
*          1    00006900    00000022     UNINITIALIZED
                  00006900    00000022     DSP2833x_GlobalVariableDefs.obj (EPwm5RegsFile)

EPwm6RegsFile 
*          1    00006940    00000022     UNINITIALIZED
                  00006940    00000022     DSP2833x_GlobalVariableDefs.obj (EPwm6RegsFile)

ECap1RegsFile 
*          1    00006a00    00000020     UNINITIALIZED
                  00006a00    00000020     DSP2833x_GlobalVariableDefs.obj (ECap1RegsFile)

ECap2RegsFile 
*          1    00006a20    00000020     UNINITIALIZED
                  00006a20    00000020     DSP2833x_GlobalVariableDefs.obj (ECap2RegsFile)

ECap3RegsFile 
*          1    00006a40    00000020     UNINITIALIZED
                  00006a40    00000020     DSP2833x_GlobalVariableDefs.obj (ECap3RegsFile)

ECap4RegsFile 
*          1    00006a60    00000020     UNINITIALIZED
                  00006a60    00000020     DSP2833x_GlobalVariableDefs.obj (ECap4RegsFile)

ECap5RegsFile 
*          1    00006a80    00000020     UNINITIALIZED
                  00006a80    00000020     DSP2833x_GlobalVariableDefs.obj (ECap5RegsFile)

ECap6RegsFile 
*          1    00006aa0    00000020     UNINITIALIZED
                  00006aa0    00000020     DSP2833x_GlobalVariableDefs.obj (ECap6RegsFile)

EQep1RegsFile 
*          1    00006b00    00000040     UNINITIALIZED
                  00006b00    00000040     DSP2833x_GlobalVariableDefs.obj (EQep1RegsFile)

EQep2RegsFile 
*          1    00006b40    00000040     UNINITIALIZED
                  00006b40    00000040     DSP2833x_GlobalVariableDefs.obj (EQep2RegsFile)

GpioCtrlRegsFile 
*          1    00006f80    0000002e     UNINITIALIZED
                  00006f80    0000002e     DSP2833x_GlobalVariableDefs.obj (GpioCtrlRegsFile)

GpioDataRegsFile 
*          1    00006fc0    00000020     UNINITIALIZED
                  00006fc0    00000020     DSP2833x_GlobalVariableDefs.obj (GpioDataRegsFile)

GpioIntRegsFile 
*          1    00006fe0    0000000a     UNINITIALIZED
                  00006fe0    0000000a     DSP2833x_GlobalVariableDefs.obj (GpioIntRegsFile)

SysCtrlRegsFile 
*          1    00007010    00000020     UNINITIALIZED
                  00007010    00000020     DSP2833x_GlobalVariableDefs.obj (SysCtrlRegsFile)

SpiaRegsFile 
*          1    00007040    00000010     UNINITIALIZED
                  00007040    00000010     DSP2833x_GlobalVariableDefs.obj (SpiaRegsFile)

SciaRegsFile 
*          1    00007050    00000010     UNINITIALIZED
                  00007050    00000010     DSP2833x_GlobalVariableDefs.obj (SciaRegsFile)

XIntruptRegsFile 
*          1    00007070    00000010     UNINITIALIZED
                  00007070    00000010     DSP2833x_GlobalVariableDefs.obj (XIntruptRegsFile)

AdcRegsFile 
*          1    00007100    0000001e     UNINITIALIZED
                  00007100    0000001e     DSP2833x_GlobalVariableDefs.obj (AdcRegsFile)

ScibRegsFile 
*          1    00007750    00000010     UNINITIALIZED
                  00007750    00000010     DSP2833x_GlobalVariableDefs.obj (ScibRegsFile)

ScicRegsFile 
*          1    00007770    00000010     UNINITIALIZED
                  00007770    00000010     DSP2833x_GlobalVariableDefs.obj (ScicRegsFile)

I2caRegsFile 
*          1    00007900    00000022     UNINITIALIZED
                  00007900    00000022     DSP2833x_GlobalVariableDefs.obj (I2caRegsFile)

CsmPwlFile 
*          1    0033fff8    00000008     UNINITIALIZED
                  0033fff8    00000008     DSP2833x_GlobalVariableDefs.obj (CsmPwlFile)

PartIdRegsFile 
*          1    00380090    00000001     UNINITIALIZED
                  00380090    00000001     DSP2833x_GlobalVariableDefs.obj (PartIdRegsFile)

.pinit     0    00300000    00000000     UNINITIALIZED

.text      0    00300042    000039e9     
                  00300042    0000023b     ti.targets.rts2800.a28FP : System.o28FP (.text:_xdc_runtime_System_doPrint__I)
                  0030027d    000001da     sysbios.a28FP : BIOS.obj (.text:_ti_sysbios_knl_Semaphore_pend__E)
                  00300457    000001c8     HIL_HWI_Config.obj (.text:_HIL_HWI_Init)
                  0030061f    000001a1     sysbios.a28FP : BIOS.obj (.text:_ti_sysbios_heaps_HeapMem_freeUnprotected__E)
                  003007c0    0000016c                   : BIOS.obj (.text:_ti_sysbios_heaps_HeapMem_allocUnprotected__E)
                  0030092c    00000107     rts2800_fpu32.lib : ll_div28.asm.obj (.text)
                  00300a33    000000ef     sysbios.a28FP : BIOS.obj (.text:_ti_sysbios_heaps_HeapMem_Instance_init__E)
                  00300b22    000000dc                   : BIOS.obj (.text:_ti_sysbios_family_c28_Hwi_clearInterrupt__E)
                  00300bfe    000000da     memoria_sysbios_v2_p28FP.o28FP (.text:_ti_uia_loggers_LoggerStopMode_writeMemoryRange__E)
                  00300cd8    000000d9     memoria_sysbios_v2_p28FP.o28FP (.text:_ti_uia_loggers_LoggerStopMode_write8__E)
                  00300db1    000000d7     TI28335_GPIO_Config.obj (.text:_GPIO_Config)
                  00300e88    000000c9     memoria_sysbios_v2_p28FP.o28FP (.text:_ti_uia_loggers_LoggerStopMode_write4__E)
                  00300f51    000000c7     sysbios.a28FP : BIOS.obj (.text:_ti_sysbios_family_c28_Hwi_dispatchCore__I)
                  00301018    000000c2     memoria_sysbios_v2_p28FP.o28FP (.text:_xdc_runtime_System_printfExtend__I)
                  003010da    000000c1     memoria_sysbios_v2_p28FP.o28FP (.text:_ti_uia_loggers_LoggerStopMode_write2__E)
                  0030119b    000000bf     sysbios.a28FP : BIOS.obj (.text:_ti_sysbios_knl_Semaphore_Instance_init__E)
                  0030125a    000000bd     memoria_sysbios_v2_p28FP.o28FP (.text:_ti_uia_loggers_LoggerStopMode_write1__E)
                  00301317    000000b9     sysbios.a28FP : BIOS.obj (.text:_ti_sysbios_knl_Semaphore_post__E)
                  003013d0    000000b5     memoria_sysbios_v2_p28FP.o28FP (.text:_ti_uia_loggers_LoggerStopMode_write0__E)
                  00301485    000000b1     sysbios.a28FP : c28_Hwi_disp_asm.obj (.text:_ti_sysbios_family_c28_Hwi_dispatchZero)
                  00301536    000000b1                   : BIOS.obj (.text:_ti_sysbios_knl_Clock_workFunc__E)
                  003015e7    000000a7                   : BIOS.obj (.text:_ti_sysbios_knl_Swi_run__I)
                  0030168e    000000a0     ti.targets.rts2800.a28FP : Core-mem.o28FP (.text:_xdc_runtime_Core_createObject__I)
                  0030172e    00000095     rts2800_fpu32.lib : trgmsg.c.obj (.text)
                  003017c3    0000008e     sysbios.a28FP : BIOS.obj (.text:_ti_sysbios_family_c28_Hwi_enableInterrupt__E)
                  00301851    0000008d     ti.targets.rts2800.a28FP : Core-smem.o28FP (.text:_xdc_runtime_Core_constructObject__I)
                  003018de    0000008b     sysbios.a28FP : BIOS.obj (.text:_ti_sysbios_knl_Task_startCore__E)
                  00301969    00000088     rts2800_fpu32.lib : fs_div28.asm.obj (.text)
                  003019f1    00000087     sysbios.a28FP : BIOS.obj (.text:_ti_sysbios_utils_Load_updateThreadContexts__E)
                  00301a78    00000085     HIL_HWI_Config.obj (.text:_Buck_Euler)
                  00301afd    00000083     rts2800_fpu32.lib : fd_mpy28.asm.obj (.text)
                  00301b80    00000082     sysbios.a28FP : BIOS.obj (.text:_ti_sysbios_knl_Task_schedule__I)
                  00301c02    00000081                   : BIOS.obj (.text:_ti_sysbios_family_c28_Hwi_disableInterrupt__E)
                  00301c83    0000007f                   : BIOS.obj (.text:_ti_sysbios_family_c28_Hwi_disablePIEIER__E)
                  00301d02    0000007e                   : BIOS.obj (.text:_ti_sysbios_family_c28_Hwi_enablePIEIER__E)
                  00301d80    0000007c                   : BIOS.obj (.text:_ti_sysbios_knl_Task_postInit__I)
                  00301dfc    00000075                   : BIOS.obj (.text:_ti_sysbios_knl_Task_checkStacks__E)
                  00301e71    00000074                   : BIOS.obj (.text:_ti_sysbios_utils_Load_updateLoads__E)
                  00301ee5    00000073     ti.uia.loggers.a28FP : LoggerStopMode.o28FP (.text:_ti_uia_loggers_LoggerStopMode_flush__E)
                  00301f58    00000072     ti.targets.rts2800.a28FP : Startup.o28FP (.text:_xdc_runtime_Startup_startMods__I)
                  00301fca    00000071     sysbios.a28FP : BIOS.obj (.text:_ti_sysbios_gates_GateMutex_enter__E)
                  0030203b    0000006f                   : BIOS.obj (.text:_ti_sysbios_knl_Task_exit__E)
                  003020aa    00000069     boot.a28FP : boot_cg.o28FP (.text)
                  00302113    00000067     sysbios.a28FP : BIOS.obj (.text:_ti_sysbios_family_c28_Timer_stopAndClear__I)
                  0030217a    00000067                   : BIOS.obj (.text:_ti_sysbios_knl_Task_setHookContext__E)
                  003021e1    00000067                   : BIOS.obj (.text:_ti_sysbios_utils_Load_idleFxn__E)
                  00302248    00000066                   : BIOS.obj (.text:_ti_sysbios_family_c28_Hwi_plug__E)
                  003022ae    00000061                   : BIOS.obj (.text:_ti_sysbios_knl_Task_blockI__E)
                  0030230f    00000061                   : BIOS.obj (.text:_ti_sysbios_utils_Load_logLoads__I)
                  00302370    00000060                   : BIOS.obj (.text:_ti_sysbios_knl_Swi_post__E)
                  003023d0    00000060     ti.targets.rts2800.a28FP : Error.o28FP (.text:_xdc_runtime_Error_policyDefault__E)
                  00302430    00000060                              : Text.o28FP (.text:_xdc_runtime_Text_putSite__E)
                  00302490    0000005b     DSP2833x_SysCtrl.obj (.text:_InitPeripheralClocks)
                  003024eb    00000058     ti.uia.loggers.a28FP : LoggerStopMode.o28FP (.text:_ti_uia_loggers_LoggerStopMode_initQueueDescriptor__E)
                  00302543    00000054     sysbios.a28FP : BIOS.obj (.text:_ti_sysbios_knl_Task_unblockI__E)
                  00302597    0000004c                   : BIOS.obj (.text:_ti_sysbios_utils_Load_startup__E)
                  003025e3    00000047                   : BIOS.obj (.text:_ti_sysbios_family_c28_Hwi_Module_startup__E)
                  0030262a    00000047                   : BIOS.obj (.text:_ti_sysbios_knl_Task_Module_startup__E)
                  00302671    00000045                   : BIOS.obj (.text:_ti_sysbios_family_c28_TimestampProvider_get64__E)
                  003026b6    00000043                   : BIOS.obj (.text:_ti_sysbios_utils_Load_taskCreateHook__E)
                  003026f9    00000042                   : BIOS.obj (.text:_ti_sysbios_family_c28_Hwi_unPluggedInterrupt__I)
                  0030273b    00000041     ti.targets.rts2800.a28FP : Text.o28FP (.text:_xdc_runtime_Text_putLab__E)
                  0030277c    00000040                              : Memory.o28FP (.text:_xdc_runtime_Memory_alloc__E)
                  003027bc    0000003f     sysbios.a28FP : BIOS.obj (.text:_ti_sysbios_utils_Load_addTask__E)
                  003027fb    0000003e                   : BIOS.obj (.text:_ti_sysbios_family_c28_Timer_postInit__I)
                  00302839    0000003e     ti.targets.rts2800.a28FP : Core-mem.o28FP (.text:_xdc_runtime_Core_deleteObject__I)
                  00302877    0000003d     ti.uia.runtime.a28FP : QueueDescriptor.o28FP (.text:_ti_uia_runtime_QueueDescriptor_addToList__E)
                  003028b4    0000003c     sysbios.a28FP : BIOS.obj (.text:_ti_sysbios_knl_Swi_restoreHwi__E)
                  003028f0    0000003a     main.obj (.text:_main)
                  0030292a    0000003a     sysbios.a28FP : BIOS.obj (.text:_ti_sysbios_utils_Load_updateCurrentThreadTime__E)
                  00302964    00000039                   : BIOS.obj (.text:_ti_sysbios_family_c28_TaskSupport_start__E)
                  0030299d    00000038                   : BIOS.obj (.text:_ti_sysbios_utils_Load_logCPULoad__I)
                  003029d5    00000038     ti.targets.rts2800.a28FP : Text.o28FP (.text:_xdc_runtime_Text_putMod__E)
                  00302a0d    00000037     sysbios.a28FP : BIOS.obj (.text:_ti_sysbios_knl_Clock_logTick__E)
                  00302a44    00000037     rts2800_fpu32.lib : hostwrite.c.obj (.text)
                  00302a7b    00000036     sysbios.a28FP : BIOS.obj (.text:_ti_sysbios_family_c28_TimestampProvider_Module_startup__E)
                  00302ab1    00000035     ti.targets.rts2800.a28FP : System.o28FP (.text:_xdc_runtime_System_formatNum__I)
                  00302ae6    00000034     sysbios.a28FP : BIOS.obj (.text:_ti_sysbios_utils_Load_taskSwitchHook__E)
                  00302b1a    00000033                   : BIOS.obj (.text:_ti_sysbios_family_c28_TimestampProvider_get32__E)
                  00302b4d    00000031                   : BIOS.obj (.text:_ti_sysbios_family_c28_Timer_getFreq__E)
                  00302b7e    00000031                   : BIOS.obj (.text:_ti_sysbios_heaps_HeapMem_alloc__E)
                  00302baf    00000031     ti.targets.rts2800.a28FP : Error.o28FP (.text:_xdc_runtime_Error_print__E)
                  00302be0    00000030     sysbios.a28FP : BIOS.obj (.text:_ti_sysbios_knl_Swi_schedule__I)
                  00302c10    0000002f     ti.uia.loggers.a28FP : LoggerStopMode.o28FP (.text:_ti_uia_loggers_LoggerStopMode_Module_startup__E)
                  00302c3f    0000002f     ti.targets.rts2800.a28FP : Core-params.o28FP (.text:_xdc_runtime_Core_assignParams__I)
                  00302c6e    0000002f                              : Startup.o28FP (.text:_xdc_runtime_Startup_exec__E)
                  00302c9d    0000002e     Boot.a28FP : Boot.o28FP (.text:.bootCodeSection:_ti_catalog_c2800_init_Boot_configurePll2802x)
                  00302ccb    0000002e     sysbios.a28FP : BIOS.obj (.text:_ti_sysbios_family_c28_Hwi_getStackInfo__E)
                  00302cf9    0000002e                   : BIOS.obj (.text:_ti_sysbios_knl_Swi_runLoop__I)
                  00302d27    0000002d                   : BIOS.obj (.text:_ti_sysbios_family_c28_Hwi_getInterruptFlag__E)
                  00302d54    0000002d                   : BIOS.obj (.text:_ti_sysbios_family_c28_Timer_start__E)
                  00302d81    0000002d                   : BIOS.obj (.text:_ti_sysbios_heaps_HeapMem_getStats__E)
                  00302dae    0000002d     ti.targets.rts2800.a28FP : Assert.o28FP (.text:_xdc_runtime_Assert_raise__I)
                  00302ddb    0000002d                              : Error.o28FP (.text:_xdc_runtime_Error_setX__E)
                  00302e08    0000002d                              : Text.o28FP (.text:_xdc_runtime_Text_visitRope2__I)
                  00302e35    0000002b     TI28335_ADC_Config.obj (.text:_ADC_Config)
                  00302e60    00000029     sysbios.a28FP : BIOS.obj (.text:_ti_sysbios_utils_Load_taskDeleteHook__E)
                  00302e89    00000029     ti.targets.rts2800.a28FP : Text.o28FP (.text:_xdc_runtime_Text_xprintf__I)
                  00302eb2    00000029     rts2800_fpu32.lib : exit.c.obj (.text)
                  00302edb    00000028     sysbios.a28FP : BIOS.obj (.text:_ti_sysbios_family_c28_Timer_getExpiredCounts64__E)
                  00302f03    00000027     HIL_HWI_Config.obj (.text:_IQ_txt)
                  00302f2a    00000027     sysbios.a28FP : BIOS.obj (.text:_ti_sysbios_heaps_HeapMem_init__I)
                  00302f51    00000026                   : BIOS.obj (.text:_ti_sysbios_utils_Load_removeTask__E)
                  00302f77    00000026     ti.uia.loggers.a28FP : LoggerStopMode.o28FP (.text:_ti_uia_loggers_LoggerStopMode_reset__E)
                  00302f9d    00000026     ti.targets.rts2800.a28FP : SysMin.o28FP (.text:_xdc_runtime_SysMin_flush__E)
                  00302fc3    00000025     sysbios.a28FP : c28_TaskSupport_asm.obj (.text:_ti_sysbios_family_c28_TaskSupport_buildTaskStack)
                  00302fe8    00000025                   : BIOS.obj (.text:_ti_sysbios_family_c28_Timer_getExpiredCounts__E)
                  0030300d    00000025     ti.uia.loggers.a28FP : LoggerStopMode.o28FP (.text:_ti_uia_loggers_LoggerStopMode_initBuffer__I)
                  00303032    00000024     rts2800_fpu32.lib : cpy_tbl.c.obj (.text)
                  00303056    00000023     ti.targets.rts2800.a28FP : System.o28FP (.text:_xdc_runtime_System_processAtExit__E)
                  00303079    00000022     HIL_PWM_Config.obj (.text:_PWM1A_config)
                  0030309b    00000021     HIL_HWI_Config.obj (.text:_Sci_Rx)
                  003030bc    00000020     memoria_sysbios_v2_p28FP.o28FP (.text:_ti_sysbios_family_c28_Hwi_disableIER__E)
                  003030dc    00000020     sysbios.a28FP : BIOS.obj (.text:_ti_sysbios_family_c28_Timer_setPrescale__E)
                  003030fc    00000020     ti.targets.rts2800.a28FP : System.o28FP (.text:_xdc_runtime_System_atexit__E)
                  0030311c    0000001f     sysbios.a28FP : BIOS.obj (.text:_ti_sysbios_knl_Task_allBlockedFunction__I)
                  0030313b    0000001f     rts2800_fpu32.lib : fd_tol28.asm.obj (.text)
                  0030315a    0000001d     sysbios.a28FP : c28_TaskSupport_asm.obj (.text:_ti_sysbios_family_c28_TaskSupport_swap__E)
                  00303177    0000001d     memoria_sysbios_v2_p28FP.o28FP (.text:_ti_sysbios_gates_GateHwi_Object__create__S)
                  00303194    0000001d     memoria_sysbios_v2_p28FP.o28FP (.text:_ti_sysbios_gates_GateMutex_Object__create__S)
                  003031b1    0000001d     memoria_sysbios_v2_p28FP.o28FP (.text:_ti_sysbios_heaps_HeapMem_Object__create__S)
                  003031ce    0000001d     memoria_sysbios_v2_p28FP.o28FP (.text:_ti_sysbios_knl_Semaphore_construct)
                  003031eb    0000001d     memoria_sysbios_v2_p28FP.o28FP (.text:_ti_uia_loggers_LoggerStopMode_Object__create__S)
                  00303208    0000001d     memoria_sysbios_v2_p28FP.o28FP (.text:_xdc_runtime_Error_policyLog__I)
                  00303225    0000001d     ti.targets.rts2800.a28FP : SysMin.o28FP (.text:_xdc_runtime_SysMin_putch__E)
                  00303242    0000001d     rts2800_fpu32.lib : memcpy.c.obj (.text)
                  0030325f    0000001c     memoria_sysbios_v2_p28FP.o28FP (.text:_ti_sysbios_family_c28_Hwi_enableIER__E)
                  0030327b    0000001c     sysbios.a28FP : BIOS.obj (.text:_ti_sysbios_hal_Hwi_checkStack)
                  00303297    0000001c                   : BIOS.obj (.text:_ti_sysbios_heaps_HeapMem_free__E)
                  003032b3    0000001c                   : BIOS.obj (.text:_ti_sysbios_knl_Semaphore_pendTimeout__I)
                  003032cf    0000001c                   : BIOS.obj (.text:_ti_sysbios_knl_Task_processVitalTaskFlag__I)
                  003032eb    0000001c                   : BIOS.obj (.text:_ti_sysbios_utils_Load_getTaskLoad__E)
                  00303307    0000001c     memoria_sysbios_v2_p28FP.o28FP (.text:_xdc_runtime_SysMin_output__I)
                  00303323    0000001c     rts2800_fpu32.lib : fs_tofdfpu32.asm.obj (.text)
                  0030333f    0000001b     memoria_sysbios_v2_p28FP.o28FP (.text:_ti_sysbios_family_c28_Hwi_restore__E)
                  0030335a    0000001b     sysbios.a28FP : c28_Hwi_asm.obj (.text:_ti_sysbios_family_c28_Hwi_switchAndDispatch__I)
                  00303375    0000001b                   : BIOS.obj (.text:_ti_sysbios_hal_Hwi_initStack)
                  00303390    0000001a     TI28335_GPIO_Config.obj (.text:_GPIO_SCIa_Config)
                  003033aa    0000001a     ti.targets.rts2800.a28FP : System.o28FP (.text:_xdc_runtime_System_avprintf__E)
                  003033c4    00000019     TI28335_SCI_Config.obj (.text:_SCIA_Config)
                  003033dd    00000019     memoria_sysbios_v2_p28FP.o28FP (.text:_ti_sysbios_knl_Queue_construct)
                  003033f6    00000019     ti.targets.rts2800.a28FP : Core-label.o28FP (.text:_xdc_runtime_Core_assignLabel__I)
                  0030340f    00000019                              : System.o28FP (.text:_xdc_runtime_System_vprintf__E)
                  00303428    00000018     memoria_sysbios_v2_p28FP.o28FP (.text:_ti_sysbios_family_c28_Hwi_restoreIER__E)
                  00303440    00000018     sysbios.a28FP : c28_Hwi_asm.obj (.text:_ti_sysbios_family_xxx_Hwi_switchAndRunFunc)
                  00303458    00000018                   : BIOS.obj (.text:_ti_sysbios_knl_Swi_restore__E)
                  00303470    00000018     ti.targets.rts2800.a28FP : System.o28FP (.text:_xdc_runtime_System_putchar__I)
                  00303488    00000017     memoria_sysbios_v2_p28FP.o28FP (.text:_ti_sysbios_BIOS_startFunc__I)
                  0030349f    00000017     sysbios.a28FP : BIOS.obj (.text:_ti_sysbios_family_c28_Timer_startup__E)
                  003034b6    00000017     memoria_sysbios_v2_p28FP.o28FP (.text:_ti_sysbios_knl_Clock_doTick__I)
                  003034cd    00000017     ti.targets.rts2800.a28FP : Memory.o28FP (.text:_xdc_runtime_Memory_valloc__E)
                  003034e4    00000017                              : SysMin.o28FP (.text:_xdc_runtime_SysMin_abort__E)
                  003034fb    00000016     TI28335_GPIO_Config.obj (.text:_GPIO_LED2_Config)
                  00303511    00000016     memoria_sysbios_v2_p28FP.o28FP (.text:_ti_sysbios_BIOS_atExitFunc__I)
                  00303527    00000016     sysbios.a28FP : BIOS.obj (.text:_ti_sysbios_family_c28_Timer_Module_startup__E)
                  0030353d    00000016     ti.targets.rts2800.a28FP : Text.o28FP (.text:_xdc_runtime_Text_printVisFxn__I)
                  00303553    00000015     sysbios.a28FP : BIOS.obj (.text:_ti_sysbios_knl_Swi_Module_startup__E)
                  00303568    00000015                   : BIOS.obj (.text:_ti_sysbios_knl_Task_restore__E)
                  0030357d    00000014                   : BIOS.obj (.text:_ti_sysbios_knl_Idle_run__E)
                  00303591    00000013     memoria_sysbios_v2_p28FP.o28FP (.text:_ti_sysbios_gates_GateMutex_Object__delete__S)
                  003035a4    00000013     sysbios.a28FP : BIOS.obj (.text:_ti_sysbios_knl_Clock_Module_startup__E)
                  003035b7    00000013     ti.uia.loggers.a28FP : LoggerStopMode.o28FP (.text:_ti_uia_loggers_LoggerStopMode_Instance_init__E)
                  003035ca    00000013     ti.targets.rts2800.a28FP : Error.o28FP (.text:_xdc_runtime_Error_raiseX__E)
                  003035dd    00000012     memoria_sysbios_v2_p28FP.o28FP (.text:_ti_sysbios_family_c28_Hwi_enable__E)
                  003035ef    00000012     memoria_sysbios_v2_p28FP.o28FP (.text:_ti_sysbios_gates_GateHwi_Object__delete__S)
                  00303601    00000012     memoria_sysbios_v2_p28FP.o28FP (.text:_ti_sysbios_heaps_HeapMem_Object__delete__S)
                  00303613    00000012     memoria_sysbios_v2_p28FP.o28FP (.text:_ti_uia_loggers_LoggerStopMode_Object__delete__S)
                  00303625    00000012     rts2800_fpu32.lib : args_main.c.obj (.text)
                  00303637    00000011     sysbios.a28FP : BIOS.obj (.text:_ti_sysbios_knl_Queue_put__E)
                  00303648    00000011                   : BIOS.obj (.text:_ti_sysbios_knl_Task_restoreHwi__E)
                  00303659    00000011     ti.targets.rts2800.a28FP : Text.o28FP (.text:_xdc_runtime_Text_cordText__E)
                  0030366a    00000010     memoria_sysbios_v2_p28FP.o28FP (.text:_ti_sysbios_BIOS_errorRaiseHook__I)
                  0030367a    00000010     memoria_sysbios_v2_p28FP.o28FP (.text:_ti_sysbios_family_c28_Hwi_disable__E)
                  0030368a    00000010     sysbios.a28FP : BIOS.obj (.text:_ti_sysbios_family_c28_Timer_stop__E)
                  0030369a    00000010     ti.targets.rts2800.a28FP : SysMin.o28FP (.text:_xdc_runtime_SysMin_Module_startup__E)
                  003036aa    0000000f     Boot.a28FP : Boot.o28FP (.text:.bootCodeSection:_ti_catalog_c2800_init_Boot_disableWatchdog)
                  003036b9    0000000f     memoria_sysbios_v2_p28FP.o28FP (.text:_ti_sysbios_BIOS_removeRTSLock__I)
                  003036c8    0000000f     sysbios.a28FP : BIOS.obj (.text:_ti_sysbios_gates_GateMutex_Instance_init__E)
                  003036d7    0000000f                   : BIOS.obj (.text:_ti_sysbios_knl_Task_unblock__E)
                  003036e6    0000000f     ti.targets.rts2800.a28FP : Registry.o28FP (.text:_xdc_runtime_Registry_findById__E)
                  003036f5    0000000e     TI28335_GPIO_Config.obj (.text:_GPIO_PWM1a_Config)
                  00303703    0000000e     memoria_sysbios_v2_p28FP.o28FP (.text:_ti_sysbios_family_c28_Hwi_Object__get__S)
                  00303711    0000000e     memoria_sysbios_v2_p28FP.o28FP (.text:_ti_sysbios_gates_GateMutex_Handle__label__S)
                  0030371f    0000000e     memoria_sysbios_v2_p28FP.o28FP (.text:_ti_sysbios_heaps_HeapMem_Handle__label__S)
                  0030372d    0000000e     memoria_sysbios_v2_p28FP.o28FP (.text:_ti_sysbios_heaps_HeapMem_Object__get__S)
                  0030373b    0000000e     memoria_sysbios_v2_p28FP.o28FP (.text:_ti_sysbios_knl_Semaphore_destruct)
                  00303749    0000000e     memoria_sysbios_v2_p28FP.o28FP (.text:_ti_sysbios_knl_Swi_Object__get__S)
                  00303757    0000000e     memoria_sysbios_v2_p28FP.o28FP (.text:_ti_sysbios_knl_Task_Object__get__S)
                  00303765    0000000e     memoria_sysbios_v2_p28FP.o28FP (.text:_ti_uia_loggers_LoggerStopMode_Handle__label__S)
                  00303773    0000000e     memoria_sysbios_v2_p28FP.o28FP (.text:_ti_uia_loggers_LoggerStopMode_Object__get__S)
                  00303781    0000000e     ti.uia.loggers.a28FP : LoggerStopMode.o28FP (.text:_ti_uia_loggers_LoggerStopMode_enable__E)
                  0030378f    0000000d     memoria_sysbios_v2_p28FP.o28FP (.text:_ti_sysbios_BIOS_registerRTSLock__I)
                  0030379c    0000000d     memoria_sysbios_v2_p28FP.o28FP (.text:_ti_sysbios_BIOS_rtsLock__I)
                  003037a9    0000000d     sysbios.a28FP : BIOS.obj (.text:_ti_sysbios_family_c28_Hwi_dispatchC__I)
                  003037b6    0000000d     memoria_sysbios_v2_p28FP.o28FP (.text:_ti_sysbios_gates_GateHwi_Handle__label__S)
                  003037c3    0000000d     sysbios.a28FP : BIOS.obj (.text:_ti_sysbios_knl_Clock_enqueueI__E)
                  003037d0    0000000d     memoria_sysbios_v2_p28FP.o28FP (.text:_ti_sysbios_knl_Queue_destruct)
                  003037dd    0000000d     ti.uia.loggers.a28FP : LoggerStopMode.o28FP (.text:_ti_uia_loggers_LoggerStopMode_disable__E)
                  003037ea    0000000d     ti.targets.rts2800.a28FP : Error.o28FP (.text:_xdc_runtime_Error_check__E)
                  003037f7    0000000d                              : System.o28FP (.text:_xdc_runtime_System_abort__E)
                  00303804    0000000c     memoria_sysbios_v2_p28FP.o28FP (.text:_ti_sysbios_BIOS_exitFunc__I)
                  00303810    0000000c     sysbios.a28FP : BIOS.obj (.text:_ti_sysbios_gates_GateMutex_leave__E)
                  0030381c    0000000c                   : BIOS.obj (.text:_ti_sysbios_knl_Task_enabled__E)
                  00303828    0000000c                   : BIOS.obj (.text:_ti_sysbios_knl_Task_enter__I)
                  00303834    0000000c     ti.targets.rts2800.a28FP : SysMin.o28FP (.text:_xdc_runtime_SysMin_exit__E)
                  00303840    0000000b     memoria_sysbios_v2_p28FP.o28FP (.text:_ti_sysbios_family_c28_Hwi_Module__startupDone__F)
                  0030384b    0000000b     memoria_sysbios_v2_p28FP.o28FP (.text:_ti_sysbios_family_c28_Timer_Module__startupDone__F)
                  00303856    0000000b     memoria_sysbios_v2_p28FP.o28FP (.text:_ti_sysbios_knl_Queue_Object__get__S)
                  00303861    0000000b     memoria_sysbios_v2_p28FP.o28FP (.text:_ti_sysbios_knl_Task_SupportProxy_start__E)
                  0030386c    0000000b     ti.targets.rts2800.a28FP : System.o28FP (.text:_xdc_runtime_System_exit__E)
                  00303877    0000000a                              : Error.o28FP (.text:_xdc_runtime_Error_init__E)
                  00303881    0000000a                              : Memory.o28FP (.text:_xdc_runtime_Memory_free__E)
                  0030388b    0000000a                              : System.o28FP (.text:_xdc_runtime_System_vsnprintf__E)
                  00303895    0000000a                              : Text.o28FP (.text:_xdc_runtime_Text_ropeText__E)
                  0030389f    00000009     memoria_sysbios_v2_p28FP.o28FP (.text:_ti_sysbios_BIOS_rtsUnlock__I)
                  003038a8    00000009     sysbios.a28FP : BIOS.obj (.text:_ti_sysbios_family_c28_TaskSupport_checkStack__E)
                  003038b1    00000009                   : c28_TaskSupport_asm.obj (.text:_ti_sysbios_family_c28_TaskSupport_glue)
                  003038ba    00000009                   : BIOS.obj (.text:_ti_sysbios_hal_Hwi_Module_startup__E)
                  003038c3    00000009     ti.uia.loggers.a28FP : LoggerStopMode.o28FP (.text:_ti_uia_loggers_LoggerStopMode_isEmpty__E)
                  003038cc    00000009     memoria_sysbios_v2_p28FP.o28FP (.text:_xdc_runtime_Startup_exec__I)
                  003038d5    00000009     memoria_sysbios_v2_p28FP.o28FP (.text:_xdc_runtime_Text_visitRope__I)
                  003038de    00000009     rts2800_fpu32.lib : _lock.c.obj (.text)
                  003038e7    00000008     sysbios.a28FP : BIOS.obj (.text:_ti_sysbios_BIOS_setThreadType__E)
                  003038ef    00000008                   : BIOS.obj (.text:_ti_sysbios_gates_GateMutex_Instance_finalize__E)
                  003038f7    00000008                   : BIOS.obj (.text:_ti_sysbios_gates_GateMutex_query__E)
                  003038ff    00000008                   : BIOS.obj (.text:_ti_sysbios_knl_Semaphore_Instance_finalize__E)
                  00303907    00000008     memoria_sysbios_v2_p28FP.o28FP (.text:_xdc_runtime_IHeap_alloc)
                  0030390f    00000008     ti.targets.rts2800.a28FP : Memory.o28FP (.text:_xdc_runtime_Memory_calloc__E)
                  00303917    00000008                              : SysMin.o28FP (.text:_xdc_runtime_SysMin_ready__E)
                  0030391f    00000008     rts2800_fpu32.lib : strlen.c.obj (.text)
                  00303927    00000007     memoria_sysbios_v2_p28FP.o28FP (.text:.bootCodeSection:_ti_catalog_c2800_init_Boot_init)
                  0030392e    00000007     sysbios.a28FP : BIOS.obj (.text:_ti_sysbios_knl_Queue_empty__E)
                  00303935    00000007     memoria_sysbios_v2_p28FP.o28FP (.text:_xdc_runtime_System_aprintf__E)
                  0030393c    00000007     memoria_sysbios_v2_p28FP.o28FP (.text:_xdc_runtime_System_printf__E)
                  00303943    00000007     rts2800_fpu32.lib : memset.c.obj (.text)
                  0030394a    00000006     sysbios.a28FP : BIOS.obj (.text:_ti_sysbios_BIOS_start__E)
                  00303950    00000006     memoria_sysbios_v2_p28FP.o28FP (.text:_ti_sysbios_family_c28_Hwi_startup__E)
                  00303956    00000006     sysbios.a28FP : c28_IntrinsicsSupport_asm.obj (.text:_ti_sysbios_family_c28_IntrinsicsSupport_maxbit__E)
                  0030395c    00000006                   : BIOS.obj (.text:_ti_sysbios_family_c28_TimestampProvider_rolloverFunc__E)
                  00303962    00000006                   : BIOS.obj (.text:_ti_sysbios_family_c28_TimestampProvider_startTimer__E)
                  00303968    00000006                   : BIOS.obj (.text:_ti_sysbios_knl_Swi_disable__E)
                  0030396e    00000006                   : BIOS.obj (.text:_ti_sysbios_knl_Task_disable__E)
                  00303974    00000006     ti.targets.rts2800.a28FP : Gate.o28FP (.text:_xdc_runtime_Gate_enterSystem__E)
                  0030397a    00000006                              : Gate.o28FP (.text:_xdc_runtime_Gate_leaveSystem__E)
                  00303980    00000005     sysbios.a28FP : BIOS.obj (.text:_ti_sysbios_family_c28_Hwi_switchFromBootStack__E)
                  00303985    00000004                   : BIOS.obj (.text:_ti_sysbios_family_c28_TimestampProvider_getFreq__E)
                  00303989    00000004                   : BIOS.obj (.text:_ti_sysbios_gates_GateHwi_enter__E)
                  0030398d    00000004                   : BIOS.obj (.text:_ti_sysbios_heaps_HeapMem_isBlocking__E)
                  00303991    00000004                   : BIOS.obj (.text:_ti_sysbios_knl_Swi_startup__E)
                  00303995    00000004                   : BIOS.obj (.text:_ti_sysbios_utils_Load_taskRegHook__E)
                  00303999    00000004     memoria_sysbios_v2_p28FP.o28FP (.text:_xdc_runtime_IHeap_free)
                  0030399d    00000004     ti.targets.rts2800.a28FP : Memory.o28FP (.text:_xdc_runtime_Memory_getMaxDefaultTypeAlign__E)
                  003039a1    00000004                              : Startup.o28FP (.text:_xdc_runtime_Startup_rtsDone__E)
                  003039a5    00000003                              : xdc_noinit.o28FP (.text:___xdc__init)
                  003039a8    00000003     memoria_sysbios_v2_p28FP.o28FP (.text:_ti_catalog_c2800_init_Boot_limpAbort)
                  003039ab    00000003     memoria_sysbios_v2_p28FP.o28FP (.text:_ti_sysbios_BIOS_RtsGateProxy_enter__E)
                  003039ae    00000003     memoria_sysbios_v2_p28FP.o28FP (.text:_ti_sysbios_BIOS_RtsGateProxy_leave__E)
                  003039b1    00000003     sysbios.a28FP : c28_Hwi_asm.obj (.text:_ti_sysbios_family_c28_Hwi_getIFR__I)
                  003039b4    00000003                   : BIOS.obj (.text:_ti_sysbios_gates_GateHwi_leave__E)
                  003039b7    00000003     memoria_sysbios_v2_p28FP.o28FP (.text:_ti_sysbios_hal_Hwi_HwiProxy_getStackInfo__E)
                  003039ba    00000003     memoria_sysbios_v2_p28FP.o28FP (.text:_ti_sysbios_hal_Hwi_HwiProxy_switchFromBootStack__E)
                  003039bd    00000003     sysbios.a28FP : BIOS.obj (.text:_ti_sysbios_hal_Hwi_startup__E)
                  003039c0    00000003     memoria_sysbios_v2_p28FP.o28FP (.text:_ti_sysbios_heaps_HeapMem_Module_GateProxy_enter__E)
                  003039c3    00000003     memoria_sysbios_v2_p28FP.o28FP (.text:_ti_sysbios_heaps_HeapMem_Module_GateProxy_leave__E)
                  003039c6    00000003     memoria_sysbios_v2_p28FP.o28FP (.text:_ti_sysbios_heaps_HeapMem_Module_GateProxy_query__E)
                  003039c9    00000003     memoria_sysbios_v2_p28FP.o28FP (.text:_ti_sysbios_knl_Clock_TimerProxy_getMaxTicks__E)
                  003039cc    00000003     sysbios.a28FP : BIOS.obj (.text:_ti_sysbios_knl_Idle_loop__E)
                  003039cf    00000003                   : BIOS.obj (.text:_ti_sysbios_knl_Queue_Instance_init__E)
                  003039d2    00000003     memoria_sysbios_v2_p28FP.o28FP (.text:_ti_sysbios_knl_Task_SupportProxy_checkStack__E)
                  003039d5    00000003     memoria_sysbios_v2_p28FP.o28FP (.text:_ti_sysbios_knl_Task_SupportProxy_swap__E)
                  003039d8    00000003     sysbios.a28FP : BIOS.obj (.text:_ti_sysbios_knl_Task_startup__E)
                  003039db    00000003     memoria_sysbios_v2_p28FP.o28FP (.text:_ti_sysbios_utils_Load_update__E)
                  003039de    00000003     ti.uia.loggers.a28FP : LoggerStopMode.o28FP (.text:_ti_uia_loggers_LoggerStopMode_getMaxLength__E)
                  003039e1    00000003     memoria_sysbios_v2_p28FP.o28FP (.text:_xdc_runtime_System_Module_GateProxy_enter__E)
                  003039e4    00000003     memoria_sysbios_v2_p28FP.o28FP (.text:_xdc_runtime_System_Module_GateProxy_leave__E)
                  003039e7    00000003     ti.targets.rts2800.a28FP : System.o28FP (.text:_xdc_runtime_System_Module_startup__E)
                  003039ea    00000003     memoria_sysbios_v2_p28FP.o28FP (.text:_xdc_runtime_System_SupportProxy_abort__E)
                  003039ed    00000003     memoria_sysbios_v2_p28FP.o28FP (.text:_xdc_runtime_System_SupportProxy_exit__E)
                  003039f0    00000003     memoria_sysbios_v2_p28FP.o28FP (.text:_xdc_runtime_System_SupportProxy_putch__E)
                  003039f3    00000003     memoria_sysbios_v2_p28FP.o28FP (.text:_xdc_runtime_System_SupportProxy_ready__E)
                  003039f6    00000003     ti.targets.rts2800.a28FP : System.o28FP (.text:_xdc_runtime_System_abortStd__E)
                  003039f9    00000003                              : System.o28FP (.text:_xdc_runtime_System_exitStd__E)
                  003039fc    00000003     memoria_sysbios_v2_p28FP.o28FP (.text:_xdc_runtime_Timestamp_SupportProxy_get32__E)
                  003039ff    00000003     memoria_sysbios_v2_p28FP.o28FP (.text:_xdc_runtime_Timestamp_SupportProxy_get64__E)
                  00303a02    00000003     memoria_sysbios_v2_p28FP.o28FP (.text:_xdc_runtime_Timestamp_SupportProxy_getFreq__E)
                  00303a05    00000003     ti.targets.rts2800.a28FP : Timestamp.o28FP (.text:_xdc_runtime_Timestamp_get32__E)
                  00303a08    00000003                              : Timestamp.o28FP (.text:_xdc_runtime_Timestamp_get64__E)
                  00303a0b    00000003                              : Timestamp.o28FP (.text:_xdc_runtime_Timestamp_getFreq__E)
                  00303a0e    00000002     Boot.a28FP : Boot.o28FP (.text:_ti_catalog_c2800_init_Boot_defaultLimpAbortFunction)
                  00303a10    00000002     memoria_sysbios_v2_p28FP.o28FP (.text:_ti_sysbios_family_c28_TaskSupport_Module__startupDone__S)
                  00303a12    00000002     sysbios.a28FP : BIOS.obj (.text:_ti_sysbios_family_c28_Timer_getMaxTicks__E)
                  00303a14    00000002                   : BIOS.obj (.text:_ti_sysbios_gates_GateHwi_query__E)
                  00303a16    00000002     ti.uia.loggers.a28FP : LoggerStopMode.o28FP (.text:_ti_uia_loggers_LoggerStopMode_getContents__E)
                  00303a18    00000002     memoria_sysbios_v2_p28FP.o28FP (.text:_ti_uia_loggers_LoggerStopMode_getFilterLevel__E)
                  00303a1a    00000002     ti.uia.loggers.a28FP : LoggerStopMode.o28FP (.text:_ti_uia_loggers_LoggerStopMode_getInstanceId__E)
                  00303a1c    00000002                          : LoggerStopMode.o28FP (.text:_ti_uia_loggers_LoggerStopMode_getPriority__E)
                  00303a1e    00000002                          : LoggerStopMode.o28FP (.text:_ti_uia_loggers_LoggerStopMode_getTransferType__E)
                  00303a20    00000002     ti.targets.rts2800.a28FP : Error.o28FP (.text:_xdc_runtime_Error_getSite__E)
                  00303a22    00000002     rts2800_fpu32.lib : pre_init.c.obj (.text)
                  00303a24    00000001     sysbios.a28FP : BIOS.obj (.text:_ti_sysbios_BIOS_linkedWithIncorrectBootLibrary__E)
                  00303a25    00000001     memoria_sysbios_v2_p28FP.o28FP (.text:_ti_sysbios_BIOS_nullFunc__I)
                  00303a26    00000001     sysbios.a28FP : c28_Hwi_asm.obj (.text:_ti_sysbios_family_c28_Hwi_interruptReturn__I)
                  00303a27    00000001                   : BIOS.obj (.text:_ti_sysbios_gates_GateHwi_Instance_init__E)
                  00303a28    00000001     memoria_sysbios_v2_p28FP.o28FP (.text:_ti_uia_loggers_LoggerStopMode_setFilterLevel__E)
[...]
0     00305dca  _ti_sysbios_knl_Task_Module__diagsIncluded__C                    
0     00305dcc  _ti_sysbios_knl_Task_Module__diagsMask__C                        
0     00305dce  _ti_sysbios_knl_Task_Module__loggerFxn2__C                       
0     00305dd0  _ti_sysbios_knl_Task_Module__loggerFxn4__C                       
0     00305dd2  _ti_sysbios_knl_Task_Module__loggerObj__C                        
0     00305dd4  _ti_sysbios_knl_Task_Object__heap__C                             
0     00305dd6  _ti_sysbios_knl_Task_allBlockedFunc__C                           
0     00305dd8  _ti_sysbios_utils_Load_LS_cpuLoad__C                             
0     00305dda  _ti_sysbios_utils_Load_LS_taskLoad__C                            
0     00305ddc  _ti_sysbios_utils_Load_Module_State_taskList__O                  
0     00305dde  _ti_sysbios_utils_Load_Module__diagsEnabled__C                   
0     00305de0  _ti_sysbios_utils_Load_Module__diagsIncluded__C                  
0     00305de2  _ti_sysbios_utils_Load_Module__diagsMask__C                      
0     00305de4  _ti_sysbios_utils_Load_Module__loggerFxn1__C                     
0     00305de6  _ti_sysbios_utils_Load_Module__loggerFxn4__C                     
0     00305de8  _ti_sysbios_utils_Load_Module__loggerObj__C                      
0     00305dea  _ti_sysbios_utils_Load_postUpdate__C                             
0     00305dec  _ti_uia_loggers_LoggerStopMode_Module__diagsEnabled__C           
0     00305dee  _ti_uia_loggers_LoggerStopMode_Module__diagsIncluded__C          
0     00305df0  _ti_uia_loggers_LoggerStopMode_Module__diagsMask__C              
0     00305df2  _ti_uia_runtime_ILoggerSnapshot_Interface__BASE__C               
0     00305df4  _ti_uia_runtime_IUIATransfer_Interface__BASE__C                  
0     00305df6  _xdc_runtime_Assert_E_assertFailed__C                            
0     00305df8  _xdc_runtime_Core_A_initializedParams__C                         
0     00305dfa  _xdc_runtime_Core_Module__diagsEnabled__C                        
0     00305dfc  _xdc_runtime_Core_Module__diagsIncluded__C                       
0     00305dfe  _xdc_runtime_Core_Module__diagsMask__C                           
0     00305e00  _xdc_runtime_Error_E_memory__C                                   
0     00305e02  _xdc_runtime_Error_policyFxn__C                                  
0     00305e04  _xdc_runtime_Error_raiseHook__C                                  
0     00305e06  _xdc_runtime_IFilterLogger_Interface__BASE__C                    
0     00305e08  _xdc_runtime_IGateProvider_Interface__BASE__C                    
0     00305e0a  _xdc_runtime_IHeap_Interface__BASE__C                            
0     00305e0c  _xdc_runtime_ILogger_Interface__BASE__C                          
0     00305e0e  _xdc_runtime_IModule_Interface__BASE__C                          
0     00305e10  _xdc_runtime_Memory_defaultHeapInstance__C                       
0     00305e12  _xdc_runtime_Startup_execImpl__C                                 
0     00305e14  _xdc_runtime_Startup_lastFxns__A                                 
0     00305e16  _xdc_runtime_Startup_sfxnRts__C                                  
0     00305e18  _xdc_runtime_Startup_sfxnTab__C                                  
0     00305e1a  _xdc_runtime_SysMin_bufSize__C                                   
0     00305e1c  _xdc_runtime_SysMin_outputFunc__C                                
0     00305e1e  _xdc_runtime_System_Module__gateObj__C                           
0     00305e20  _xdc_runtime_System_abortFxn__C                                  
0     00305e22  _xdc_runtime_System_exitFxn__C                                   
0     00305e24  _xdc_runtime_System_extendFxn__C                                 
0     00305e26  _xdc_runtime_Text_charTab__C                                     
0     00305e28  _xdc_runtime_Text_nameEmpty__C                                   
0     00305e2a  _xdc_runtime_Text_nameStatic__C                                  
0     00305e2c  _xdc_runtime_Text_nodeTab__C                                     
0     00305e2e  _xdc_runtime_Text_visitRopeFxn__C                                
0     00305e30  _ti_sysbios_family_c28_Timer_Module__id__C                       
0     00305e31  _ti_sysbios_family_c28_Timer_startupNeeded__C                    
0     00305e32  _ti_sysbios_family_c28_TimestampProvider_Module__id__C           
0     00305e33  _ti_sysbios_family_c28_TimestampProvider_useClockTimer__C        
0     00305e34  _ti_sysbios_gates_GateMutex_Module__id__C                        
0     00305e35  _ti_sysbios_hal_Hwi_Module__id__C                                
0     00305e36  _ti_sysbios_heaps_HeapMem_Module__id__C                          
0     00305e37  _ti_sysbios_heaps_HeapMem_Object__count__C                       
0     00305e38  _ti_sysbios_knl_Clock_Module__id__C                              
0     00305e39  _ti_sysbios_knl_Clock_Module__loggerDefined__C                   
0     00305e3a  _ti_sysbios_knl_Semaphore_Module__id__C                          
0     00305e3b  _ti_sysbios_knl_Semaphore_Module__loggerDefined__C               
0     00305e3c  _ti_sysbios_knl_Swi_Module__id__C                                
0     00305e3d  _ti_sysbios_knl_Swi_Module__loggerDefined__C                     
0     00305e3e  _ti_sysbios_knl_Swi_Object__count__C                             
0     00305e3f  _ti_sysbios_knl_Task_Module__id__C                               
0     00305e40  _ti_sysbios_knl_Task_Module__loggerDefined__C                    
0     00305e41  _ti_sysbios_knl_Task_Object__count__C                            
0     00305e42  _ti_sysbios_knl_Task_numConstructedTasks__C                      
0     00305e43  _ti_sysbios_utils_Load_Module__id__C                             
0     00305e44  _ti_sysbios_utils_Load_Module__loggerDefined__C                  
0     00305e45  _ti_sysbios_utils_Load_autoAddTasks__C                           
0     00305e46  _ti_sysbios_utils_Load_updateInIdle__C                           
0     00305e47  _ti_sysbios_utils_Load_windowInMs__C                             
0     00305e48  _ti_uia_loggers_LoggerStopMode_Module__id__C                     
0     00305e49  _ti_uia_loggers_LoggerStopMode_Object__count__C                  
0     00305e4a  _ti_uia_loggers_LoggerStopMode_isTimestampEnabled__C             
0     00305e4b  _xdc_runtime_Core_Module__id__C                                  
0     00305e4c  _xdc_runtime_Error_Module__loggerDefined__C                      
0     00305e4d  _xdc_runtime_Error_maxDepth__C                                   
0     00305e4e  _xdc_runtime_Error_policy__C                                     
0     00305e4f  _xdc_runtime_Memory_Module__id__C                                
0     00305e50  _xdc_runtime_Startup_maxPasses__C                                
0     00305e51  _xdc_runtime_SysMin_flushAtExit__C                               
0     00305e52  _xdc_runtime_System_maxAtexitHandlers__C                         
0     00305e53  _xdc_runtime_Text_charCnt__C                                     
0     00305e54  _xdc_runtime_Text_isLoaded__C                                    
0     00305e55  _xdc_runtime_Text_registryModsLastId__C                          
0     00305e56  _xdc_runtime_Text_unnamedModsLastId__C                           
0     00305e77  ___cinit__                                                       
0     00305e77  cinit                                                            
0     0030632b  ___IQNtoa                                                        
0     0030640d  __IQNtoa_get_frac_c                                              
0     00306430  __TI_table_binit                                                 
0     00306430  ___binit__                                                       
0     00306430  binit                                                            
0     00380080  _ADC_cal                                                         
1     00000000  __stack                                                          
1     00000200  .data                                                            
1     00000200  __STACK_END                                                      
1     00000200  ___data__                                                        
1     00000200  _ti_sysbios_utils_Load_Module__state__V                          
1     0000024c  _ti_sysbios_knl_Task_Module__state__V                            
1     0000026c  _ti_sysbios_BIOS_Module__state__V                                
1     0000027e  _xdc_runtime_Memory_Module__state__V                             
1     00000280  _ti_sysbios_knl_Clock_Module__state__V                           
1     00000296  _ti_sysbios_family_c28_Hwi_Module__state__V                      
1     000002a6  _ti_sysbios_knl_Swi_Module__state__V                             
1     000002b2  _ti_sysbios_family_c28_Timer_Module__state__V                    
1     000002ba  _ti_uia_runtime_QueueDescriptor_Module__state__V                 
1     000002c0  _ti_sysbios_family_c28_TimestampProvider_Module__state__V        
1     000002c4  _ti_uia_loggers_LoggerStopMode_Module__state__V                  
1     000002c8  _xdc_runtime_Registry_Module__state__V                           
1     000002cc  _xdc_runtime_Startup_Module__state__V                            
1     000002d0  _xdc_runtime_SysMin_Module__state__V                             
1     000002d4  _xdc_runtime_System_Module__state__V                             
1     000002d8  _xdc_runtime_Text_Module__state__V                               
1     000002dc  _xdc_runtime_Error_Module__state__V                              
1     000002dd  ___edata__                                                       
1     000002dd  edata                                                            
1     00000880  _DevEmuRegs                                                      
1     00000a80  _FlashRegs                                                       
1     00000ae0  _CsmRegs                                                         
1     00000b00  _AdcMirror                                                       
1     00000b20  _XintfRegs                                                       
1     00000c00  _CpuTimer0Regs                                                   
1     00000c08  _CpuTimer1Regs                                                   
1     00000c10  _CpuTimer2Regs                                                   
1     00000ce0  _PieCtrlRegs                                                     
1     00001000  _DmaRegs                                                         
1     00005000  _McbspaRegs                                                      
1     00005040  _McbspbRegs                                                      
1     00006000  _ECanaRegs                                                       
1     00006040  _ECanaLAMRegs                                                    
1     00006080  _ECanaMOTSRegs                                                   
1     000060c0  _ECanaMOTORegs                                                   
1     00006100  _ECanaMboxes                                                     
1     00006200  _ECanbRegs                                                       
1     00006240  _ECanbLAMRegs                                                    
1     00006280  _ECanbMOTSRegs                                                   
1     000062c0  _ECanbMOTORegs                                                   
1     00006300  _ECanbMboxes                                                     
1     00006800  _EPwm1Regs                                                       
1     00006840  _EPwm2Regs                                                       
1     00006880  _EPwm3Regs                                                       
1     000068c0  _EPwm4Regs                                                       
1     00006900  _EPwm5Regs                                                       
1     00006940  _EPwm6Regs                                                       
1     00006a00  _ECap1Regs                                                       
1     00006a20  _ECap2Regs                                                       
1     00006a40  _ECap3Regs                                                       
1     00006a60  _ECap4Regs                                                       
1     00006a80  _ECap5Regs                                                       
1     00006aa0  _ECap6Regs                                                       
1     00006b00  _EQep1Regs                                                       
1     00006b40  _EQep2Regs                                                       
1     00006f80  _GpioCtrlRegs                                                    
1     00006fc0  _GpioDataRegs                                                    
1     00006fe0  _GpioIntRegs                                                     
1     00007010  _SysCtrlRegs                                                     
1     00007040  _SpiaRegs                                                        
1     00007050  _SciaRegs                                                        
1     00007070  _XIntruptRegs                                                    
1     00007100  _AdcRegs                                                         
1     00007750  _ScibRegs                                                        
1     00007770  _ScicRegs                                                        
1     00007900  _I2caRegs                                                        
1     00008000  _Buffer_iL                                                       
1     0000b0d4  _count                                                           
1     0000b0d6  _Buck                                                            
1     0000b0de  _Param_Buck_IQ                                                   
1     0000b0ec  _Param_Buck                                                      
1     0000b100  _Buffer_vC                                                       
1     0000e1d4  _ti_sysbios_knl_Task_Object__table__V                            
1     0000e200  _ti_sysbios_knl_Task_Instance_State_0_stack__A                   
1     0000e400  _ti_sysbios_heaps_HeapMem_Instance_State_0_buf__A                
1     0000ec03  _SCI_Rx_Mensaje                                                  
1     0000ec04  _ti_sysbios_family_c28_Timer_Object__table__V                    
1     0000ec38  _parmbuf                                                         
1     0000ec40  _ti_sysbios_knl_Swi_Module_State_0_readyQ__A                     
1     0000ec80  _ti_uia_loggers_LoggerStopMode_Instance_State_1_packetArray__A   
1     0000f080  _ti_uia_loggers_LoggerStopMode_Instance_State_2_packetArray__A   
1     0000f480  _ti_uia_loggers_LoggerStopMode_Instance_State_0_packetArray__A   
1     0000f680  _xdc_runtime_SysMin_Module_State_0_outbuf__A                     
1     0000f880  _ti_sysbios_family_c28_Hwi_Module_State_0_dispatchTable__A       
1     0000f980  _ti_uia_loggers_LoggerStopMode_Object__table__V                  
1     0000f9d4  _ti_sysbios_family_c28_Hwi_Object__table__V                      
1     0000f9f8  _xdc_runtime_System_Module_State_0_atexitHandlers__A             
1     0000fa00  _xdc_runtime_Main_Module__root__V                                
1     0000fa02  ___xdc__init__addr                                               
1     0000fa04  _ti_sysbios_family_c28_Hwi_Module__root__V                       
1     0000fa08  _ti_sysbios_family_c28_Timer_Module__root__V                     
1     0000fa0c  _ti_sysbios_gates_GateHwi_Module__root__V                        
1     0000fa10  _ti_sysbios_gates_GateMutex_Module__root__V                      
1     0000fa14  _ti_sysbios_hal_Hwi_Module__root__V                              
1     0000fa18  _ti_sysbios_heaps_HeapMem_Module__root__V                        
1     0000fa1c  _ti_sysbios_knl_Clock_Module__root__V                            
1     0000fa20  _ti_sysbios_knl_Queue_Module__root__V                            
1     0000fa24  _ti_sysbios_knl_Semaphore_Module__root__V                        
1     0000fa28  _ti_sysbios_knl_Swi_Module__root__V                              
1     0000fa2c  _ti_uia_loggers_LoggerStopMode_Module__root__V                   
1     0000fa30  _ti_sysbios_knl_Event_Module__root__V                            
1     0000fa36  _ti_sysbios_knl_Task_Module__root__V                             
1     0000fa40  _xdc_runtime_Error_IgnoreBlock                                   
1     0000fa50  _ti_sysbios_gates_GateMutex_Object__table__V                     
1     0000fa74  ___TI_enable_exit_profile_output                                 
1     0000fa76  ___TI_cleanup_ptr                                                
1     0000fa78  ___TI_dtors_ptr                                                  
1     0000fa7a  _ti_sysbios_gates_GateHwi_Object__table__V                       
1     0000fa7e  __lock                                                           
1     0000fa80  _ti_sysbios_knl_Task_Module_State_0_readyQ__A                    
1     0000fac0  _ti_sysbios_knl_Swi_Object__table__V                             
1     0000fad6  _CpuTimer0                                                       
1     0000fade  _CpuTimer1                                                       
1     0000fae6  _xdc_runtime_Diags_dictElems                                     
1     0000faf6  _ti_uia_runtime_QueueDescriptor_gUpdateCount                     
1     0000faf8  _ti_uia_runtime_QueueDescriptor_gPtrToFirstDescriptor            
1     0000fafa  __unlock                                                         
1     0000fafc  _ti_sysbios_knl_Task_Instance_State_0_hookEnv__A                 
1     0000fafe  _ti_sysbios_knl_Task_Module_State_0_idleTask__A                  
1     0000fb00  _ti_uia_loggers_LoggerStopMode_Instance_State_0_hdr__A           
1     0000fb16  _ti_sysbios_heaps_HeapMem_Object__table__V                       
1     0000fb24  _ti_sysbios_utils_Load_Module_State_0_taskEnv__A                 
1     0000fb32  _ti_sysbios_utils_Load_Module_State_0_runningTask__A             
1     0000fb34  _ti_sysbios_utils_Load_Module_State_0_taskStartTime__A           
1     0000fb80  _ti_uia_loggers_LoggerStopMode_Instance_State_1_hdr__A           
1     0000fc00  _ti_uia_loggers_LoggerStopMode_Instance_State_2_hdr__A           
1     0000fc80  __CIOBUF_                                                        
1     0033fff8  _CsmPwl                                                          
1     00380090  _PartIdRegs                                                      
abs   00000001  _xdc_rov_runtime_Mon__checksum                                   
abs   00000001  _xdc_rov_runtime_Mon__write                                      
abs   00000001  _xdc_runtime_Startup__EXECFXN__C                                 
abs   00000001  _xdc_runtime_Startup__RESETFXN__C                                
abs   00000041  _RamfuncsLoadSize                                                
abs   00000200  __STACK_SIZE                                                     
abs   ffffffff  ___TI_pprof_out_hndl                                             
abs   ffffffff  ___TI_prof_data_size                                             
abs   ffffffff  ___TI_prof_data_start                                            
abs   ffffffff  ___c_args__                                                      
abs   ffffffff  ___pinit__                                                       
abs   ffffffff  pinit                                                            

[699 symbols]
