******************************************************************************
             TMS320C2000 Linker PC v22.6.1                     
******************************************************************************
>> Linked Wed Jul 31 12:53:26 2024

OUTPUT FILE NAME:   <memoria_sysbios_v2.out>
ENTRY POINT SYMBOL: "_c_int00"  address: 00301e18


MEMORY CONFIGURATION

         name            origin    length      used     unused   attr    fill
----------------------  --------  ---------  --------  --------  ----  --------
PAGE 0:
  FLASH                 00300000   0003ff80  0000621a  00039d66  RWIX
  CSM_RSVD              0033ff80   00000076  00000000  00000076  RWIX
  BEGIN                 0033fff6   00000002  00000000  00000002  RWIX
  CSM_PWL               0033fff8   00000008  00000000  00000008  RWIX
  ADC_CAL               00380080   00000009  00000007  00000002  RWIX
  OTP                   00380400   00000400  00000000  00000400  RWIX
  IQTABLES              003fe000   00000b50  00000000  00000b50  RWIX
  IQTABLES2             003feb50   0000008c  00000000  0000008c  RWIX
  FPUTABLES             003febdc   000006a0  00000000  000006a0  RWIX
  ROM                   003ff27c   00000d44  00000000  00000d44  RWIX
  RESET                 003fffc0   00000002  00000000  00000002  RWIX
  VECTORS               003fffc2   0000003e  00000000  0000003e  RWIX

PAGE 1:
  M01SARAM              00000000   00000800  000002dd  00000523  RWIX
  DEV_EMU               00000880   00000180  000000d0  000000b0  RWIX
  FLASH_REGS            00000a80   00000060  00000008  00000058  RWIX
  CSM                   00000ae0   00000010  00000010  00000000  RWIX
  ADC_MIRROR            00000b00   00000010  00000010  00000000  RWIX
  XINTF                 00000b20   00000020  0000001e  00000002  RWIX
  CPU_TIMER0            00000c00   00000008  00000008  00000000  RWIX
  CPU_TIMER1            00000c08   00000008  00000008  00000000  RWIX
  CPU_TIMER2            00000c10   00000008  00000008  00000000  RWIX
  PIE_CTRL              00000ce0   00000020  0000001a  00000006  RWIX
  PIEVECT               00000d00   00000100  00000000  00000100  RWIX
  DMA                   00001000   00000200  000000e0  00000120  RWIX
  MCBSPA                00005000   00000040  00000025  0000001b  RWIX
  MCBSPB                00005040   00000040  00000025  0000001b  RWIX
  ECANA                 00006000   00000040  00000034  0000000c  RWIX
  ECANA_LAM             00006040   00000040  00000040  00000000  RWIX
  ECANA_MOTS            00006080   00000040  00000040  00000000  RWIX
  ECANA_MOTO            000060c0   00000040  00000040  00000000  RWIX
  ECANA_MBOX            00006100   00000100  00000100  00000000  RWIX
  ECANB                 00006200   00000040  00000034  0000000c  RWIX
  ECANB_LAM             00006240   00000040  00000040  00000000  RWIX
  ECANB_MOTS            00006280   00000040  00000040  00000000  RWIX
  ECANB_MOTO            000062c0   00000040  00000040  00000000  RWIX
  ECANB_MBOX            00006300   00000100  00000100  00000000  RWIX
  EPWM1                 00006800   00000022  00000022  00000000  RWIX
  EPWM2                 00006840   00000022  00000022  00000000  RWIX
  EPWM3                 00006880   00000022  00000022  00000000  RWIX
  EPWM4                 000068c0   00000022  00000022  00000000  RWIX
  EPWM5                 00006900   00000022  00000022  00000000  RWIX
  EPWM6                 00006940   00000022  00000022  00000000  RWIX
  ECAP1                 00006a00   00000020  00000020  00000000  RWIX
  ECAP2                 00006a20   00000020  00000020  00000000  RWIX
  ECAP3                 00006a40   00000020  00000020  00000000  RWIX
  ECAP4                 00006a60   00000020  00000020  00000000  RWIX
  ECAP5                 00006a80   00000020  00000020  00000000  RWIX
  ECAP6                 00006aa0   00000020  00000020  00000000  RWIX
  EQEP1                 00006b00   00000040  00000040  00000000  RWIX
  EQEP2                 00006b40   00000040  00000040  00000000  RWIX
  GPIOCTRL              00006f80   00000040  0000002e  00000012  RWIX
  GPIODAT               00006fc0   00000020  00000020  00000000  RWIX
  GPIOINT               00006fe0   00000020  0000000a  00000016  RWIX
  SYSTEM                00007010   00000020  00000020  00000000  RWIX
  SPIA                  00007040   00000010  00000010  00000000  RWIX
  SCIA                  00007050   00000010  00000010  00000000  RWIX
  XINTRUPT              00007070   00000010  00000010  00000000  RWIX
  ADC                   00007100   00000020  0000001e  00000002  RWIX
  SCIB                  00007750   00000010  00000010  00000000  RWIX
  SCIC                  00007770   00000010  00000010  00000000  RWIX
  I2CA                  00007900   00000040  00000022  0000001e  RWIX
  L07SARAM              00008000   00008000  00001e2f  000061d1  RWIX
  CSM_PWL               0033fff8   00000008  00000008  00000000  RWIX
  PARTID                00380090   00000001  00000001  00000000  RWIX


SECTION ALLOCATION MAP

 output                                  attributes/
section   page    origin      length       input sections
--------  ----  ----------  ----------   ----------------
PieVectTableFile 
*          1    00000d00    00000100     DSECT
                  00000d00    00000100     DSP2833x_GlobalVariableDefs.obj (PieVectTableFile)

.econst    0    0030382c    0000242a     
                  0030382c    00001ee3     memoria_sysbios_v2_p28FP.o28FP (.econst:xdc_runtime_Text_charTab__A)
                  0030570f    00000001     memoria_sysbios_v2_p28FP.o28FP (.econst:ti_sysbios_family_c28_Hwi_Module__id__C)
                  00305710    00000100     memoria_sysbios_v2_p28FP.o28FP (.econst:_ti_sysbios_family_c28_Hwi_vectors)
                  00305810    00000072     memoria_sysbios_v2_p28FP.o28FP (.econst:xdc_runtime_Text_nodeTab__A)
                  00305882    0000006b     memoria_sysbios_v2_p28FP.o28FP (.econst:.string)
                  003058ed    00000001     memoria_sysbios_v2_p28FP.o28FP (.econst:ti_sysbios_family_c28_Hwi_Module__loggerDefined__C)
                  003058ee    00000058     ti.targets.rts2800.a28FP : Error.o28FP (.econst:.string)
                  00305946    00000031                              : Text.o28FP (.econst:.string)
                  00305977    00000001     memoria_sysbios_v2_p28FP.o28FP (.econst:ti_sysbios_family_c28_Hwi_NUM_INTERRUPTS_ALL__C)
                  00305978    00000030     memoria_sysbios_v2_p28FP.o28FP (.econst:ti_uia_loggers_LoggerStopMode_Module__FXNS__C)
                  003059a8    0000002a     ti.targets.rts2800.a28FP : Startup.o28FP (.econst:.string)
                  003059d2    00000019                              : System.o28FP (.econst:.string)
                  003059eb    00000001     memoria_sysbios_v2_p28FP.o28FP (.econst:ti_sysbios_family_c28_Hwi_Object__count__C)
                  003059ec    00000016     memoria_sysbios_v2_p28FP.o28FP (.econst:ti_uia_loggers_LoggerStopMode_Object__PARAMS__C)
                  00305a02    00000014     memoria_sysbios_v2_p28FP.o28FP (.econst:ti_sysbios_heaps_HeapMem_Module__FXNS__C)
                  00305a16    00000014     memoria_sysbios_v2_p28FP.o28FP (.econst:xdc_runtime_Startup_sfxnTab__A)
                  00305a2a    00000012     memoria_sysbios_v2_p28FP.o28FP (.econst:ti_sysbios_gates_GateHwi_Module__FXNS__C)
                  00305a3c    00000012     memoria_sysbios_v2_p28FP.o28FP (.econst:ti_sysbios_gates_GateMutex_Module__FXNS__C)
                  00305a4e    00000012     memoria_sysbios_v2_p28FP.o28FP (.econst:ti_sysbios_heaps_HeapMem_Object__PARAMS__C)
                  00305a60    00000010     memoria_sysbios_v2_p28FP.o28FP (.econst:ti_sysbios_gates_GateHwi_Object__DESC__C)
                  00305a70    00000010     memoria_sysbios_v2_p28FP.o28FP (.econst:ti_sysbios_gates_GateMutex_Object__DESC__C)
                  00305a80    00000010     memoria_sysbios_v2_p28FP.o28FP (.econst:ti_sysbios_heaps_HeapMem_Object__DESC__C)
                  00305a90    00000010     memoria_sysbios_v2_p28FP.o28FP (.econst:ti_sysbios_knl_Queue_Object__DESC__C)
                  00305aa0    00000010     memoria_sysbios_v2_p28FP.o28FP (.econst:ti_sysbios_knl_Semaphore_Object__DESC__C)
                  00305ab0    00000010     memoria_sysbios_v2_p28FP.o28FP (.econst:ti_sysbios_knl_Semaphore_Object__PARAMS__C)
                  00305ac0    00000010     memoria_sysbios_v2_p28FP.o28FP (.econst:ti_uia_loggers_LoggerStopMode_Object__DESC__C)
                  00305ad0    0000000c     memoria_sysbios_v2_p28FP.o28FP (.econst:ti_sysbios_gates_GateHwi_Object__PARAMS__C)
                  00305adc    0000000c     memoria_sysbios_v2_p28FP.o28FP (.econst:ti_sysbios_gates_GateMutex_Object__PARAMS__C)
                  00305ae8    0000000c     memoria_sysbios_v2_p28FP.o28FP (.econst:ti_sysbios_knl_Queue_Object__PARAMS__C)
                  00305af4    0000000c     memoria_sysbios_v2_p28FP.o28FP (.econst:ti_sysbios_knl_Task_hooks__A)
                  00305b00    0000000a     main.obj (.econst:.string)
                  00305b0a    0000000a     memoria_sysbios_v2_p28FP.o28FP (.econst:xdc_runtime_Startup_sfxnRts__A)
                  00305b14    00000005     ti.targets.rts2800.a28FP : Assert.o28FP (.econst:.string)
                  00305b19    00000001     memoria_sysbios_v2_p28FP.o28FP (.econst:ti_sysbios_family_c28_Hwi_zeroLatencyIERMask__C)
                  00305b1a    00000004     memoria_sysbios_v2_p28FP.o28FP (.econst:ti_sysbios_knl_Idle_funcList__A)
                  00305b1e    00000004     memoria_sysbios_v2_p28FP.o28FP (.econst:ti_sysbios_knl_Idle_funcList__C)
                  00305b22    00000004     memoria_sysbios_v2_p28FP.o28FP (.econst:ti_sysbios_knl_Task_hooks__C)
                  00305b26    00000004     memoria_sysbios_v2_p28FP.o28FP (.econst:xdc_runtime_Startup_firstFxns__A)
                  00305b2a    00000004     memoria_sysbios_v2_p28FP.o28FP (.econst:xdc_runtime_Startup_firstFxns__C)
                  00305b2e    00000004     memoria_sysbios_v2_p28FP.o28FP (.econst:xdc_runtime_Startup_lastFxns__C)
                  00305b32    00000002     memoria_sysbios_v2_p28FP.o28FP (.econst:ti_sysbios_family_c28_Hwi_A_badIntNum__C)
                  00305b34    00000002     memoria_sysbios_v2_p28FP.o28FP (.econst:ti_sysbios_family_c28_Hwi_A_invalidArg__C)
                  00305b36    00000002     memoria_sysbios_v2_p28FP.o28FP (.econst:ti_sysbios_family_c28_Hwi_E_unpluggedInterrupt__C)
                  00305b38    00000002     memoria_sysbios_v2_p28FP.o28FP (.econst:ti_sysbios_family_c28_Hwi_LD_end__C)
                  00305b3a    00000002     memoria_sysbios_v2_p28FP.o28FP (.econst:ti_sysbios_family_c28_Hwi_LM_begin__C)
                  00305b3c    00000002     memoria_sysbios_v2_p28FP.o28FP (.econst:ti_sysbios_family_c28_Hwi_Module__diagsEnabled__C)
                  00305b3e    00000002     memoria_sysbios_v2_p28FP.o28FP (.econst:ti_sysbios_family_c28_Hwi_Module__diagsIncluded__C)
                  00305b40    00000002     memoria_sysbios_v2_p28FP.o28FP (.econst:ti_sysbios_family_c28_Hwi_Module__diagsMask__C)
                  00305b42    00000002     memoria_sysbios_v2_p28FP.o28FP (.econst:ti_sysbios_family_c28_Hwi_Module__loggerFxn1__C)
                  00305b44    00000002     memoria_sysbios_v2_p28FP.o28FP (.econst:ti_sysbios_family_c28_Hwi_Module__loggerFxn8__C)
                  00305b46    00000002     memoria_sysbios_v2_p28FP.o28FP (.econst:ti_sysbios_family_c28_Hwi_Module__loggerObj__C)
                  00305b48    00000002     memoria_sysbios_v2_p28FP.o28FP (.econst:ti_sysbios_family_c28_TaskSupport_E_invalidStack__C)
                  00305b4a    00000002     memoria_sysbios_v2_p28FP.o28FP (.econst:ti_sysbios_family_c28_Timer_Module__diagsEnabled__C)
                  00305b4c    00000002     memoria_sysbios_v2_p28FP.o28FP (.econst:ti_sysbios_family_c28_Timer_Module__diagsIncluded__C)
                  00305b4e    00000002     memoria_sysbios_v2_p28FP.o28FP (.econst:ti_sysbios_family_c28_Timer_Module__diagsMask__C)
                  00305b50    00000002     memoria_sysbios_v2_p28FP.o28FP (.econst:ti_sysbios_family_c28_TimestampProvider_Module__diagsEnabled__C)
                  00305b52    00000002     memoria_sysbios_v2_p28FP.o28FP (.econst:ti_sysbios_family_c28_TimestampProvider_Module__diagsIncluded__C)
                  00305b54    00000002     memoria_sysbios_v2_p28FP.o28FP (.econst:ti_sysbios_family_c28_TimestampProvider_Module__diagsMask__C)
                  00305b56    00000002     memoria_sysbios_v2_p28FP.o28FP (.econst:ti_sysbios_gates_GateMutex_A_badContext__C)
                  00305b58    00000002     memoria_sysbios_v2_p28FP.o28FP (.econst:ti_sysbios_gates_GateMutex_Instance_State_sem__O)
                  00305b5a    00000002     memoria_sysbios_v2_p28FP.o28FP (.econst:ti_sysbios_gates_GateMutex_Module__diagsEnabled__C)
                  00305b5c    00000002     memoria_sysbios_v2_p28FP.o28FP (.econst:ti_sysbios_gates_GateMutex_Module__diagsIncluded__C)
                  00305b5e    00000002     memoria_sysbios_v2_p28FP.o28FP (.econst:ti_sysbios_gates_GateMutex_Module__diagsMask__C)
                  00305b60    00000002     memoria_sysbios_v2_p28FP.o28FP (.econst:ti_sysbios_hal_Hwi_E_stackOverflow__C)
                  00305b62    00000002     memoria_sysbios_v2_p28FP.o28FP (.econst:ti_sysbios_heaps_HeapMem_A_align__C)
                  00305b64    00000002     memoria_sysbios_v2_p28FP.o28FP (.econst:ti_sysbios_heaps_HeapMem_A_heapSize__C)
                  00305b66    00000002     memoria_sysbios_v2_p28FP.o28FP (.econst:ti_sysbios_heaps_HeapMem_A_invalidFree__C)
                  00305b68    00000002     memoria_sysbios_v2_p28FP.o28FP (.econst:ti_sysbios_heaps_HeapMem_A_zeroBlock__C)
                  00305b6a    00000002     memoria_sysbios_v2_p28FP.o28FP (.econst:ti_sysbios_heaps_HeapMem_E_memory__C)
                  00305b6c    00000002     memoria_sysbios_v2_p28FP.o28FP (.econst:ti_sysbios_heaps_HeapMem_Module__diagsEnabled__C)
                  00305b6e    00000002     memoria_sysbios_v2_p28FP.o28FP (.econst:ti_sysbios_heaps_HeapMem_Module__diagsIncluded__C)
                  00305b70    00000002     memoria_sysbios_v2_p28FP.o28FP (.econst:ti_sysbios_heaps_HeapMem_Module__diagsMask__C)
                  00305b72    00000002     memoria_sysbios_v2_p28FP.o28FP (.econst:ti_sysbios_heaps_HeapMem_Module__gateObj__C)
                  00305b74    00000002     memoria_sysbios_v2_p28FP.o28FP (.econst:ti_sysbios_heaps_HeapMem_reqAlign__C)
                  00305b76    00000002     memoria_sysbios_v2_p28FP.o28FP (.econst:ti_sysbios_knl_Clock_LM_begin__C)
                  00305b78    00000002     memoria_sysbios_v2_p28FP.o28FP (.econst:ti_sysbios_knl_Clock_LM_tick__C)
                  00305b7a    00000002     memoria_sysbios_v2_p28FP.o28FP (.econst:ti_sysbios_knl_Clock_LW_delayed__C)
                  00305b7c    00000002     memoria_sysbios_v2_p28FP.o28FP (.econst:ti_sysbios_knl_Clock_Module_State_clockQ__O)
                  00305b7e    00000002     memoria_sysbios_v2_p28FP.o28FP (.econst:ti_sysbios_knl_Clock_Module__diagsEnabled__C)
                  00305b80    00000002     memoria_sysbios_v2_p28FP.o28FP (.econst:ti_sysbios_knl_Clock_Module__diagsIncluded__C)
                  00305b82    00000002     memoria_sysbios_v2_p28FP.o28FP (.econst:ti_sysbios_knl_Clock_Module__diagsMask__C)
                  00305b84    00000002     memoria_sysbios_v2_p28FP.o28FP (.econst:ti_sysbios_knl_Clock_Module__loggerFxn1__C)
                  00305b86    00000002     memoria_sysbios_v2_p28FP.o28FP (.econst:ti_sysbios_knl_Clock_Module__loggerFxn2__C)
                  00305b88    00000002     memoria_sysbios_v2_p28FP.o28FP (.econst:ti_sysbios_knl_Clock_Module__loggerObj__C)
                  00305b8a    00000002     memoria_sysbios_v2_p28FP.o28FP (.econst:ti_sysbios_knl_Semaphore_A_badContext__C)
                  00305b8c    00000002     memoria_sysbios_v2_p28FP.o28FP (.econst:ti_sysbios_knl_Semaphore_A_noEvents__C)
                  00305b8e    00000002     memoria_sysbios_v2_p28FP.o28FP (.econst:ti_sysbios_knl_Semaphore_A_overflow__C)
                  00305b90    00000002     memoria_sysbios_v2_p28FP.o28FP (.econst:ti_sysbios_knl_Semaphore_A_pendTaskDisabled__C)
                  00305b92    00000002     memoria_sysbios_v2_p28FP.o28FP (.econst:ti_sysbios_knl_Semaphore_Instance_State_pendQ__O)
                  00305b94    00000002     memoria_sysbios_v2_p28FP.o28FP (.econst:ti_sysbios_knl_Semaphore_LM_pend__C)
                  00305b96    00000002     memoria_sysbios_v2_p28FP.o28FP (.econst:ti_sysbios_knl_Semaphore_LM_post__C)
                  00305b98    00000002     memoria_sysbios_v2_p28FP.o28FP (.econst:ti_sysbios_knl_Semaphore_Module__diagsEnabled__C)
                  00305b9a    00000002     memoria_sysbios_v2_p28FP.o28FP (.econst:ti_sysbios_knl_Semaphore_Module__diagsIncluded__C)
                  00305b9c    00000002     memoria_sysbios_v2_p28FP.o28FP (.econst:ti_sysbios_knl_Semaphore_Module__diagsMask__C)
                  00305b9e    00000002     memoria_sysbios_v2_p28FP.o28FP (.econst:ti_sysbios_knl_Semaphore_Module__loggerFxn2__C)
                  00305ba0    00000002     memoria_sysbios_v2_p28FP.o28FP (.econst:ti_sysbios_knl_Semaphore_Module__loggerFxn4__C)
                  00305ba2    00000002     memoria_sysbios_v2_p28FP.o28FP (.econst:ti_sysbios_knl_Semaphore_Module__loggerObj__C)
                  00305ba4    00000002     memoria_sysbios_v2_p28FP.o28FP (.econst:ti_sysbios_knl_Swi_LD_end__C)
                  00305ba6    00000002     memoria_sysbios_v2_p28FP.o28FP (.econst:ti_sysbios_knl_Swi_LM_begin__C)
                  00305ba8    00000002     memoria_sysbios_v2_p28FP.o28FP (.econst:ti_sysbios_knl_Swi_LM_post__C)
                  00305baa    00000002     memoria_sysbios_v2_p28FP.o28FP (.econst:ti_sysbios_knl_Swi_Module__diagsEnabled__C)
                  00305bac    00000002     memoria_sysbios_v2_p28FP.o28FP (.econst:ti_sysbios_knl_Swi_Module__diagsIncluded__C)
                  00305bae    00000002     memoria_sysbios_v2_p28FP.o28FP (.econst:ti_sysbios_knl_Swi_Module__diagsMask__C)
                  00305bb0    00000002     memoria_sysbios_v2_p28FP.o28FP (.econst:ti_sysbios_knl_Swi_Module__loggerFxn1__C)
                  00305bb2    00000002     memoria_sysbios_v2_p28FP.o28FP (.econst:ti_sysbios_knl_Swi_Module__loggerFxn4__C)
                  00305bb4    00000002     memoria_sysbios_v2_p28FP.o28FP (.econst:ti_sysbios_knl_Swi_Module__loggerObj__C)
                  00305bb6    00000002     memoria_sysbios_v2_p28FP.o28FP (.econst:ti_sysbios_knl_Task_A_badContextId__C)
                  00305bb8    00000002     memoria_sysbios_v2_p28FP.o28FP (.econst:ti_sysbios_knl_Task_E_spOutOfBounds__C)
                  00305bba    00000002     memoria_sysbios_v2_p28FP.o28FP (.econst:ti_sysbios_knl_Task_E_stackOverflow__C)
                  00305bbc    00000002     memoria_sysbios_v2_p28FP.o28FP (.econst:ti_sysbios_knl_Task_LD_block__C)
                  00305bbe    00000002     memoria_sysbios_v2_p28FP.o28FP (.econst:ti_sysbios_knl_Task_LD_exit__C)
                  00305bc0    00000002     memoria_sysbios_v2_p28FP.o28FP (.econst:ti_sysbios_knl_Task_LD_ready__C)
                  00305bc2    00000002     memoria_sysbios_v2_p28FP.o28FP (.econst:ti_sysbios_knl_Task_LM_switch__C)
                  00305bc4    00000002     memoria_sysbios_v2_p28FP.o28FP (.econst:ti_sysbios_knl_Task_Module_State_inactiveQ__O)
                  00305bc6    00000002     memoria_sysbios_v2_p28FP.o28FP (.econst:ti_sysbios_knl_Task_Module__diagsEnabled__C)
                  00305bc8    00000002     memoria_sysbios_v2_p28FP.o28FP (.econst:ti_sysbios_knl_Task_Module__diagsIncluded__C)
                  00305bca    00000002     memoria_sysbios_v2_p28FP.o28FP (.econst:ti_sysbios_knl_Task_Module__diagsMask__C)
                  00305bcc    00000002     memoria_sysbios_v2_p28FP.o28FP (.econst:ti_sysbios_knl_Task_Module__loggerFxn2__C)
                  00305bce    00000002     memoria_sysbios_v2_p28FP.o28FP (.econst:ti_sysbios_knl_Task_Module__loggerFxn4__C)
                  00305bd0    00000002     memoria_sysbios_v2_p28FP.o28FP (.econst:ti_sysbios_knl_Task_Module__loggerObj__C)
                  00305bd2    00000002     memoria_sysbios_v2_p28FP.o28FP (.econst:ti_sysbios_knl_Task_Object__heap__C)
                  00305bd4    00000002     memoria_sysbios_v2_p28FP.o28FP (.econst:ti_sysbios_knl_Task_allBlockedFunc__C)
                  00305bd6    00000002     memoria_sysbios_v2_p28FP.o28FP (.econst:ti_sysbios_utils_Load_LS_cpuLoad__C)
                  00305bd8    00000002     memoria_sysbios_v2_p28FP.o28FP (.econst:ti_sysbios_utils_Load_LS_taskLoad__C)
                  00305bda    00000002     memoria_sysbios_v2_p28FP.o28FP (.econst:ti_sysbios_utils_Load_Module_State_taskList__O)
                  00305bdc    00000002     memoria_sysbios_v2_p28FP.o28FP (.econst:ti_sysbios_utils_Load_Module__diagsEnabled__C)
                  00305bde    00000002     memoria_sysbios_v2_p28FP.o28FP (.econst:ti_sysbios_utils_Load_Module__diagsIncluded__C)
                  00305be0    00000002     memoria_sysbios_v2_p28FP.o28FP (.econst:ti_sysbios_utils_Load_Module__diagsMask__C)
                  00305be2    00000002     memoria_sysbios_v2_p28FP.o28FP (.econst:ti_sysbios_utils_Load_Module__loggerFxn1__C)
                  00305be4    00000002     memoria_sysbios_v2_p28FP.o28FP (.econst:ti_sysbios_utils_Load_Module__loggerFxn4__C)
                  00305be6    00000002     memoria_sysbios_v2_p28FP.o28FP (.econst:ti_sysbios_utils_Load_Module__loggerObj__C)
                  00305be8    00000002     memoria_sysbios_v2_p28FP.o28FP (.econst:ti_sysbios_utils_Load_postUpdate__C)
                  00305bea    00000002     memoria_sysbios_v2_p28FP.o28FP (.econst:ti_uia_loggers_LoggerStopMode_Module__diagsEnabled__C)
                  00305bec    00000002     memoria_sysbios_v2_p28FP.o28FP (.econst:ti_uia_loggers_LoggerStopMode_Module__diagsIncluded__C)
                  00305bee    00000002     memoria_sysbios_v2_p28FP.o28FP (.econst:ti_uia_loggers_LoggerStopMode_Module__diagsMask__C)
                  00305bf0    00000002     memoria_sysbios_v2_p28FP.o28FP (.econst:ti_uia_runtime_ILoggerSnapshot_Interface__BASE__C)
                  00305bf2    00000002     memoria_sysbios_v2_p28FP.o28FP (.econst:ti_uia_runtime_IUIATransfer_Interface__BASE__C)
                  00305bf4    00000002     memoria_sysbios_v2_p28FP.o28FP (.econst:xdc_runtime_Assert_E_assertFailed__C)
                  00305bf6    00000002     memoria_sysbios_v2_p28FP.o28FP (.econst:xdc_runtime_Core_A_initializedParams__C)
                  00305bf8    00000002     memoria_sysbios_v2_p28FP.o28FP (.econst:xdc_runtime_Core_Module__diagsEnabled__C)
                  00305bfa    00000002     memoria_sysbios_v2_p28FP.o28FP (.econst:xdc_runtime_Core_Module__diagsIncluded__C)
                  00305bfc    00000002     memoria_sysbios_v2_p28FP.o28FP (.econst:xdc_runtime_Core_Module__diagsMask__C)
                  00305bfe    00000002     memoria_sysbios_v2_p28FP.o28FP (.econst:xdc_runtime_Error_E_memory__C)
                  00305c00    00000002     memoria_sysbios_v2_p28FP.o28FP (.econst:xdc_runtime_Error_policyFxn__C)
                  00305c02    00000002     memoria_sysbios_v2_p28FP.o28FP (.econst:xdc_runtime_Error_raiseHook__C)
                  00305c04    00000002     memoria_sysbios_v2_p28FP.o28FP (.econst:xdc_runtime_IFilterLogger_Interface__BASE__C)
                  00305c06    00000002     memoria_sysbios_v2_p28FP.o28FP (.econst:xdc_runtime_IGateProvider_Interface__BASE__C)
                  00305c08    00000002     memoria_sysbios_v2_p28FP.o28FP (.econst:xdc_runtime_IHeap_Interface__BASE__C)
                  00305c0a    00000002     memoria_sysbios_v2_p28FP.o28FP (.econst:xdc_runtime_ILogger_Interface__BASE__C)
                  00305c0c    00000002     memoria_sysbios_v2_p28FP.o28FP (.econst:xdc_runtime_IModule_Interface__BASE__C)
                  00305c0e    00000002     memoria_sysbios_v2_p28FP.o28FP (.econst:xdc_runtime_Memory_defaultHeapInstance__C)
                  00305c10    00000002     memoria_sysbios_v2_p28FP.o28FP (.econst:xdc_runtime_Startup_execImpl__C)
                  00305c12    00000002     memoria_sysbios_v2_p28FP.o28FP (.econst:xdc_runtime_Startup_lastFxns__A)
                  00305c14    00000002     memoria_sysbios_v2_p28FP.o28FP (.econst:xdc_runtime_Startup_sfxnRts__C)
                  00305c16    00000002     memoria_sysbios_v2_p28FP.o28FP (.econst:xdc_runtime_Startup_sfxnTab__C)
                  00305c18    00000002     memoria_sysbios_v2_p28FP.o28FP (.econst:xdc_runtime_SysMin_bufSize__C)
                  00305c1a    00000002     memoria_sysbios_v2_p28FP.o28FP (.econst:xdc_runtime_SysMin_outputFunc__C)
                  00305c1c    00000002     memoria_sysbios_v2_p28FP.o28FP (.econst:xdc_runtime_System_Module__gateObj__C)
                  00305c1e    00000002     memoria_sysbios_v2_p28FP.o28FP (.econst:xdc_runtime_System_abortFxn__C)
                  00305c20    00000002     memoria_sysbios_v2_p28FP.o28FP (.econst:xdc_runtime_System_exitFxn__C)
                  00305c22    00000002     memoria_sysbios_v2_p28FP.o28FP (.econst:xdc_runtime_System_extendFxn__C)
                  00305c24    00000002     memoria_sysbios_v2_p28FP.o28FP (.econst:xdc_runtime_Text_charTab__C)
                  00305c26    00000002     memoria_sysbios_v2_p28FP.o28FP (.econst:xdc_runtime_Text_nameEmpty__C)
                  00305c28    00000002     memoria_sysbios_v2_p28FP.o28FP (.econst:xdc_runtime_Text_nameStatic__C)
                  00305c2a    00000002     memoria_sysbios_v2_p28FP.o28FP (.econst:xdc_runtime_Text_nodeTab__C)
                  00305c2c    00000002     memoria_sysbios_v2_p28FP.o28FP (.econst:xdc_runtime_Text_visitRopeFxn__C)
                  00305c2e    00000001     memoria_sysbios_v2_p28FP.o28FP (.econst:ti_sysbios_family_c28_TaskSupport_Module__id__C)
                  00305c2f    00000001     memoria_sysbios_v2_p28FP.o28FP (.econst:ti_sysbios_family_c28_Timer_Module__id__C)
                  00305c30    00000001     memoria_sysbios_v2_p28FP.o28FP (.econst:ti_sysbios_family_c28_Timer_startupNeeded__C)
                  00305c31    00000001     memoria_sysbios_v2_p28FP.o28FP (.econst:ti_sysbios_family_c28_TimestampProvider_Module__id__C)
                  00305c32    00000001     memoria_sysbios_v2_p28FP.o28FP (.econst:ti_sysbios_family_c28_TimestampProvider_useClockTimer__C)
                  00305c33    00000001     memoria_sysbios_v2_p28FP.o28FP (.econst:ti_sysbios_gates_GateMutex_Module__id__C)
                  00305c34    00000001     memoria_sysbios_v2_p28FP.o28FP (.econst:ti_sysbios_hal_Hwi_Module__id__C)
                  00305c35    00000001     memoria_sysbios_v2_p28FP.o28FP (.econst:ti_sysbios_heaps_HeapMem_Module__id__C)
                  00305c36    00000001     memoria_sysbios_v2_p28FP.o28FP (.econst:ti_sysbios_heaps_HeapMem_Object__count__C)
                  00305c37    00000001     memoria_sysbios_v2_p28FP.o28FP (.econst:ti_sysbios_knl_Clock_Module__id__C)
                  00305c38    00000001     memoria_sysbios_v2_p28FP.o28FP (.econst:ti_sysbios_knl_Clock_Module__loggerDefined__C)
                  00305c39    00000001     memoria_sysbios_v2_p28FP.o28FP (.econst:ti_sysbios_knl_Semaphore_Module__id__C)
                  00305c3a    00000001     memoria_sysbios_v2_p28FP.o28FP (.econst:ti_sysbios_knl_Semaphore_Module__loggerDefined__C)
                  00305c3b    00000001     memoria_sysbios_v2_p28FP.o28FP (.econst:ti_sysbios_knl_Swi_Module__id__C)
                  00305c3c    00000001     memoria_sysbios_v2_p28FP.o28FP (.econst:ti_sysbios_knl_Swi_Module__loggerDefined__C)
                  00305c3d    00000001     memoria_sysbios_v2_p28FP.o28FP (.econst:ti_sysbios_knl_Swi_Object__count__C)
                  00305c3e    00000001     memoria_sysbios_v2_p28FP.o28FP (.econst:ti_sysbios_knl_Task_Module__id__C)
                  00305c3f    00000001     memoria_sysbios_v2_p28FP.o28FP (.econst:ti_sysbios_knl_Task_Module__loggerDefined__C)
                  00305c40    00000001     memoria_sysbios_v2_p28FP.o28FP (.econst:ti_sysbios_knl_Task_Object__count__C)
                  00305c41    00000001     memoria_sysbios_v2_p28FP.o28FP (.econst:ti_sysbios_knl_Task_numConstructedTasks__C)
                  00305c42    00000001     memoria_sysbios_v2_p28FP.o28FP (.econst:ti_sysbios_utils_Load_Module__id__C)
                  00305c43    00000001     memoria_sysbios_v2_p28FP.o28FP (.econst:ti_sysbios_utils_Load_Module__loggerDefined__C)
                  00305c44    00000001     memoria_sysbios_v2_p28FP.o28FP (.econst:ti_sysbios_utils_Load_autoAddTasks__C)
                  00305c45    00000001     memoria_sysbios_v2_p28FP.o28FP (.econst:ti_sysbios_utils_Load_updateInIdle__C)
                  00305c46    00000001     memoria_sysbios_v2_p28FP.o28FP (.econst:ti_sysbios_utils_Load_windowInMs__C)
                  00305c47    00000001     memoria_sysbios_v2_p28FP.o28FP (.econst:ti_uia_loggers_LoggerStopMode_Module__id__C)
                  00305c48    00000001     memoria_sysbios_v2_p28FP.o28FP (.econst:ti_uia_loggers_LoggerStopMode_Object__count__C)
                  00305c49    00000001     memoria_sysbios_v2_p28FP.o28FP (.econst:ti_uia_loggers_LoggerStopMode_isTimestampEnabled__C)
                  00305c4a    00000001     memoria_sysbios_v2_p28FP.o28FP (.econst:xdc_runtime_Core_Module__id__C)
                  00305c4b    00000001     memoria_sysbios_v2_p28FP.o28FP (.econst:xdc_runtime_Error_Module__loggerDefined__C)
                  00305c4c    00000001     memoria_sysbios_v2_p28FP.o28FP (.econst:xdc_runtime_Error_maxDepth__C)
                  00305c4d    00000001     memoria_sysbios_v2_p28FP.o28FP (.econst:xdc_runtime_Error_policy__C)
                  00305c4e    00000001     memoria_sysbios_v2_p28FP.o28FP (.econst:xdc_runtime_Memory_Module__id__C)
                  00305c4f    00000001     memoria_sysbios_v2_p28FP.o28FP (.econst:xdc_runtime_Startup_maxPasses__C)
                  00305c50    00000001     memoria_sysbios_v2_p28FP.o28FP (.econst:xdc_runtime_SysMin_flushAtExit__C)
                  00305c51    00000001     memoria_sysbios_v2_p28FP.o28FP (.econst:xdc_runtime_System_maxAtexitHandlers__C)
                  00305c52    00000001     memoria_sysbios_v2_p28FP.o28FP (.econst:xdc_runtime_Text_charCnt__C)
                  00305c53    00000001     memoria_sysbios_v2_p28FP.o28FP (.econst:xdc_runtime_Text_isLoaded__C)
                  00305c54    00000001     memoria_sysbios_v2_p28FP.o28FP (.econst:xdc_runtime_Text_registryModsLastId__C)
                  00305c55    00000001     memoria_sysbios_v2_p28FP.o28FP (.econst:xdc_runtime_Text_unnamedModsLastId__C)

.cinit     0    00305c56    00000526     
                  00305c56    00000186     memoria_sysbios_v2_p28FP.o28FP (.cinit)
                  00305ddc    00000103     memoria_sysbios_v2_p28FP.o28FP (.cinit:_ti_sysbios_family_c28_Hwi_Module_State_0_dispatchTable__A)
                  00305edf    0000005c     main.obj (.cinit)
                  00305f3b    00000057     memoria_sysbios_v2_p28FP.o28FP (.cinit:_ti_uia_loggers_LoggerStopMode_Object__table__V)
                  00305f92    00000043     memoria_sysbios_v2_p28FP.o28FP (.cinit:_ti_sysbios_knl_Swi_Module_State_0_readyQ__A)
                  00305fd5    00000043     memoria_sysbios_v2_p28FP.o28FP (.cinit:_ti_sysbios_knl_Task_Module_State_0_readyQ__A)
                  00306018    00000037     memoria_sysbios_v2_p28FP.o28FP (.cinit:_ti_sysbios_family_c28_Timer_Object__table__V)
                  0030604f    0000002f     memoria_sysbios_v2_p28FP.o28FP (.cinit:_ti_sysbios_knl_Task_Object__table__V)
                  0030607e    00000027     memoria_sysbios_v2_p28FP.o28FP (.cinit:_ti_sysbios_family_c28_Hwi_Object__table__V)
                  003060a5    00000027     memoria_sysbios_v2_p28FP.o28FP (.cinit:_ti_sysbios_gates_GateMutex_Object__table__V)
                  003060cc    00000019     memoria_sysbios_v2_p28FP.o28FP (.cinit:_ti_sysbios_knl_Swi_Object__table__V)
                  003060e5    00000014     myHwi.obj (.cinit:_message)
                  003060f9    00000013     memoria_sysbios_v2_p28FP.o28FP (.cinit:_xdc_runtime_Diags_dictElems)
                  0030610c    00000011     memoria_sysbios_v2_p28FP.o28FP (.cinit:_ti_sysbios_heaps_HeapMem_Object__table__V)
                  0030611d    00000011     memoria_sysbios_v2_p28FP.o28FP (.cinit:_ti_sysbios_utils_Load_Module_State_0_taskEnv__A)
                  0030612e    0000000e     rts2800_fpu32.lib : exit.c.obj (.cinit)
                  0030613c    0000000b     memoria_sysbios_v2_p28FP.o28FP (.cinit:_xdc_runtime_System_Module_State_0_atexitHandlers__A)
                  00306147    0000000a     myHwi.obj (.cinit)
                  00306151    00000009     ti.uia.runtime.a28FP : QueueDescriptor.o28FP (.cinit)
                  0030615a    00000007     memoria_sysbios_v2_p28FP.o28FP (.cinit:_ti_sysbios_gates_GateHwi_Object__table__V)
                  00306161    00000005     rts2800_fpu32.lib : _lock.c.obj (.cinit:__lock)
                  00306166    00000005                       : _lock.c.obj (.cinit:__unlock)
                  0030616b    00000005     memoria_sysbios_v2_p28FP.o28FP (.cinit:_ti_sysbios_knl_Task_Module_State_0_idleTask__A)
                  00306170    00000005     memoria_sysbios_v2_p28FP.o28FP (.cinit:_ti_sysbios_utils_Load_Module_State_0_runningTask__A)
                  00306175    00000005     memoria_sysbios_v2_p28FP.o28FP (.cinit:_ti_sysbios_utils_Load_Module_State_0_taskStartTime__A)
                  0030617a    00000002     --HOLE-- [fill = 0]

.switch    0    003061f6    0000001c     
                  003061f6    0000001c     sysbios.a28FP : BIOS.obj (.switch:_ti_sysbios_family_c28_Hwi_clearInterrupt__E)

.data      1    00000200    000000dd     UNINITIALIZED
                  00000200    0000004c     memoria_sysbios_v2_p28FP.o28FP (.data:ti_sysbios_utils_Load_Module__state__V)
                  0000024c    00000020     memoria_sysbios_v2_p28FP.o28FP (.data:ti_sysbios_knl_Task_Module__state__V)
                  0000026c    00000012     memoria_sysbios_v2_p28FP.o28FP (.data:ti_sysbios_BIOS_Module__state__V)
                  0000027e    00000002     memoria_sysbios_v2_p28FP.o28FP (.data:xdc_runtime_Memory_Module__state__V)
                  00000280    00000016     memoria_sysbios_v2_p28FP.o28FP (.data:ti_sysbios_knl_Clock_Module__state__V)
                  00000296    00000010     memoria_sysbios_v2_p28FP.o28FP (.data:ti_sysbios_family_c28_Hwi_Module__state__V)
                  000002a6    0000000c     memoria_sysbios_v2_p28FP.o28FP (.data:ti_sysbios_knl_Swi_Module__state__V)
                  000002b2    00000008     memoria_sysbios_v2_p28FP.o28FP (.data:ti_sysbios_family_c28_Timer_Module__state__V)
                  000002ba    00000006     memoria_sysbios_v2_p28FP.o28FP (.data:ti_uia_runtime_QueueDescriptor_Module__state__V)
                  000002c0    00000004     memoria_sysbios_v2_p28FP.o28FP (.data:ti_sysbios_family_c28_TimestampProvider_Module__state__V)
                  000002c4    00000004     memoria_sysbios_v2_p28FP.o28FP (.data:ti_uia_loggers_LoggerStopMode_Module__state__V)
                  000002c8    00000004     memoria_sysbios_v2_p28FP.o28FP (.data:xdc_runtime_Registry_Module__state__V)
                  000002cc    00000004     memoria_sysbios_v2_p28FP.o28FP (.data:xdc_runtime_Startup_Module__state__V)
                  000002d0    00000004     memoria_sysbios_v2_p28FP.o28FP (.data:xdc_runtime_SysMin_Module__state__V)
                  000002d4    00000004     memoria_sysbios_v2_p28FP.o28FP (.data:xdc_runtime_System_Module__state__V)
                  000002d8    00000004     memoria_sysbios_v2_p28FP.o28FP (.data:xdc_runtime_Text_Module__state__V)
                  000002dc    00000001     memoria_sysbios_v2_p28FP.o28FP (.data:xdc_runtime_Error_Module__state__V)

DevEmuRegsFile 
*          1    00000880    000000d0     UNINITIALIZED
                  00000880    000000d0     DSP2833x_GlobalVariableDefs.obj (DevEmuRegsFile)

FlashRegsFile 
*          1    00000a80    00000008     UNINITIALIZED
                  00000a80    00000008     DSP2833x_GlobalVariableDefs.obj (FlashRegsFile)

CsmRegsFile 
*          1    00000ae0    00000010     UNINITIALIZED
                  00000ae0    00000010     DSP2833x_GlobalVariableDefs.obj (CsmRegsFile)

AdcMirrorFile 
*          1    00000b00    00000010     UNINITIALIZED
                  00000b00    00000010     DSP2833x_GlobalVariableDefs.obj (AdcMirrorFile)

XintfRegsFile 
*          1    00000b20    0000001e     UNINITIALIZED
                  00000b20    0000001e     DSP2833x_GlobalVariableDefs.obj (XintfRegsFile)

CpuTimer0RegsFile 
*          1    00000c00    00000008     UNINITIALIZED
                  00000c00    00000008     DSP2833x_GlobalVariableDefs.obj (CpuTimer0RegsFile)

CpuTimer1RegsFile 
*          1    00000c08    00000008     UNINITIALIZED
                  00000c08    00000008     DSP2833x_GlobalVariableDefs.obj (CpuTimer1RegsFile)

CpuTimer2RegsFile 
*          1    00000c10    00000008     UNINITIALIZED
                  00000c10    00000008     DSP2833x_GlobalVariableDefs.obj (CpuTimer2RegsFile)

PieCtrlRegsFile 
*          1    00000ce0    0000001a     UNINITIALIZED
                  00000ce0    0000001a     DSP2833x_GlobalVariableDefs.obj (PieCtrlRegsFile)

DmaRegsFile 
*          1    00001000    000000e0     UNINITIALIZED
                  00001000    000000e0     DSP2833x_GlobalVariableDefs.obj (DmaRegsFile)

McbspaRegsFile 
*          1    00005000    00000025     UNINITIALIZED
                  00005000    00000025     DSP2833x_GlobalVariableDefs.obj (McbspaRegsFile)

McbspbRegsFile 
*          1    00005040    00000025     UNINITIALIZED
                  00005040    00000025     DSP2833x_GlobalVariableDefs.obj (McbspbRegsFile)

ECanaRegsFile 
*          1    00006000    00000034     UNINITIALIZED
                  00006000    00000034     DSP2833x_GlobalVariableDefs.obj (ECanaRegsFile)

ECanaLAMRegsFile 
*          1    00006040    00000040     UNINITIALIZED
                  00006040    00000040     DSP2833x_GlobalVariableDefs.obj (ECanaLAMRegsFile)

ECanaMOTSRegsFile 
*          1    00006080    00000040     UNINITIALIZED
                  00006080    00000040     DSP2833x_GlobalVariableDefs.obj (ECanaMOTSRegsFile)

ECanaMOTORegsFile 
*          1    000060c0    00000040     UNINITIALIZED
                  000060c0    00000040     DSP2833x_GlobalVariableDefs.obj (ECanaMOTORegsFile)

ECanaMboxesFile 
*          1    00006100    00000100     UNINITIALIZED
                  00006100    00000100     DSP2833x_GlobalVariableDefs.obj (ECanaMboxesFile)

ECanbRegsFile 
*          1    00006200    00000034     UNINITIALIZED
                  00006200    00000034     DSP2833x_GlobalVariableDefs.obj (ECanbRegsFile)

ECanbLAMRegsFile 
*          1    00006240    00000040     UNINITIALIZED
                  00006240    00000040     DSP2833x_GlobalVariableDefs.obj (ECanbLAMRegsFile)

ECanbMOTSRegsFile 
*          1    00006280    00000040     UNINITIALIZED
                  00006280    00000040     DSP2833x_GlobalVariableDefs.obj (ECanbMOTSRegsFile)

ECanbMOTORegsFile 
*          1    000062c0    00000040     UNINITIALIZED
                  000062c0    00000040     DSP2833x_GlobalVariableDefs.obj (ECanbMOTORegsFile)

ECanbMboxesFile 
*          1    00006300    00000100     UNINITIALIZED
                  00006300    00000100     DSP2833x_GlobalVariableDefs.obj (ECanbMboxesFile)

EPwm1RegsFile 
*          1    00006800    00000022     UNINITIALIZED
                  00006800    00000022     DSP2833x_GlobalVariableDefs.obj (EPwm1RegsFile)

EPwm2RegsFile 
*          1    00006840    00000022     UNINITIALIZED
                  00006840    00000022     DSP2833x_GlobalVariableDefs.obj (EPwm2RegsFile)

EPwm3RegsFile 
*          1    00006880    00000022     UNINITIALIZED
                  00006880    00000022     DSP2833x_GlobalVariableDefs.obj (EPwm3RegsFile)

EPwm4RegsFile 
*          1    000068c0    00000022     UNINITIALIZED
                  000068c0    00000022     DSP2833x_GlobalVariableDefs.obj (EPwm4RegsFile)

EPwm5RegsFile 
*          1    00006900    00000022     UNINITIALIZED
                  00006900    00000022     DSP2833x_GlobalVariableDefs.obj (EPwm5RegsFile)

EPwm6RegsFile 
*          1    00006940    00000022     UNINITIALIZED
                  00006940    00000022     DSP2833x_GlobalVariableDefs.obj (EPwm6RegsFile)

ECap1RegsFile 
*          1    00006a00    00000020     UNINITIALIZED
                  00006a00    00000020     DSP2833x_GlobalVariableDefs.obj (ECap1RegsFile)

ECap2RegsFile 
*          1    00006a20    00000020     UNINITIALIZED
                  00006a20    00000020     DSP2833x_GlobalVariableDefs.obj (ECap2RegsFile)

ECap3RegsFile 
*          1    00006a40    00000020     UNINITIALIZED
                  00006a40    00000020     DSP2833x_GlobalVariableDefs.obj (ECap3RegsFile)

ECap4RegsFile 
*          1    00006a60    00000020     UNINITIALIZED
                  00006a60    00000020     DSP2833x_GlobalVariableDefs.obj (ECap4RegsFile)

ECap5RegsFile 
*          1    00006a80    00000020     UNINITIALIZED
                  00006a80    00000020     DSP2833x_GlobalVariableDefs.obj (ECap5RegsFile)

ECap6RegsFile 
*          1    00006aa0    00000020     UNINITIALIZED
                  00006aa0    00000020     DSP2833x_GlobalVariableDefs.obj (ECap6RegsFile)

EQep1RegsFile 
*          1    00006b00    00000040     UNINITIALIZED
                  00006b00    00000040     DSP2833x_GlobalVariableDefs.obj (EQep1RegsFile)

EQep2RegsFile 
*          1    00006b40    00000040     UNINITIALIZED
                  00006b40    00000040     DSP2833x_GlobalVariableDefs.obj (EQep2RegsFile)

GpioCtrlRegsFile 
*          1    00006f80    0000002e     UNINITIALIZED
                  00006f80    0000002e     DSP2833x_GlobalVariableDefs.obj (GpioCtrlRegsFile)

GpioDataRegsFile 
*          1    00006fc0    00000020     UNINITIALIZED
                  00006fc0    00000020     DSP2833x_GlobalVariableDefs.obj (GpioDataRegsFile)

GpioIntRegsFile 
*          1    00006fe0    0000000a     UNINITIALIZED
                  00006fe0    0000000a     DSP2833x_GlobalVariableDefs.obj (GpioIntRegsFile)

SysCtrlRegsFile 
*          1    00007010    00000020     UNINITIALIZED
                  00007010    00000020     DSP2833x_GlobalVariableDefs.obj (SysCtrlRegsFile)

SpiaRegsFile 
*          1    00007040    00000010     UNINITIALIZED
                  00007040    00000010     DSP2833x_GlobalVariableDefs.obj (SpiaRegsFile)

SciaRegsFile 
*          1    00007050    00000010     UNINITIALIZED
                  00007050    00000010     DSP2833x_GlobalVariableDefs.obj (SciaRegsFile)

XIntruptRegsFile 
*          1    00007070    00000010     UNINITIALIZED
                  00007070    00000010     DSP2833x_GlobalVariableDefs.obj (XIntruptRegsFile)

AdcRegsFile 
*          1    00007100    0000001e     UNINITIALIZED
                  00007100    0000001e     DSP2833x_GlobalVariableDefs.obj (AdcRegsFile)

ScibRegsFile 
*          1    00007750    00000010     UNINITIALIZED
                  00007750    00000010     DSP2833x_GlobalVariableDefs.obj (ScibRegsFile)

ScicRegsFile 
*          1    00007770    00000010     UNINITIALIZED
                  00007770    00000010     DSP2833x_GlobalVariableDefs.obj (ScicRegsFile)

I2caRegsFile 
*          1    00007900    00000022     UNINITIALIZED
                  00007900    00000022     DSP2833x_GlobalVariableDefs.obj (I2caRegsFile)

CsmPwlFile 
*          1    0033fff8    00000008     UNINITIALIZED
                  0033fff8    00000008     DSP2833x_GlobalVariableDefs.obj (CsmPwlFile)

PartIdRegsFile 
*          1    00380090    00000001     UNINITIALIZED
                  00380090    00000001     DSP2833x_GlobalVariableDefs.obj (PartIdRegsFile)

.pinit     0    00300000    00000000     UNINITIALIZED

.text      0    00300000    0000382b     
                  00300000    0000023b     ti.targets.rts2800.a28FP : System.o28FP (.text:_xdc_runtime_System_doPrint__I)
                  0030023b    000001da     sysbios.a28FP : BIOS.obj (.text:_ti_sysbios_knl_Semaphore_pend__E)
                  00300415    000001a1                   : BIOS.obj (.text:_ti_sysbios_heaps_HeapMem_freeUnprotected__E)
                  003005b6    0000016c                   : BIOS.obj (.text:_ti_sysbios_heaps_HeapMem_allocUnprotected__E)
                  00300722    00000107     rts2800_fpu32.lib : ll_div28.asm.obj (.text)
                  00300829    000000ef     sysbios.a28FP : BIOS.obj (.text:_ti_sysbios_heaps_HeapMem_Instance_init__E)
                  00300918    000000dc                   : BIOS.obj (.text:_ti_sysbios_family_c28_Hwi_clearInterrupt__E)
                  003009f4    000000da     SetupGpio.obj (.text:_Gpio_Setup)
                  00300ace    000000da     memoria_sysbios_v2_p28FP.o28FP (.text:_ti_uia_loggers_LoggerStopMode_writeMemoryRange__E)
                  00300ba8    000000d9     memoria_sysbios_v2_p28FP.o28FP (.text:_ti_uia_loggers_LoggerStopMode_write8__E)
                  00300c81    000000c9     memoria_sysbios_v2_p28FP.o28FP (.text:_ti_uia_loggers_LoggerStopMode_write4__E)
                  00300d4a    000000c7     sysbios.a28FP : BIOS.obj (.text:_ti_sysbios_family_c28_Hwi_dispatchCore__I)
                  00300e11    000000c2     memoria_sysbios_v2_p28FP.o28FP (.text:_xdc_runtime_System_printfExtend__I)
                  00300ed3    000000c1     memoria_sysbios_v2_p28FP.o28FP (.text:_ti_uia_loggers_LoggerStopMode_write2__E)
                  00300f94    000000bf     sysbios.a28FP : BIOS.obj (.text:_ti_sysbios_knl_Semaphore_Instance_init__E)
                  00301053    000000bd     memoria_sysbios_v2_p28FP.o28FP (.text:_ti_uia_loggers_LoggerStopMode_write1__E)
                  00301110    000000b9     sysbios.a28FP : BIOS.obj (.text:_ti_sysbios_knl_Semaphore_post__E)
                  003011c9    000000b5     memoria_sysbios_v2_p28FP.o28FP (.text:_ti_uia_loggers_LoggerStopMode_write0__E)
                  0030127e    000000b1     sysbios.a28FP : c28_Hwi_disp_asm.obj (.text:_ti_sysbios_family_c28_Hwi_dispatchZero)
                  0030132f    000000b1                   : BIOS.obj (.text:_ti_sysbios_knl_Clock_workFunc__E)
                  003013e0    000000a7                   : BIOS.obj (.text:_ti_sysbios_knl_Swi_run__I)
                  00301487    000000a0     ti.targets.rts2800.a28FP : Core-mem.o28FP (.text:_xdc_runtime_Core_createObject__I)
                  00301527    00000001     sysbios.a28FP : BIOS.obj (.text:_ti_sysbios_BIOS_linkedWithIncorrectBootLibrary__E)
                  00301528    00000095     rts2800_fpu32.lib : trgmsg.c.obj (.text)
                  003015bd    0000008e     sysbios.a28FP : BIOS.obj (.text:_ti_sysbios_family_c28_Hwi_enableInterrupt__E)
                  0030164b    0000008d     ti.targets.rts2800.a28FP : Core-smem.o28FP (.text:_xdc_runtime_Core_constructObject__I)
                  003016d8    0000008b     sysbios.a28FP : BIOS.obj (.text:_ti_sysbios_knl_Task_startCore__E)
                  00301763    00000088     rts2800_fpu32.lib : fs_div28.asm.obj (.text)
                  003017eb    00000087     sysbios.a28FP : BIOS.obj (.text:_ti_sysbios_utils_Load_updateThreadContexts__E)
                  00301872    00000082                   : BIOS.obj (.text:_ti_sysbios_knl_Task_schedule__I)
                  003018f4    00000081                   : BIOS.obj (.text:_ti_sysbios_family_c28_Hwi_disableInterrupt__E)
                  00301975    0000007f                   : BIOS.obj (.text:_ti_sysbios_family_c28_Hwi_disablePIEIER__E)
                  003019f4    0000007e                   : BIOS.obj (.text:_ti_sysbios_family_c28_Hwi_enablePIEIER__E)
                  00301a72    0000007c     main.obj (.text:_main)
                  00301aee    0000007c     sysbios.a28FP : BIOS.obj (.text:_ti_sysbios_knl_Task_postInit__I)
                  00301b6a    00000075                   : BIOS.obj (.text:_ti_sysbios_knl_Task_checkStacks__E)
                  00301bdf    00000074                   : BIOS.obj (.text:_ti_sysbios_utils_Load_updateLoads__E)
                  00301c53    00000073     ti.uia.loggers.a28FP : LoggerStopMode.o28FP (.text:_ti_uia_loggers_LoggerStopMode_flush__E)
                  00301cc6    00000072     ti.targets.rts2800.a28FP : Startup.o28FP (.text:_xdc_runtime_Startup_startMods__I)
                  00301d38    00000071     sysbios.a28FP : BIOS.obj (.text:_ti_sysbios_gates_GateMutex_enter__E)
                  00301da9    0000006f                   : BIOS.obj (.text:_ti_sysbios_knl_Task_exit__E)
                  00301e18    00000069     boot.a28FP : boot_cg.o28FP (.text)
                  00301e81    00000067     sysbios.a28FP : BIOS.obj (.text:_ti_sysbios_family_c28_Timer_stopAndClear__I)
                  00301ee8    00000067                   : BIOS.obj (.text:_ti_sysbios_knl_Task_setHookContext__E)
                  00301f4f    00000067                   : BIOS.obj (.text:_ti_sysbios_utils_Load_idleFxn__E)
                  00301fb6    00000066                   : BIOS.obj (.text:_ti_sysbios_family_c28_Hwi_plug__E)
                  0030201c    00000061                   : BIOS.obj (.text:_ti_sysbios_knl_Task_blockI__E)
                  0030207d    00000061                   : BIOS.obj (.text:_ti_sysbios_utils_Load_logLoads__I)
                  003020de    00000060                   : BIOS.obj (.text:_ti_sysbios_knl_Swi_post__E)
                  0030213e    00000060     ti.targets.rts2800.a28FP : Error.o28FP (.text:_xdc_runtime_Error_policyDefault__E)
                  0030219e    00000060                              : Text.o28FP (.text:_xdc_runtime_Text_putSite__E)
                  003021fe    0000005b     DSP2833x_SysCtrl.obj (.text:_InitPeripheralClocks)
                  00302259    0000005b     myConverter.obj (.text:_eq_ss_pwm_1)
                  003022b4    00000059     myConverter.obj (.text:_eq_ss_pwm_0)
                  0030230d    00000058     ti.uia.loggers.a28FP : LoggerStopMode.o28FP (.text:_ti_uia_loggers_LoggerStopMode_initQueueDescriptor__E)
                  00302365    00000054     sysbios.a28FP : BIOS.obj (.text:_ti_sysbios_knl_Task_unblockI__E)
                  003023b9    0000004c                   : BIOS.obj (.text:_ti_sysbios_utils_Load_startup__E)
                  00302405    00000047                   : BIOS.obj (.text:_ti_sysbios_family_c28_Hwi_Module_startup__E)
                  0030244c    00000047                   : BIOS.obj (.text:_ti_sysbios_knl_Task_Module_startup__E)
                  00302493    00000045                   : BIOS.obj (.text:_ti_sysbios_family_c28_TimestampProvider_get64__E)
                  003024d8    00000043                   : BIOS.obj (.text:_ti_sysbios_utils_Load_taskCreateHook__E)
                  0030251b    00000042                   : BIOS.obj (.text:_ti_sysbios_family_c28_Hwi_unPluggedInterrupt__I)
                  0030255d    00000041     ti.targets.rts2800.a28FP : Text.o28FP (.text:_xdc_runtime_Text_putLab__E)
                  0030259e    00000040                              : Memory.o28FP (.text:_xdc_runtime_Memory_alloc__E)
                  003025de    0000003f     sysbios.a28FP : BIOS.obj (.text:_ti_sysbios_utils_Load_addTask__E)
                  0030261d    0000003e                   : BIOS.obj (.text:_ti_sysbios_family_c28_Timer_postInit__I)
                  0030265b    0000003e     ti.targets.rts2800.a28FP : Core-mem.o28FP (.text:_xdc_runtime_Core_deleteObject__I)
                  00302699    0000003d     ti.uia.runtime.a28FP : QueueDescriptor.o28FP (.text:_ti_uia_runtime_QueueDescriptor_addToList__E)
                  003026d6    0000003c     sysbios.a28FP : BIOS.obj (.text:_ti_sysbios_knl_Swi_restoreHwi__E)
                  00302712    0000003a                   : BIOS.obj (.text:_ti_sysbios_utils_Load_updateCurrentThreadTime__E)
                  0030274c    00000039                   : BIOS.obj (.text:_ti_sysbios_family_c28_TaskSupport_start__E)
                  00302785    00000038                   : BIOS.obj (.text:_ti_sysbios_utils_Load_logCPULoad__I)
                  003027bd    00000038     ti.targets.rts2800.a28FP : Text.o28FP (.text:_xdc_runtime_Text_putMod__E)
                  003027f5    00000037     sysbios.a28FP : BIOS.obj (.text:_ti_sysbios_knl_Clock_logTick__E)
                  0030282c    00000037     rts2800_fpu32.lib : hostwrite.c.obj (.text)
                  00302863    00000036     sysbios.a28FP : BIOS.obj (.text:_ti_sysbios_family_c28_TimestampProvider_Module_startup__E)
                  00302899    00000035     ti.targets.rts2800.a28FP : System.o28FP (.text:_xdc_runtime_System_formatNum__I)
                  003028ce    00000034     sysbios.a28FP : BIOS.obj (.text:_ti_sysbios_utils_Load_taskSwitchHook__E)
                  00302902    00000033                   : BIOS.obj (.text:_ti_sysbios_family_c28_TimestampProvider_get32__E)
                  00302935    00000031                   : BIOS.obj (.text:_ti_sysbios_family_c28_Timer_getFreq__E)
                  00302966    00000031                   : BIOS.obj (.text:_ti_sysbios_heaps_HeapMem_alloc__E)
                  00302997    00000031     ti.targets.rts2800.a28FP : Error.o28FP (.text:_xdc_runtime_Error_print__E)
                  003029c8    00000030     sysbios.a28FP : BIOS.obj (.text:_ti_sysbios_knl_Swi_schedule__I)
                  003029f8    0000002f     ti.uia.loggers.a28FP : LoggerStopMode.o28FP (.text:_ti_uia_loggers_LoggerStopMode_Module_startup__E)
                  00302a27    0000002f     ti.targets.rts2800.a28FP : Core-params.o28FP (.text:_xdc_runtime_Core_assignParams__I)
                  00302a56    0000002f                              : Startup.o28FP (.text:_xdc_runtime_Startup_exec__E)
                  00302a85    0000002e     Boot.a28FP : Boot.o28FP (.text:.bootCodeSection:_ti_catalog_c2800_init_Boot_configurePll2802x)
                  00302ab3    0000002e     SetupGpio.obj (.text:_GpioSpi_Setup)
                  00302ae1    0000002e     sysbios.a28FP : BIOS.obj (.text:_ti_sysbios_family_c28_Hwi_getStackInfo__E)
                  00302b0f    0000002e                   : BIOS.obj (.text:_ti_sysbios_knl_Swi_runLoop__I)
                  00302b3d    0000002d                   : BIOS.obj (.text:_ti_sysbios_family_c28_Hwi_getInterruptFlag__E)
                  00302b6a    0000002d                   : BIOS.obj (.text:_ti_sysbios_family_c28_Timer_start__E)
                  00302b97    0000002d                   : BIOS.obj (.text:_ti_sysbios_heaps_HeapMem_getStats__E)
                  00302bc4    0000002d     ti.targets.rts2800.a28FP : Assert.o28FP (.text:_xdc_runtime_Assert_raise__I)
                  00302bf1    0000002d                              : Error.o28FP (.text:_xdc_runtime_Error_setX__E)
                  00302c1e    0000002d                              : Text.o28FP (.text:_xdc_runtime_Text_visitRope2__I)
                  00302c4b    00000029     sysbios.a28FP : BIOS.obj (.text:_ti_sysbios_utils_Load_taskDeleteHook__E)
                  00302c74    00000029     ti.targets.rts2800.a28FP : Text.o28FP (.text:_xdc_runtime_Text_xprintf__I)
                  00302c9d    00000029     rts2800_fpu32.lib : exit.c.obj (.text)
                  00302cc6    00000028     sysbios.a28FP : BIOS.obj (.text:_ti_sysbios_family_c28_Timer_getExpiredCounts64__E)
                  00302cee    00000027                   : BIOS.obj (.text:_ti_sysbios_heaps_HeapMem_init__I)
                  00302d15    00000026                   : BIOS.obj (.text:_ti_sysbios_utils_Load_removeTask__E)
                  00302d3b    00000026     ti.uia.loggers.a28FP : LoggerStopMode.o28FP (.text:_ti_uia_loggers_LoggerStopMode_reset__E)
                  00302d61    00000026     ti.targets.rts2800.a28FP : SysMin.o28FP (.text:_xdc_runtime_SysMin_flush__E)
                  00302d87    00000025     SetupADC.obj (.text:_Adc_Setup)
                  00302dac    00000025     sysbios.a28FP : c28_TaskSupport_asm.obj (.text:_ti_sysbios_family_c28_TaskSupport_buildTaskStack)
                  00302dd1    00000025                   : BIOS.obj (.text:_ti_sysbios_family_c28_Timer_getExpiredCounts__E)
                  00302df6    00000025     ti.uia.loggers.a28FP : LoggerStopMode.o28FP (.text:_ti_uia_loggers_LoggerStopMode_initBuffer__I)
                  00302e1b    00000024     rts2800_fpu32.lib : cpy_tbl.c.obj (.text)
                  00302e3f    00000023     ti.targets.rts2800.a28FP : System.o28FP (.text:_xdc_runtime_System_processAtExit__E)
                  00302e62    00000022     SetupPWM.obj (.text:_Epwm2a_Setup)
                  00302e84    00000020     memoria_sysbios_v2_p28FP.o28FP (.text:_ti_sysbios_family_c28_Hwi_disableIER__E)
                  00302ea4    00000020     sysbios.a28FP : BIOS.obj (.text:_ti_sysbios_family_c28_Timer_setPrescale__E)
                  00302ec4    00000020     ti.targets.rts2800.a28FP : System.o28FP (.text:_xdc_runtime_System_atexit__E)
                  00302ee4    0000001f     sysbios.a28FP : BIOS.obj (.text:_ti_sysbios_knl_Task_allBlockedFunction__I)
                  00302f03    0000001d                   : c28_TaskSupport_asm.obj (.text:_ti_sysbios_family_c28_TaskSupport_swap__E)
                  00302f20    0000001d     memoria_sysbios_v2_p28FP.o28FP (.text:_ti_sysbios_gates_GateHwi_Object__create__S)
                  00302f3d    0000001d     memoria_sysbios_v2_p28FP.o28FP (.text:_ti_sysbios_gates_GateMutex_Object__create__S)
                  00302f5a    0000001d     memoria_sysbios_v2_p28FP.o28FP (.text:_ti_sysbios_heaps_HeapMem_Object__create__S)
                  00302f77    0000001d     memoria_sysbios_v2_p28FP.o28FP (.text:_ti_sysbios_knl_Semaphore_construct)
                  00302f94    0000001d     memoria_sysbios_v2_p28FP.o28FP (.text:_ti_uia_loggers_LoggerStopMode_Object__create__S)
                  00302fb1    0000001d     memoria_sysbios_v2_p28FP.o28FP (.text:_xdc_runtime_Error_policyLog__I)
                  00302fce    0000001d     ti.targets.rts2800.a28FP : SysMin.o28FP (.text:_xdc_runtime_SysMin_putch__E)
                  00302feb    0000001d     rts2800_fpu32.lib : memcpy.c.obj (.text)
                  00303008    0000001c     memoria_sysbios_v2_p28FP.o28FP (.text:_ti_sysbios_family_c28_Hwi_enableIER__E)
                  00303024    0000001c     sysbios.a28FP : BIOS.obj (.text:_ti_sysbios_hal_Hwi_checkStack)
                  00303040    0000001c                   : BIOS.obj (.text:_ti_sysbios_heaps_HeapMem_free__E)
                  0030305c    0000001c                   : BIOS.obj (.text:_ti_sysbios_knl_Semaphore_pendTimeout__I)
                  00303078    0000001c                   : BIOS.obj (.text:_ti_sysbios_knl_Task_processVitalTaskFlag__I)
                  00303094    0000001c                   : BIOS.obj (.text:_ti_sysbios_utils_Load_getTaskLoad__E)
                  003030b0    0000001c     memoria_sysbios_v2_p28FP.o28FP (.text:_xdc_runtime_SysMin_output__I)
                  003030cc    0000001b     SetupSPI.obj (.text:_spi_init)
                  003030e7    0000001b     memoria_sysbios_v2_p28FP.o28FP (.text:_ti_sysbios_family_c28_Hwi_restore__E)
                  00303102    0000001b     sysbios.a28FP : c28_Hwi_asm.obj (.text:_ti_sysbios_family_c28_Hwi_switchAndDispatch__I)
                  0030311d    0000001b                   : BIOS.obj (.text:_ti_sysbios_hal_Hwi_initStack)
                  00303138    0000001a     ti.targets.rts2800.a28FP : System.o28FP (.text:_xdc_runtime_System_avprintf__E)
                  00303152    00000019     SetupSCI.obj (.text:_Sci_Setup)
                  0030316b    00000019     memoria_sysbios_v2_p28FP.o28FP (.text:_ti_sysbios_knl_Queue_construct)
                  00303184    00000019     ti.targets.rts2800.a28FP : Core-label.o28FP (.text:_xdc_runtime_Core_assignLabel__I)
                  0030319d    00000019                              : System.o28FP (.text:_xdc_runtime_System_vprintf__E)
                  003031b6    00000018     memoria_sysbios_v2_p28FP.o28FP (.text:_ti_sysbios_family_c28_Hwi_restoreIER__E)
                  003031ce    00000018     sysbios.a28FP : c28_Hwi_asm.obj (.text:_ti_sysbios_family_xxx_Hwi_switchAndRunFunc)
                  003031e6    00000018                   : BIOS.obj (.text:_ti_sysbios_knl_Swi_restore__E)
                  003031fe    00000018     ti.targets.rts2800.a28FP : System.o28FP (.text:_xdc_runtime_System_putchar__I)
                  00303216    00000017     myHwi.obj (.text:_myHWI_init)
                  0030322d    00000017     memoria_sysbios_v2_p28FP.o28FP (.text:_ti_sysbios_BIOS_startFunc__I)
                  00303244    00000017     sysbios.a28FP : BIOS.obj (.text:_ti_sysbios_family_c28_Timer_startup__E)
                  0030325b    00000017     memoria_sysbios_v2_p28FP.o28FP (.text:_ti_sysbios_knl_Clock_doTick__I)
                  00303272    00000017     ti.targets.rts2800.a28FP : Memory.o28FP (.text:_xdc_runtime_Memory_valloc__E)
                  00303289    00000017                              : SysMin.o28FP (.text:_xdc_runtime_SysMin_abort__E)
                  003032a0    00000016     SetupGpio.obj (.text:_GpioLD2_Setup)
                  003032b6    00000016     DSP2833x_Sci.obj (.text:_InitSciaGpio)
                  003032cc    00000016     DSP2833x_Sci.obj (.text:_InitScicGpio)
                  003032e2    00000016     memoria_sysbios_v2_p28FP.o28FP (.text:_ti_sysbios_BIOS_atExitFunc__I)
                  003032f8    00000016     sysbios.a28FP : BIOS.obj (.text:_ti_sysbios_family_c28_Timer_Module_startup__E)
                  0030330e    00000016     ti.targets.rts2800.a28FP : Text.o28FP (.text:_xdc_runtime_Text_printVisFxn__I)
                  00303324    00000015     sysbios.a28FP : BIOS.obj (.text:_ti_sysbios_knl_Swi_Module_startup__E)
                  00303339    00000015                   : BIOS.obj (.text:_ti_sysbios_knl_Task_restore__E)
                  0030334e    00000014     DSP2833x_Sci.obj (.text:_InitScibGpio)
                  00303362    00000014     sysbios.a28FP : BIOS.obj (.text:_ti_sysbios_knl_Idle_run__E)
                  00303376    00000013     memoria_sysbios_v2_p28FP.o28FP (.text:_ti_sysbios_gates_GateMutex_Object__delete__S)
                  00303389    00000013     sysbios.a28FP : BIOS.obj (.text:_ti_sysbios_knl_Clock_Module_startup__E)
                  0030339c    00000013     ti.uia.loggers.a28FP : LoggerStopMode.o28FP (.text:_ti_uia_loggers_LoggerStopMode_Instance_init__E)
                  003033af    00000013     ti.targets.rts2800.a28FP : Error.o28FP (.text:_xdc_runtime_Error_raiseX__E)
                  003033c2    00000012     memoria_sysbios_v2_p28FP.o28FP (.text:_ti_sysbios_family_c28_Hwi_enable__E)
                  003033d4    00000012     memoria_sysbios_v2_p28FP.o28FP (.text:_ti_sysbios_gates_GateHwi_Object__delete__S)
                  003033e6    00000012     memoria_sysbios_v2_p28FP.o28FP (.text:_ti_sysbios_heaps_HeapMem_Object__delete__S)
                  003033f8    00000012     memoria_sysbios_v2_p28FP.o28FP (.text:_ti_uia_loggers_LoggerStopMode_Object__delete__S)
                  0030340a    00000012     rts2800_fpu32.lib : args_main.c.obj (.text)
                  0030341c    00000011     sysbios.a28FP : BIOS.obj (.text:_ti_sysbios_knl_Queue_put__E)
                  0030342d    00000011                   : BIOS.obj (.text:_ti_sysbios_knl_Task_restoreHwi__E)
                  0030343e    00000011     ti.targets.rts2800.a28FP : Text.o28FP (.text:_xdc_runtime_Text_cordText__E)
                  0030344f    00000010     memoria_sysbios_v2_p28FP.o28FP (.text:_ti_sysbios_BIOS_errorRaiseHook__I)
                  0030345f    00000010     memoria_sysbios_v2_p28FP.o28FP (.text:_ti_sysbios_family_c28_Hwi_disable__E)
                  0030346f    00000010     sysbios.a28FP : BIOS.obj (.text:_ti_sysbios_family_c28_Timer_stop__E)
                  0030347f    00000010     ti.targets.rts2800.a28FP : SysMin.o28FP (.text:_xdc_runtime_SysMin_Module_startup__E)
                  0030348f    0000000f     Boot.a28FP : Boot.o28FP (.text:.bootCodeSection:_ti_catalog_c2800_init_Boot_disableWatchdog)
                  0030349e    0000000f     memoria_sysbios_v2_p28FP.o28FP (.text:_ti_sysbios_BIOS_removeRTSLock__I)
                  003034ad    0000000f     sysbios.a28FP : BIOS.obj (.text:_ti_sysbios_gates_GateMutex_Instance_init__E)
                  003034bc    0000000f                   : BIOS.obj (.text:_ti_sysbios_knl_Task_unblock__E)
                  003034cb    0000000f     ti.targets.rts2800.a28FP : Registry.o28FP (.text:_xdc_runtime_Registry_findById__E)
                  003034da    0000000e     SetupGpio.obj (.text:_GpioEpwm2a_Setup)
                  003034e8    0000000e     memoria_sysbios_v2_p28FP.o28FP (.text:_ti_sysbios_family_c28_Hwi_Object__get__S)
                  003034f6    0000000e     memoria_sysbios_v2_p28FP.o28FP (.text:_ti_sysbios_gates_GateMutex_Handle__label__S)
                  00303504    0000000e     memoria_sysbios_v2_p28FP.o28FP (.text:_ti_sysbios_heaps_HeapMem_Handle__label__S)
                  00303512    0000000e     memoria_sysbios_v2_p28FP.o28FP (.text:_ti_sysbios_heaps_HeapMem_Object__get__S)
                  00303520    0000000e     memoria_sysbios_v2_p28FP.o28FP (.text:_ti_sysbios_knl_Semaphore_destruct)
                  0030352e    0000000e     memoria_sysbios_v2_p28FP.o28FP (.text:_ti_sysbios_knl_Swi_Object__get__S)
                  0030353c    0000000e     memoria_sysbios_v2_p28FP.o28FP (.text:_ti_sysbios_knl_Task_Object__get__S)
                  0030354a    0000000e     memoria_sysbios_v2_p28FP.o28FP (.text:_ti_uia_loggers_LoggerStopMode_Handle__label__S)
                  00303558    0000000e     memoria_sysbios_v2_p28FP.o28FP (.text:_ti_uia_loggers_LoggerStopMode_Object__get__S)
                  00303566    0000000e     ti.uia.loggers.a28FP : LoggerStopMode.o28FP (.text:_ti_uia_loggers_LoggerStopMode_enable__E)
                  00303574    0000000d     myConverter.obj (.text:_eq_ss)
                  00303581    0000000d     memoria_sysbios_v2_p28FP.o28FP (.text:_ti_sysbios_BIOS_registerRTSLock__I)
                  0030358e    0000000d     memoria_sysbios_v2_p28FP.o28FP (.text:_ti_sysbios_BIOS_rtsLock__I)
                  0030359b    0000000d     sysbios.a28FP : BIOS.obj (.text:_ti_sysbios_family_c28_Hwi_dispatchC__I)
                  003035a8    0000000d     memoria_sysbios_v2_p28FP.o28FP (.text:_ti_sysbios_gates_GateHwi_Handle__label__S)
                  003035b5    0000000d     sysbios.a28FP : BIOS.obj (.text:_ti_sysbios_knl_Clock_enqueueI__E)
                  003035c2    0000000d     memoria_sysbios_v2_p28FP.o28FP (.text:_ti_sysbios_knl_Queue_destruct)
                  003035cf    0000000d     ti.uia.loggers.a28FP : LoggerStopMode.o28FP (.text:_ti_uia_loggers_LoggerStopMode_disable__E)
                  003035dc    0000000d     ti.targets.rts2800.a28FP : Error.o28FP (.text:_xdc_runtime_Error_check__E)
                  003035e9    0000000d                              : System.o28FP (.text:_xdc_runtime_System_abort__E)
                  003035f6    0000000c     memoria_sysbios_v2_p28FP.o28FP (.text:_ti_sysbios_BIOS_exitFunc__I)
                  00303602    0000000c     sysbios.a28FP : BIOS.obj (.text:_ti_sysbios_gates_GateMutex_leave__E)
                  0030360e    0000000c                   : BIOS.obj (.text:_ti_sysbios_knl_Task_enabled__E)
                  0030361a    0000000c                   : BIOS.obj (.text:_ti_sysbios_knl_Task_enter__I)
                  00303626    0000000c     ti.targets.rts2800.a28FP : SysMin.o28FP (.text:_xdc_runtime_SysMin_exit__E)
                  00303632    0000000b     memoria_sysbios_v2_p28FP.o28FP (.text:_ti_sysbios_family_c28_Hwi_Module__startupDone__F)
                  0030363d    0000000b     memoria_sysbios_v2_p28FP.o28FP (.text:_ti_sysbios_family_c28_Timer_Module__startupDone__F)
                  00303648    0000000b     memoria_sysbios_v2_p28FP.o28FP (.text:_ti_sysbios_knl_Queue_Object__get__S)
                  00303653    0000000b     memoria_sysbios_v2_p28FP.o28FP (.text:_ti_sysbios_knl_Task_SupportProxy_start__E)
                  0030365e    0000000b     ti.targets.rts2800.a28FP : System.o28FP (.text:_xdc_runtime_System_exit__E)
                  00303669    0000000a                              : Error.o28FP (.text:_xdc_runtime_Error_init__E)
                  00303673    0000000a                              : Memory.o28FP (.text:_xdc_runtime_Memory_free__E)
                  0030367d    0000000a                              : System.o28FP (.text:_xdc_runtime_System_vsnprintf__E)
                  00303687    0000000a                              : Text.o28FP (.text:_xdc_runtime_Text_ropeText__E)
                  00303691    00000009     memoria_sysbios_v2_p28FP.o28FP (.text:_ti_sysbios_BIOS_rtsUnlock__I)
                  0030369a    00000009     sysbios.a28FP : BIOS.obj (.text:_ti_sysbios_family_c28_TaskSupport_checkStack__E)
                  003036a3    00000009                   : c28_TaskSupport_asm.obj (.text:_ti_sysbios_family_c28_TaskSupport_glue)
                  003036ac    00000009                   : BIOS.obj (.text:_ti_sysbios_hal_Hwi_Module_startup__E)
                  003036b5    00000009     ti.uia.loggers.a28FP : LoggerStopMode.o28FP (.text:_ti_uia_loggers_LoggerStopMode_isEmpty__E)
                  003036be    00000009     memoria_sysbios_v2_p28FP.o28FP (.text:_xdc_runtime_Startup_exec__I)
                  003036c7    00000009     memoria_sysbios_v2_p28FP.o28FP (.text:_xdc_runtime_Text_visitRope__I)
                  003036d0    00000009     rts2800_fpu32.lib : _lock.c.obj (.text)
                  003036d9    00000008     SetupSPI.obj (.text:_spi_fifo_init)
                  003036e1    00000008     sysbios.a28FP : BIOS.obj (.text:_ti_sysbios_BIOS_setThreadType__E)
                  003036e9    00000008                   : BIOS.obj (.text:_ti_sysbios_gates_GateMutex_Instance_finalize__E)
                  003036f1    00000008                   : BIOS.obj (.text:_ti_sysbios_gates_GateMutex_query__E)
                  003036f9    00000008                   : BIOS.obj (.text:_ti_sysbios_knl_Semaphore_Instance_finalize__E)
                  00303701    00000008     memoria_sysbios_v2_p28FP.o28FP (.text:_xdc_runtime_IHeap_alloc)
                  00303709    00000008     ti.targets.rts2800.a28FP : Memory.o28FP (.text:_xdc_runtime_Memory_calloc__E)
                  00303711    00000008                              : SysMin.o28FP (.text:_xdc_runtime_SysMin_ready__E)
                  00303719    00000008     rts2800_fpu32.lib : strlen.c.obj (.text)
                  00303721    00000007     memoria_sysbios_v2_p28FP.o28FP (.text:.bootCodeSection:_ti_catalog_c2800_init_Boot_init)
                  00303728    00000007     DSP2833x_Sci.obj (.text:_InitSciGpio)
                  0030372f    00000007     sysbios.a28FP : BIOS.obj (.text:_ti_sysbios_knl_Queue_empty__E)
                  00303736    00000007     memoria_sysbios_v2_p28FP.o28FP (.text:_xdc_runtime_System_aprintf__E)
                  0030373d    00000007     memoria_sysbios_v2_p28FP.o28FP (.text:_xdc_runtime_System_printf__E)
                  00303744    00000007     rts2800_fpu32.lib : memset.c.obj (.text)
                  0030374b    00000006     sysbios.a28FP : BIOS.obj (.text:_ti_sysbios_BIOS_start__E)
                  00303751    00000006     memoria_sysbios_v2_p28FP.o28FP (.text:_ti_sysbios_family_c28_Hwi_startup__E)
                  00303757    00000006     sysbios.a28FP : c28_IntrinsicsSupport_asm.obj (.text:_ti_sysbios_family_c28_IntrinsicsSupport_maxbit__E)
                  0030375d    00000006                   : BIOS.obj (.text:_ti_sysbios_family_c28_TimestampProvider_rolloverFunc__E)
                  00303763    00000006                   : BIOS.obj (.text:_ti_sysbios_family_c28_TimestampProvider_startTimer__E)
                  00303769    00000006                   : BIOS.obj (.text:_ti_sysbios_knl_Swi_disable__E)
                  0030376f    00000006                   : BIOS.obj (.text:_ti_sysbios_knl_Task_disable__E)
                  00303775    00000006     ti.targets.rts2800.a28FP : Gate.o28FP (.text:_xdc_runtime_Gate_enterSystem__E)
                  0030377b    00000006                              : Gate.o28FP (.text:_xdc_runtime_Gate_leaveSystem__E)
                  00303781    00000005     sysbios.a28FP : BIOS.obj (.text:_ti_sysbios_family_c28_Hwi_switchFromBootStack__E)
                  00303786    00000004                   : BIOS.obj (.text:_ti_sysbios_family_c28_TimestampProvider_getFreq__E)
                  0030378a    00000004                   : BIOS.obj (.text:_ti_sysbios_gates_GateHwi_enter__E)
                  0030378e    00000004                   : BIOS.obj (.text:_ti_sysbios_heaps_HeapMem_isBlocking__E)
                  00303792    00000004                   : BIOS.obj (.text:_ti_sysbios_knl_Swi_startup__E)
                  00303796    00000004                   : BIOS.obj (.text:_ti_sysbios_utils_Load_taskRegHook__E)
                  0030379a    00000004     memoria_sysbios_v2_p28FP.o28FP (.text:_xdc_runtime_IHeap_free)
                  0030379e    00000004     ti.targets.rts2800.a28FP : Memory.o28FP (.text:_xdc_runtime_Memory_getMaxDefaultTypeAlign__E)
                  003037a2    00000004                              : Startup.o28FP (.text:_xdc_runtime_Startup_rtsDone__E)
                  003037a6    00000003                              : xdc_noinit.o28FP (.text:___xdc__init)
                  003037a9    00000003     memoria_sysbios_v2_p28FP.o28FP (.text:_ti_catalog_c2800_init_Boot_limpAbort)
                  003037ac    00000003     memoria_sysbios_v2_p28FP.o28FP (.text:_ti_sysbios_BIOS_RtsGateProxy_enter__E)
                  003037af    00000003     memoria_sysbios_v2_p28FP.o28FP (.text:_ti_sysbios_BIOS_RtsGateProxy_leave__E)
                  003037b2    00000003     sysbios.a28FP : c28_Hwi_asm.obj (.text:_ti_sysbios_family_c28_Hwi_getIFR__I)
                  003037b5    00000003                   : BIOS.obj (.text:_ti_sysbios_gates_GateHwi_leave__E)
                  003037b8    00000003     memoria_sysbios_v2_p28FP.o28FP (.text:_ti_sysbios_hal_Hwi_HwiProxy_getStackInfo__E)
                  003037bb    00000003     memoria_sysbios_v2_p28FP.o28FP (.text:_ti_sysbios_hal_Hwi_HwiProxy_switchFromBootStack__E)
                  003037be    00000003     sysbios.a28FP : BIOS.obj (.text:_ti_sysbios_hal_Hwi_startup__E)
                  003037c1    00000003     memoria_sysbios_v2_p28FP.o28FP (.text:_ti_sysbios_heaps_HeapMem_Module_GateProxy_enter__E)
                  003037c4    00000003     memoria_sysbios_v2_p28FP.o28FP (.text:_ti_sysbios_heaps_HeapMem_Module_GateProxy_leave__E)
                  003037c7    00000003     memoria_sysbios_v2_p28FP.o28FP (.text:_ti_sysbios_heaps_HeapMem_Module_GateProxy_query__E)
                  003037ca    00000003     memoria_sysbios_v2_p28FP.o28FP (.text:_ti_sysbios_knl_Clock_TimerProxy_getMaxTicks__E)
                  003037cd    00000003     sysbios.a28FP : BIOS.obj (.text:_ti_sysbios_knl_Idle_loop__E)
                  003037d0    00000003                   : BIOS.obj (.text:_ti_sysbios_knl_Queue_Instance_init__E)
                  003037d3    00000003     memoria_sysbios_v2_p28FP.o28FP (.text:_ti_sysbios_knl_Task_SupportProxy_checkStack__E)
                  003037d6    00000003     memoria_sysbios_v2_p28FP.o28FP (.text:_ti_sysbios_knl_Task_SupportProxy_swap__E)
                  003037d9    00000003     sysbios.a28FP : BIOS.obj (.text:_ti_sysbios_knl_Task_startup__E)
                  003037dc    00000003     memoria_sysbios_v2_p28FP.o28FP (.text:_ti_sysbios_utils_Load_update__E)
                  003037df    00000003     ti.uia.loggers.a28FP : LoggerStopMode.o28FP (.text:_ti_uia_loggers_LoggerStopMode_getMaxLength__E)
                  003037e2    00000003     memoria_sysbios_v2_p28FP.o28FP (.text:_xdc_runtime_System_Module_GateProxy_enter__E)
                  003037e5    00000003     memoria_sysbios_v2_p28FP.o28FP (.text:_xdc_runtime_System_Module_GateProxy_leave__E)
                  003037e8    00000003     ti.targets.rts2800.a28FP : System.o28FP (.text:_xdc_runtime_System_Module_startup__E)
                  003037eb    00000003     memoria_sysbios_v2_p28FP.o28FP (.text:_xdc_runtime_System_SupportProxy_abort__E)
                  003037ee    00000003     memoria_sysbios_v2_p28FP.o28FP (.text:_xdc_runtime_System_SupportProxy_exit__E)
                  003037f1    00000003     memoria_sysbios_v2_p28FP.o28FP (.text:_xdc_runtime_System_SupportProxy_putch__E)
                  003037f4    00000003     memoria_sysbios_v2_p28FP.o28FP (.text:_xdc_runtime_System_SupportProxy_ready__E)
                  003037f7    00000003     ti.targets.rts2800.a28FP : System.o28FP (.text:_xdc_runtime_System_abortStd__E)
                  003037fa    00000003                              : System.o28FP (.text:_xdc_runtime_System_exitStd__E)
                  003037fd    00000003     memoria_sysbios_v2_p28FP.o28FP (.text:_xdc_runtime_Timestamp_SupportProxy_get32__E)
                  00303800    00000003     memoria_sysbios_v2_p28FP.o28FP (.text:_xdc_runtime_Timestamp_SupportProxy_get64__E)
                  00303803    00000003     memoria_sysbios_v2_p28FP.o28FP (.text:_xdc_runtime_Timestamp_SupportProxy_getFreq__E)
                  00303806    00000003     ti.targets.rts2800.a28FP : Timestamp.o28FP (.text:_xdc_runtime_Timestamp_get32__E)
                  00303809    00000003                              : Timestamp.o28FP (.text:_xdc_runtime_Timestamp_get64__E)
                  0030380c    00000003                              : Timestamp.o28FP (.text:_xdc_runtime_Timestamp_getFreq__E)
                  0030380f    00000002     Boot.a28FP : Boot.o28FP (.text:_ti_catalog_c2800_init_Boot_defaultLimpAbortFunction)
                  00303811    00000002     memoria_sysbios_v2_p28FP.o28FP (.text:_ti_sysbios_family_c28_TaskSupport_Module__startupDone__S)
                  00303813    00000002     sysbios.a28FP : BIOS.obj (.text:_ti_sysbios_family_c28_Timer_getMaxTicks__E)
                  00303815    00000002                   : BIOS.obj (.text:_ti_sysbios_gates_GateHwi_query__E)
                  00303817    00000002     ti.uia.loggers.a28FP : LoggerStopMode.o28FP (.text:_ti_uia_loggers_LoggerStopMode_getContents__E)
                  00303819    00000002     memoria_sysbios_v2_p28FP.o28FP (.text:_ti_uia_loggers_LoggerStopMode_getFilterLevel__E)
                  0030381b    00000002     ti.uia.loggers.a28FP : LoggerStopMode.o28FP (.text:_ti_uia_loggers_LoggerStopMode_getInstanceId__E)
                  0030381d    00000002                          : LoggerStopMode.o28FP (.text:_ti_uia_loggers_LoggerStopMode_getPriority__E)
                  0030381f    00000002                          : LoggerStopMode.o28FP (.text:_ti_uia_loggers_LoggerStopMode_getTransferType__E)
                  00303821    00000002     ti.targets.rts2800.a28FP : Error.o28FP (.text:_xdc_runtime_Error_getSite__E)
                  00303823    00000002     rts2800_fpu32.lib : pre_init.c.obj (.text)
                  00303825    00000001     memoria_sysbios_v2_p28FP.o28FP (.text:_ti_sysbios_BIOS_nullFunc__I)
                  00303826    00000001     sysbios.a28FP : c28_Hwi_asm.obj (.text:_ti_sysbios_family_c28_Hwi_interruptReturn__I)
                  00303827    00000001                   : BIOS.obj (.text:_ti_sysbios_gates_GateHwi_Instance_init__E)
[...]
0     00305bfa  _xdc_runtime_Core_Module__diagsIncluded__C                       
0     00305bfc  _xdc_runtime_Core_Module__diagsMask__C                           
0     00305bfe  _xdc_runtime_Error_E_memory__C                                   
0     00305c00  _xdc_runtime_Error_policyFxn__C                                  
0     00305c02  _xdc_runtime_Error_raiseHook__C                                  
0     00305c04  _xdc_runtime_IFilterLogger_Interface__BASE__C                    
0     00305c06  _xdc_runtime_IGateProvider_Interface__BASE__C                    
0     00305c08  _xdc_runtime_IHeap_Interface__BASE__C                            
0     00305c0a  _xdc_runtime_ILogger_Interface__BASE__C                          
0     00305c0c  _xdc_runtime_IModule_Interface__BASE__C                          
0     00305c0e  _xdc_runtime_Memory_defaultHeapInstance__C                       
0     00305c10  _xdc_runtime_Startup_execImpl__C                                 
0     00305c12  _xdc_runtime_Startup_lastFxns__A                                 
0     00305c14  _xdc_runtime_Startup_sfxnRts__C                                  
0     00305c16  _xdc_runtime_Startup_sfxnTab__C                                  
0     00305c18  _xdc_runtime_SysMin_bufSize__C                                   
0     00305c1a  _xdc_runtime_SysMin_outputFunc__C                                
0     00305c1c  _xdc_runtime_System_Module__gateObj__C                           
0     00305c1e  _xdc_runtime_System_abortFxn__C                                  
0     00305c20  _xdc_runtime_System_exitFxn__C                                   
0     00305c22  _xdc_runtime_System_extendFxn__C                                 
0     00305c24  _xdc_runtime_Text_charTab__C                                     
0     00305c26  _xdc_runtime_Text_nameEmpty__C                                   
0     00305c28  _xdc_runtime_Text_nameStatic__C                                  
0     00305c2a  _xdc_runtime_Text_nodeTab__C                                     
0     00305c2c  _xdc_runtime_Text_visitRopeFxn__C                                
0     00305c2e  _ti_sysbios_family_c28_TaskSupport_Module__id__C                 
0     00305c2f  _ti_sysbios_family_c28_Timer_Module__id__C                       
0     00305c30  _ti_sysbios_family_c28_Timer_startupNeeded__C                    
0     00305c31  _ti_sysbios_family_c28_TimestampProvider_Module__id__C           
0     00305c32  _ti_sysbios_family_c28_TimestampProvider_useClockTimer__C        
0     00305c33  _ti_sysbios_gates_GateMutex_Module__id__C                        
0     00305c34  _ti_sysbios_hal_Hwi_Module__id__C                                
0     00305c35  _ti_sysbios_heaps_HeapMem_Module__id__C                          
0     00305c36  _ti_sysbios_heaps_HeapMem_Object__count__C                       
0     00305c37  _ti_sysbios_knl_Clock_Module__id__C                              
0     00305c38  _ti_sysbios_knl_Clock_Module__loggerDefined__C                   
0     00305c39  _ti_sysbios_knl_Semaphore_Module__id__C                          
0     00305c3a  _ti_sysbios_knl_Semaphore_Module__loggerDefined__C               
0     00305c3b  _ti_sysbios_knl_Swi_Module__id__C                                
0     00305c3c  _ti_sysbios_knl_Swi_Module__loggerDefined__C                     
0     00305c3d  _ti_sysbios_knl_Swi_Object__count__C                             
0     00305c3e  _ti_sysbios_knl_Task_Module__id__C                               
0     00305c3f  _ti_sysbios_knl_Task_Module__loggerDefined__C                    
0     00305c40  _ti_sysbios_knl_Task_Object__count__C                            
0     00305c41  _ti_sysbios_knl_Task_numConstructedTasks__C                      
0     00305c42  _ti_sysbios_utils_Load_Module__id__C                             
0     00305c43  _ti_sysbios_utils_Load_Module__loggerDefined__C                  
0     00305c44  _ti_sysbios_utils_Load_autoAddTasks__C                           
0     00305c45  _ti_sysbios_utils_Load_updateInIdle__C                           
0     00305c46  _ti_sysbios_utils_Load_windowInMs__C                             
0     00305c47  _ti_uia_loggers_LoggerStopMode_Module__id__C                     
0     00305c48  _ti_uia_loggers_LoggerStopMode_Object__count__C                  
0     00305c49  _ti_uia_loggers_LoggerStopMode_isTimestampEnabled__C             
0     00305c4a  _xdc_runtime_Core_Module__id__C                                  
0     00305c4b  _xdc_runtime_Error_Module__loggerDefined__C                      
0     00305c4c  _xdc_runtime_Error_maxDepth__C                                   
0     00305c4d  _xdc_runtime_Error_policy__C                                     
0     00305c4e  _xdc_runtime_Memory_Module__id__C                                
0     00305c4f  _xdc_runtime_Startup_maxPasses__C                                
0     00305c50  _xdc_runtime_SysMin_flushAtExit__C                               
0     00305c51  _xdc_runtime_System_maxAtexitHandlers__C                         
0     00305c52  _xdc_runtime_Text_charCnt__C                                     
0     00305c53  _xdc_runtime_Text_isLoaded__C                                    
0     00305c54  _xdc_runtime_Text_registryModsLastId__C                          
0     00305c55  _xdc_runtime_Text_unnamedModsLastId__C                           
0     00305c56  ___cinit__                                                       
0     00305c56  cinit                                                            
0     0030617c  _RamfuncsLoadStart                                               
0     003061d6  _RamfuncsLoadEnd                                                 
0     00306212  __TI_table_binit                                                 
0     00306212  ___binit__                                                       
0     00306212  binit                                                            
0     00380080  _ADC_cal                                                         
1     00000000  __stack                                                          
1     00000200  .data                                                            
1     00000200  __STACK_END                                                      
1     00000200  ___data__                                                        
1     00000200  _ti_sysbios_utils_Load_Module__state__V                          
1     0000024c  _ti_sysbios_knl_Task_Module__state__V                            
1     0000026c  _ti_sysbios_BIOS_Module__state__V                                
1     0000027e  _xdc_runtime_Memory_Module__state__V                             
1     00000280  _ti_sysbios_knl_Clock_Module__state__V                           
1     00000296  _ti_sysbios_family_c28_Hwi_Module__state__V                      
1     000002a6  _ti_sysbios_knl_Swi_Module__state__V                             
1     000002b2  _ti_sysbios_family_c28_Timer_Module__state__V                    
1     000002ba  _ti_uia_runtime_QueueDescriptor_Module__state__V                 
1     000002c0  _ti_sysbios_family_c28_TimestampProvider_Module__state__V        
1     000002c4  _ti_uia_loggers_LoggerStopMode_Module__state__V                  
1     000002c8  _xdc_runtime_Registry_Module__state__V                           
1     000002cc  _xdc_runtime_Startup_Module__state__V                            
1     000002d0  _xdc_runtime_SysMin_Module__state__V                             
1     000002d4  _xdc_runtime_System_Module__state__V                             
1     000002d8  _xdc_runtime_Text_Module__state__V                               
1     000002dc  _xdc_runtime_Error_Module__state__V                              
1     000002dd  ___edata__                                                       
1     000002dd  edata                                                            
1     00000880  _DevEmuRegs                                                      
1     00000a80  _FlashRegs                                                       
1     00000ae0  _CsmRegs                                                         
1     00000b00  _AdcMirror                                                       
1     00000b20  _XintfRegs                                                       
1     00000c00  _CpuTimer0Regs                                                   
1     00000c08  _CpuTimer1Regs                                                   
1     00000c10  _CpuTimer2Regs                                                   
1     00000ce0  _PieCtrlRegs                                                     
1     00001000  _DmaRegs                                                         
1     00005000  _McbspaRegs                                                      
1     00005040  _McbspbRegs                                                      
1     00006000  _ECanaRegs                                                       
1     00006040  _ECanaLAMRegs                                                    
1     00006080  _ECanaMOTSRegs                                                   
1     000060c0  _ECanaMOTORegs                                                   
1     00006100  _ECanaMboxes                                                     
1     00006200  _ECanbRegs                                                       
1     00006240  _ECanbLAMRegs                                                    
1     00006280  _ECanbMOTSRegs                                                   
1     000062c0  _ECanbMOTORegs                                                   
1     00006300  _ECanbMboxes                                                     
1     00006800  _EPwm1Regs                                                       
1     00006840  _EPwm2Regs                                                       
1     00006880  _EPwm3Regs                                                       
1     000068c0  _EPwm4Regs                                                       
1     00006900  _EPwm5Regs                                                       
1     00006940  _EPwm6Regs                                                       
1     00006a00  _ECap1Regs                                                       
1     00006a20  _ECap2Regs                                                       
1     00006a40  _ECap3Regs                                                       
1     00006a60  _ECap4Regs                                                       
1     00006a80  _ECap5Regs                                                       
1     00006aa0  _ECap6Regs                                                       
1     00006b00  _EQep1Regs                                                       
1     00006b40  _EQep2Regs                                                       
1     00006f80  _GpioCtrlRegs                                                    
1     00006fc0  _GpioDataRegs                                                    
1     00006fe0  _GpioIntRegs                                                     
1     00007010  _SysCtrlRegs                                                     
1     00007040  _SpiaRegs                                                        
1     00007050  _SciaRegs                                                        
1     00007070  _XIntruptRegs                                                    
1     00007100  _AdcRegs                                                         
1     00007750  _ScibRegs                                                        
1     00007770  _ScicRegs                                                        
1     00007900  _I2caRegs                                                        
1     00008000  _ti_sysbios_knl_Task_Instance_State_0_stack__A                   
1     00008200  _ti_sysbios_heaps_HeapMem_Instance_State_0_buf__A                
1     00008a04  _ti_sysbios_family_c28_Timer_Object__table__V                    
1     00008a38  _parmbuf                                                         
1     00008a40  _ti_sysbios_knl_Swi_Module_State_0_readyQ__A                     
1     00008a80  _ti_uia_loggers_LoggerStopMode_Instance_State_1_packetArray__A   
1     00008e80  _ti_uia_loggers_LoggerStopMode_Instance_State_2_packetArray__A   
1     00009280  _ti_uia_loggers_LoggerStopMode_Instance_State_0_packetArray__A   
1     00009480  _xdc_runtime_SysMin_Module_State_0_outbuf__A                     
1     00009680  _ti_sysbios_family_c28_Hwi_Module_State_0_dispatchTable__A       
1     00009780  _iL_buffer                                                       
1     00009848  _adcVoltage                                                      
1     00009849  _i                                                               
1     0000984a  _hwiAdc                                                          
1     0000984c  _iL_buffer_ptr                                                   
1     0000984e  _vC_buffer_ptr                                                   
1     00009850  _hwiEb                                                           
1     00009860  _hwiParams                                                       
1     00009876  _xdc_runtime_System_Module_State_0_atexitHandlers__A             
1     0000987e  __lock                                                           
1     00009880  _vC_buffer                                                       
1     00009948  _ti_sysbios_knl_Task_Object__table__V                            
1     00009974  ___TI_enable_exit_profile_output                                 
1     00009976  ___TI_cleanup_ptr                                                
1     00009978  ___TI_dtors_ptr                                                  
1     0000997a  _ti_sysbios_gates_GateHwi_Object__table__V                       
1     0000997e  __unlock                                                         
1     00009980  _ti_uia_loggers_LoggerStopMode_Object__table__V                  
1     000099d4  _ti_sysbios_family_c28_Hwi_Object__table__V                      
1     000099f8  _ti_uia_runtime_QueueDescriptor_gUpdateCount                     
1     000099fa  _ti_uia_runtime_QueueDescriptor_gPtrToFirstDescriptor            
1     000099fc  _ti_sysbios_knl_Task_Instance_State_0_hookEnv__A                 
1     000099fe  _ti_sysbios_knl_Task_Module_State_0_idleTask__A                  
1     00009a00  _xdc_runtime_Main_Module__root__V                                
1     00009a02  ___xdc__init__addr                                               
1     00009a04  _ti_sysbios_family_c28_Hwi_Module__root__V                       
1     00009a08  _ti_sysbios_family_c28_Timer_Module__root__V                     
1     00009a0c  _ti_sysbios_gates_GateHwi_Module__root__V                        
1     00009a10  _ti_sysbios_gates_GateMutex_Module__root__V                      
1     00009a14  _ti_sysbios_hal_Hwi_Module__root__V                              
1     00009a18  _ti_sysbios_heaps_HeapMem_Module__root__V                        
1     00009a1c  _ti_sysbios_knl_Clock_Module__root__V                            
1     00009a20  _ti_sysbios_knl_Queue_Module__root__V                            
1     00009a24  _ti_sysbios_knl_Semaphore_Module__root__V                        
1     00009a28  _ti_sysbios_knl_Swi_Module__root__V                              
1     00009a2c  _ti_uia_loggers_LoggerStopMode_Module__root__V                   
1     00009a30  _ti_sysbios_knl_Event_Module__root__V                            
1     00009a36  _ti_sysbios_knl_Task_Module__root__V                             
1     00009a40  _xdc_runtime_Error_IgnoreBlock                                   
1     00009a50  _ti_sysbios_gates_GateMutex_Object__table__V                     
1     00009a74  _ti_sysbios_utils_Load_Module_State_0_runningTask__A             
1     00009a76  _ti_sysbios_utils_Load_Module_State_0_taskStartTime__A           
1     00009a80  _ti_sysbios_knl_Task_Module_State_0_readyQ__A                    
1     00009ac0  _ePWM2A_TBPRD                                                    
1     00009ac2  _Vin                                                             
1     00009ac4  _C                                                               
1     00009ac6  _ESR                                                             
1     00009ac8  _L                                                               
1     00009aca  _RL                                                              
1     00009acc  _R                                                               
1     00009ace  _Rds                                                             
1     00009ad0  _VD                                                              
1     00009ad2  _h                                                               
1     00009ad4  _k1                                                              
1     00009ad6  _k2                                                              
1     00009ad8  _k3                                                              
1     00009ada  _k4                                                              
1     00009adc  _k5                                                              
1     00009ade  _k6                                                              
1     00009ae0  _k7                                                              
1     00009ae2  _k8                                                              
1     00009ae4  _BuckConverter                                                   
1     00009ae8  _ePWM1A_Config                                                   
1     00009af4  _ePWM2A_Config                                                   
1     00009b00  _ti_sysbios_knl_Swi_Object__table__V                             
1     00009b16  _message                                                         
1     00009b28  _CpuTimer0                                                       
1     00009b30  _CpuTimer1                                                       
1     00009b40  _xdc_runtime_Diags_dictElems                                     
1     00009b50  _ti_sysbios_heaps_HeapMem_Object__table__V                       
1     00009b5e  _ti_sysbios_utils_Load_Module_State_0_taskEnv__A                 
1     00009b80  _ti_uia_loggers_LoggerStopMode_Instance_State_0_hdr__A           
1     00009c00  _ti_uia_loggers_LoggerStopMode_Instance_State_1_hdr__A           
1     00009c80  _ti_uia_loggers_LoggerStopMode_Instance_State_2_hdr__A           
1     00009d40  __CIOBUF_                                                        
1     0033fff8  _CsmPwl                                                          
1     00380090  _PartIdRegs                                                      
abs   00000001  _xdc_rov_runtime_Mon__checksum                                   
abs   00000001  _xdc_rov_runtime_Mon__write                                      
abs   00000001  _xdc_runtime_Startup__EXECFXN__C                                 
abs   00000001  _xdc_runtime_Startup__RESETFXN__C                                
abs   0000005a  _RamfuncsLoadSize                                                
abs   00000200  __STACK_SIZE                                                     
abs   ffffffff  ___TI_pprof_out_hndl                                             
abs   ffffffff  ___TI_prof_data_size                                             
abs   ffffffff  ___TI_prof_data_start                                            
abs   ffffffff  ___c_args__                                                      
abs   ffffffff  ___pinit__                                                       
abs   ffffffff  pinit                                                            

[724 symbols]
