******************************************************************************
             TMS320C2000 Linker PC v22.6.1                     
******************************************************************************
>> Linked Thu Sep 26 22:38:20 2024

OUTPUT FILE NAME:   <memoria_sysbios_v4.out>
ENTRY POINT SYMBOL: "_c_int00"  address: 00301fcb


MEMORY CONFIGURATION

         name            origin    length      used     unused   attr    fill
----------------------  --------  ---------  --------  --------  ----  --------
PAGE 0:
  FLASH                 00300000   0003ff80  000063e9  00039b97  RWIX
  CSM_RSVD              0033ff80   00000076  00000000  00000076  RWIX
  BEGIN                 0033fff6   00000002  00000000  00000002  RWIX
  CSM_PWL               0033fff8   00000008  00000000  00000008  RWIX
  ADC_CAL               00380080   00000009  00000007  00000002  RWIX
  OTP                   00380400   00000400  00000000  00000400  RWIX
  IQTABLES              003fe000   00000b50  00000000  00000b50  RWIX
  IQTABLES2             003feb50   0000008c  00000000  0000008c  RWIX
  FPUTABLES             003febdc   000006a0  00000000  000006a0  RWIX
  ROM                   003ff27c   00000d44  00000000  00000d44  RWIX
  RESET                 003fffc0   00000002  00000000  00000002  RWIX
  VECTORS               003fffc2   0000003e  00000000  0000003e  RWIX

PAGE 1:
  M01SARAM              00000000   00000800  000002dd  00000523  RWIX
  DEV_EMU               00000880   00000180  000000d0  000000b0  RWIX
  FLASH_REGS            00000a80   00000060  00000008  00000058  RWIX
  CSM                   00000ae0   00000010  00000010  00000000  RWIX
  ADC_MIRROR            00000b00   00000010  00000010  00000000  RWIX
  XINTF                 00000b20   00000020  0000001e  00000002  RWIX
  CPU_TIMER0            00000c00   00000008  00000008  00000000  RWIX
  CPU_TIMER1            00000c08   00000008  00000008  00000000  RWIX
  CPU_TIMER2            00000c10   00000008  00000008  00000000  RWIX
  PIE_CTRL              00000ce0   00000020  0000001a  00000006  RWIX
  PIEVECT               00000d00   00000100  00000000  00000100  RWIX
  DMA                   00001000   00000200  000000e0  00000120  RWIX
  MCBSPA                00005000   00000040  00000025  0000001b  RWIX
  MCBSPB                00005040   00000040  00000025  0000001b  RWIX
  ECANA                 00006000   00000040  00000034  0000000c  RWIX
  ECANA_LAM             00006040   00000040  00000040  00000000  RWIX
  ECANA_MOTS            00006080   00000040  00000040  00000000  RWIX
  ECANA_MOTO            000060c0   00000040  00000040  00000000  RWIX
  ECANA_MBOX            00006100   00000100  00000100  00000000  RWIX
  ECANB                 00006200   00000040  00000034  0000000c  RWIX
  ECANB_LAM             00006240   00000040  00000040  00000000  RWIX
  ECANB_MOTS            00006280   00000040  00000040  00000000  RWIX
  ECANB_MOTO            000062c0   00000040  00000040  00000000  RWIX
  ECANB_MBOX            00006300   00000100  00000100  00000000  RWIX
  EPWM1                 00006800   00000022  00000022  00000000  RWIX
  EPWM2                 00006840   00000022  00000022  00000000  RWIX
  EPWM3                 00006880   00000022  00000022  00000000  RWIX
  EPWM4                 000068c0   00000022  00000022  00000000  RWIX
  EPWM5                 00006900   00000022  00000022  00000000  RWIX
  EPWM6                 00006940   00000022  00000022  00000000  RWIX
  ECAP1                 00006a00   00000020  00000020  00000000  RWIX
  ECAP2                 00006a20   00000020  00000020  00000000  RWIX
  ECAP3                 00006a40   00000020  00000020  00000000  RWIX
  ECAP4                 00006a60   00000020  00000020  00000000  RWIX
  ECAP5                 00006a80   00000020  00000020  00000000  RWIX
  ECAP6                 00006aa0   00000020  00000020  00000000  RWIX
  EQEP1                 00006b00   00000040  00000040  00000000  RWIX
  EQEP2                 00006b40   00000040  00000040  00000000  RWIX
  GPIOCTRL              00006f80   00000040  0000002e  00000012  RWIX
  GPIODAT               00006fc0   00000020  00000020  00000000  RWIX
  GPIOINT               00006fe0   00000020  0000000a  00000016  RWIX
  SYSTEM                00007010   00000020  00000020  00000000  RWIX
  SPIA                  00007040   00000010  00000010  00000000  RWIX
  SCIA                  00007050   00000010  00000010  00000000  RWIX
  XINTRUPT              00007070   00000010  00000010  00000000  RWIX
  ADC                   00007100   00000020  0000001e  00000002  RWIX
  SCIB                  00007750   00000010  00000010  00000000  RWIX
  SCIC                  00007770   00000010  00000010  00000000  RWIX
  I2CA                  00007900   00000040  00000022  0000001e  RWIX
  L07SARAM              00008000   00008000  00001c16  000063ea  RWIX
  CSM_PWL               0033fff8   00000008  00000008  00000000  RWIX
  PARTID                00380090   00000001  00000001  00000000  RWIX


SECTION ALLOCATION MAP

 output                                  attributes/
section   page    origin      length       input sections
--------  ----  ----------  ----------   ----------------
PieVectTableFile 
*          1    00000d00    00000100     DSECT
                  00000d00    00000100     DSP2833x_GlobalVariableDefs.obj (PieVectTableFile)

.econst    0    0030399c    0000242b     
                  0030399c    00001ee3     memoria_sysbios_v2_p28FP.o28FP (.econst:xdc_runtime_Text_charTab__A)
                  0030587f    00000001     memoria_sysbios_v2_p28FP.o28FP (.econst:ti_sysbios_family_c28_Hwi_Module__id__C)
                  00305880    00000100     memoria_sysbios_v2_p28FP.o28FP (.econst:_ti_sysbios_family_c28_Hwi_vectors)
                  00305980    00000072     memoria_sysbios_v2_p28FP.o28FP (.econst:xdc_runtime_Text_nodeTab__A)
                  003059f2    0000006b     memoria_sysbios_v2_p28FP.o28FP (.econst:.string)
                  00305a5d    00000001     memoria_sysbios_v2_p28FP.o28FP (.econst:ti_sysbios_family_c28_Hwi_Module__loggerDefined__C)
                  00305a5e    00000058     ti.targets.rts2800.a28FP : Error.o28FP (.econst:.string)
                  00305ab6    00000031                              : Text.o28FP (.econst:.string)
                  00305ae7    00000001     memoria_sysbios_v2_p28FP.o28FP (.econst:ti_sysbios_family_c28_Hwi_NUM_INTERRUPTS_ALL__C)
                  00305ae8    00000030     memoria_sysbios_v2_p28FP.o28FP (.econst:ti_uia_loggers_LoggerStopMode_Module__FXNS__C)
                  00305b18    0000002a     ti.targets.rts2800.a28FP : Startup.o28FP (.econst:.string)
                  00305b42    00000019                              : System.o28FP (.econst:.string)
                  00305b5b    00000001     memoria_sysbios_v2_p28FP.o28FP (.econst:ti_sysbios_family_c28_Hwi_Object__count__C)
                  00305b5c    00000016     memoria_sysbios_v2_p28FP.o28FP (.econst:ti_uia_loggers_LoggerStopMode_Object__PARAMS__C)
                  00305b72    00000014     memoria_sysbios_v2_p28FP.o28FP (.econst:ti_sysbios_heaps_HeapMem_Module__FXNS__C)
                  00305b86    00000014     memoria_sysbios_v2_p28FP.o28FP (.econst:xdc_runtime_Startup_sfxnTab__A)
                  00305b9a    00000012     memoria_sysbios_v2_p28FP.o28FP (.econst:ti_sysbios_gates_GateHwi_Module__FXNS__C)
                  00305bac    00000012     memoria_sysbios_v2_p28FP.o28FP (.econst:ti_sysbios_gates_GateMutex_Module__FXNS__C)
                  00305bbe    00000012     memoria_sysbios_v2_p28FP.o28FP (.econst:ti_sysbios_heaps_HeapMem_Object__PARAMS__C)
                  00305bd0    00000010     memoria_sysbios_v2_p28FP.o28FP (.econst:ti_sysbios_gates_GateHwi_Object__DESC__C)
                  00305be0    00000010     memoria_sysbios_v2_p28FP.o28FP (.econst:ti_sysbios_gates_GateMutex_Object__DESC__C)
                  00305bf0    00000010     memoria_sysbios_v2_p28FP.o28FP (.econst:ti_sysbios_heaps_HeapMem_Object__DESC__C)
                  00305c00    00000010     memoria_sysbios_v2_p28FP.o28FP (.econst:ti_sysbios_knl_Queue_Object__DESC__C)
                  00305c10    00000010     memoria_sysbios_v2_p28FP.o28FP (.econst:ti_sysbios_knl_Semaphore_Object__DESC__C)
                  00305c20    00000010     memoria_sysbios_v2_p28FP.o28FP (.econst:ti_sysbios_knl_Semaphore_Object__PARAMS__C)
                  00305c30    00000010     memoria_sysbios_v2_p28FP.o28FP (.econst:ti_uia_loggers_LoggerStopMode_Object__DESC__C)
                  00305c40    0000000c     memoria_sysbios_v2_p28FP.o28FP (.econst:ti_sysbios_gates_GateHwi_Object__PARAMS__C)
                  00305c4c    0000000c     memoria_sysbios_v2_p28FP.o28FP (.econst:ti_sysbios_gates_GateMutex_Object__PARAMS__C)
                  00305c58    0000000c     memoria_sysbios_v2_p28FP.o28FP (.econst:ti_sysbios_knl_Queue_Object__PARAMS__C)
                  00305c64    0000000c     memoria_sysbios_v2_p28FP.o28FP (.econst:ti_sysbios_knl_Task_hooks__A)
                  00305c70    0000000a     memoria_sysbios_v2_p28FP.o28FP (.econst:xdc_runtime_Startup_sfxnRts__A)
                  00305c7a    00000007     HIL_HWI_Config.obj (.econst:.string)
                  00305c81    00000001     memoria_sysbios_v2_p28FP.o28FP (.econst:ti_sysbios_family_c28_Hwi_zeroLatencyIERMask__C)
                  00305c82    00000005     ti.targets.rts2800.a28FP : Assert.o28FP (.econst:.string)
                  00305c87    00000001     memoria_sysbios_v2_p28FP.o28FP (.econst:ti_sysbios_family_c28_TaskSupport_Module__id__C)
                  00305c88    00000004     HIL_HWI_Config.obj (.econst)
                  00305c8c    00000004     memoria_sysbios_v2_p28FP.o28FP (.econst:ti_sysbios_knl_Idle_funcList__A)
                  00305c90    00000004     memoria_sysbios_v2_p28FP.o28FP (.econst:ti_sysbios_knl_Idle_funcList__C)
                  00305c94    00000004     memoria_sysbios_v2_p28FP.o28FP (.econst:ti_sysbios_knl_Task_hooks__C)
                  00305c98    00000004     memoria_sysbios_v2_p28FP.o28FP (.econst:xdc_runtime_Startup_firstFxns__A)
                  00305c9c    00000004     memoria_sysbios_v2_p28FP.o28FP (.econst:xdc_runtime_Startup_firstFxns__C)
                  00305ca0    00000004     memoria_sysbios_v2_p28FP.o28FP (.econst:xdc_runtime_Startup_lastFxns__C)
                  00305ca4    00000002     memoria_sysbios_v2_p28FP.o28FP (.econst:ti_sysbios_family_c28_Hwi_A_badIntNum__C)
                  00305ca6    00000002     memoria_sysbios_v2_p28FP.o28FP (.econst:ti_sysbios_family_c28_Hwi_A_invalidArg__C)
                  00305ca8    00000002     memoria_sysbios_v2_p28FP.o28FP (.econst:ti_sysbios_family_c28_Hwi_E_unpluggedInterrupt__C)
                  00305caa    00000002     memoria_sysbios_v2_p28FP.o28FP (.econst:ti_sysbios_family_c28_Hwi_LD_end__C)
                  00305cac    00000002     memoria_sysbios_v2_p28FP.o28FP (.econst:ti_sysbios_family_c28_Hwi_LM_begin__C)
                  00305cae    00000002     memoria_sysbios_v2_p28FP.o28FP (.econst:ti_sysbios_family_c28_Hwi_Module__diagsEnabled__C)
                  00305cb0    00000002     memoria_sysbios_v2_p28FP.o28FP (.econst:ti_sysbios_family_c28_Hwi_Module__diagsIncluded__C)
                  00305cb2    00000002     memoria_sysbios_v2_p28FP.o28FP (.econst:ti_sysbios_family_c28_Hwi_Module__diagsMask__C)
                  00305cb4    00000002     memoria_sysbios_v2_p28FP.o28FP (.econst:ti_sysbios_family_c28_Hwi_Module__loggerFxn1__C)
                  00305cb6    00000002     memoria_sysbios_v2_p28FP.o28FP (.econst:ti_sysbios_family_c28_Hwi_Module__loggerFxn8__C)
                  00305cb8    00000002     memoria_sysbios_v2_p28FP.o28FP (.econst:ti_sysbios_family_c28_Hwi_Module__loggerObj__C)
                  00305cba    00000002     memoria_sysbios_v2_p28FP.o28FP (.econst:ti_sysbios_family_c28_TaskSupport_E_invalidStack__C)
                  00305cbc    00000002     memoria_sysbios_v2_p28FP.o28FP (.econst:ti_sysbios_family_c28_Timer_Module__diagsEnabled__C)
                  00305cbe    00000002     memoria_sysbios_v2_p28FP.o28FP (.econst:ti_sysbios_family_c28_Timer_Module__diagsIncluded__C)
                  00305cc0    00000002     memoria_sysbios_v2_p28FP.o28FP (.econst:ti_sysbios_family_c28_Timer_Module__diagsMask__C)
                  00305cc2    00000002     memoria_sysbios_v2_p28FP.o28FP (.econst:ti_sysbios_family_c28_TimestampProvider_Module__diagsEnabled__C)
                  00305cc4    00000002     memoria_sysbios_v2_p28FP.o28FP (.econst:ti_sysbios_family_c28_TimestampProvider_Module__diagsIncluded__C)
                  00305cc6    00000002     memoria_sysbios_v2_p28FP.o28FP (.econst:ti_sysbios_family_c28_TimestampProvider_Module__diagsMask__C)
                  00305cc8    00000002     memoria_sysbios_v2_p28FP.o28FP (.econst:ti_sysbios_gates_GateMutex_A_badContext__C)
                  00305cca    00000002     memoria_sysbios_v2_p28FP.o28FP (.econst:ti_sysbios_gates_GateMutex_Instance_State_sem__O)
                  00305ccc    00000002     memoria_sysbios_v2_p28FP.o28FP (.econst:ti_sysbios_gates_GateMutex_Module__diagsEnabled__C)
                  00305cce    00000002     memoria_sysbios_v2_p28FP.o28FP (.econst:ti_sysbios_gates_GateMutex_Module__diagsIncluded__C)
                  00305cd0    00000002     memoria_sysbios_v2_p28FP.o28FP (.econst:ti_sysbios_gates_GateMutex_Module__diagsMask__C)
                  00305cd2    00000002     memoria_sysbios_v2_p28FP.o28FP (.econst:ti_sysbios_hal_Hwi_E_stackOverflow__C)
                  00305cd4    00000002     memoria_sysbios_v2_p28FP.o28FP (.econst:ti_sysbios_heaps_HeapMem_A_align__C)
                  00305cd6    00000002     memoria_sysbios_v2_p28FP.o28FP (.econst:ti_sysbios_heaps_HeapMem_A_heapSize__C)
                  00305cd8    00000002     memoria_sysbios_v2_p28FP.o28FP (.econst:ti_sysbios_heaps_HeapMem_A_invalidFree__C)
                  00305cda    00000002     memoria_sysbios_v2_p28FP.o28FP (.econst:ti_sysbios_heaps_HeapMem_A_zeroBlock__C)
                  00305cdc    00000002     memoria_sysbios_v2_p28FP.o28FP (.econst:ti_sysbios_heaps_HeapMem_E_memory__C)
                  00305cde    00000002     memoria_sysbios_v2_p28FP.o28FP (.econst:ti_sysbios_heaps_HeapMem_Module__diagsEnabled__C)
                  00305ce0    00000002     memoria_sysbios_v2_p28FP.o28FP (.econst:ti_sysbios_heaps_HeapMem_Module__diagsIncluded__C)
                  00305ce2    00000002     memoria_sysbios_v2_p28FP.o28FP (.econst:ti_sysbios_heaps_HeapMem_Module__diagsMask__C)
                  00305ce4    00000002     memoria_sysbios_v2_p28FP.o28FP (.econst:ti_sysbios_heaps_HeapMem_Module__gateObj__C)
                  00305ce6    00000002     memoria_sysbios_v2_p28FP.o28FP (.econst:ti_sysbios_heaps_HeapMem_reqAlign__C)
                  00305ce8    00000002     memoria_sysbios_v2_p28FP.o28FP (.econst:ti_sysbios_knl_Clock_LM_begin__C)
                  00305cea    00000002     memoria_sysbios_v2_p28FP.o28FP (.econst:ti_sysbios_knl_Clock_LM_tick__C)
                  00305cec    00000002     memoria_sysbios_v2_p28FP.o28FP (.econst:ti_sysbios_knl_Clock_LW_delayed__C)
                  00305cee    00000002     memoria_sysbios_v2_p28FP.o28FP (.econst:ti_sysbios_knl_Clock_Module_State_clockQ__O)
                  00305cf0    00000002     memoria_sysbios_v2_p28FP.o28FP (.econst:ti_sysbios_knl_Clock_Module__diagsEnabled__C)
                  00305cf2    00000002     memoria_sysbios_v2_p28FP.o28FP (.econst:ti_sysbios_knl_Clock_Module__diagsIncluded__C)
                  00305cf4    00000002     memoria_sysbios_v2_p28FP.o28FP (.econst:ti_sysbios_knl_Clock_Module__diagsMask__C)
                  00305cf6    00000002     memoria_sysbios_v2_p28FP.o28FP (.econst:ti_sysbios_knl_Clock_Module__loggerFxn1__C)
                  00305cf8    00000002     memoria_sysbios_v2_p28FP.o28FP (.econst:ti_sysbios_knl_Clock_Module__loggerFxn2__C)
                  00305cfa    00000002     memoria_sysbios_v2_p28FP.o28FP (.econst:ti_sysbios_knl_Clock_Module__loggerObj__C)
                  00305cfc    00000002     memoria_sysbios_v2_p28FP.o28FP (.econst:ti_sysbios_knl_Semaphore_A_badContext__C)
                  00305cfe    00000002     memoria_sysbios_v2_p28FP.o28FP (.econst:ti_sysbios_knl_Semaphore_A_noEvents__C)
                  00305d00    00000002     memoria_sysbios_v2_p28FP.o28FP (.econst:ti_sysbios_knl_Semaphore_A_overflow__C)
                  00305d02    00000002     memoria_sysbios_v2_p28FP.o28FP (.econst:ti_sysbios_knl_Semaphore_A_pendTaskDisabled__C)
                  00305d04    00000002     memoria_sysbios_v2_p28FP.o28FP (.econst:ti_sysbios_knl_Semaphore_Instance_State_pendQ__O)
                  00305d06    00000002     memoria_sysbios_v2_p28FP.o28FP (.econst:ti_sysbios_knl_Semaphore_LM_pend__C)
                  00305d08    00000002     memoria_sysbios_v2_p28FP.o28FP (.econst:ti_sysbios_knl_Semaphore_LM_post__C)
                  00305d0a    00000002     memoria_sysbios_v2_p28FP.o28FP (.econst:ti_sysbios_knl_Semaphore_Module__diagsEnabled__C)
                  00305d0c    00000002     memoria_sysbios_v2_p28FP.o28FP (.econst:ti_sysbios_knl_Semaphore_Module__diagsIncluded__C)
                  00305d0e    00000002     memoria_sysbios_v2_p28FP.o28FP (.econst:ti_sysbios_knl_Semaphore_Module__diagsMask__C)
                  00305d10    00000002     memoria_sysbios_v2_p28FP.o28FP (.econst:ti_sysbios_knl_Semaphore_Module__loggerFxn2__C)
                  00305d12    00000002     memoria_sysbios_v2_p28FP.o28FP (.econst:ti_sysbios_knl_Semaphore_Module__loggerFxn4__C)
                  00305d14    00000002     memoria_sysbios_v2_p28FP.o28FP (.econst:ti_sysbios_knl_Semaphore_Module__loggerObj__C)
                  00305d16    00000002     memoria_sysbios_v2_p28FP.o28FP (.econst:ti_sysbios_knl_Swi_LD_end__C)
                  00305d18    00000002     memoria_sysbios_v2_p28FP.o28FP (.econst:ti_sysbios_knl_Swi_LM_begin__C)
                  00305d1a    00000002     memoria_sysbios_v2_p28FP.o28FP (.econst:ti_sysbios_knl_Swi_LM_post__C)
                  00305d1c    00000002     memoria_sysbios_v2_p28FP.o28FP (.econst:ti_sysbios_knl_Swi_Module__diagsEnabled__C)
                  00305d1e    00000002     memoria_sysbios_v2_p28FP.o28FP (.econst:ti_sysbios_knl_Swi_Module__diagsIncluded__C)
                  00305d20    00000002     memoria_sysbios_v2_p28FP.o28FP (.econst:ti_sysbios_knl_Swi_Module__diagsMask__C)
                  00305d22    00000002     memoria_sysbios_v2_p28FP.o28FP (.econst:ti_sysbios_knl_Swi_Module__loggerFxn1__C)
                  00305d24    00000002     memoria_sysbios_v2_p28FP.o28FP (.econst:ti_sysbios_knl_Swi_Module__loggerFxn4__C)
                  00305d26    00000002     memoria_sysbios_v2_p28FP.o28FP (.econst:ti_sysbios_knl_Swi_Module__loggerObj__C)
                  00305d28    00000002     memoria_sysbios_v2_p28FP.o28FP (.econst:ti_sysbios_knl_Task_A_badContextId__C)
                  00305d2a    00000002     memoria_sysbios_v2_p28FP.o28FP (.econst:ti_sysbios_knl_Task_E_spOutOfBounds__C)
                  00305d2c    00000002     memoria_sysbios_v2_p28FP.o28FP (.econst:ti_sysbios_knl_Task_E_stackOverflow__C)
                  00305d2e    00000002     memoria_sysbios_v2_p28FP.o28FP (.econst:ti_sysbios_knl_Task_LD_block__C)
                  00305d30    00000002     memoria_sysbios_v2_p28FP.o28FP (.econst:ti_sysbios_knl_Task_LD_exit__C)
                  00305d32    00000002     memoria_sysbios_v2_p28FP.o28FP (.econst:ti_sysbios_knl_Task_LD_ready__C)
                  00305d34    00000002     memoria_sysbios_v2_p28FP.o28FP (.econst:ti_sysbios_knl_Task_LM_switch__C)
                  00305d36    00000002     memoria_sysbios_v2_p28FP.o28FP (.econst:ti_sysbios_knl_Task_Module_State_inactiveQ__O)
                  00305d38    00000002     memoria_sysbios_v2_p28FP.o28FP (.econst:ti_sysbios_knl_Task_Module__diagsEnabled__C)
                  00305d3a    00000002     memoria_sysbios_v2_p28FP.o28FP (.econst:ti_sysbios_knl_Task_Module__diagsIncluded__C)
                  00305d3c    00000002     memoria_sysbios_v2_p28FP.o28FP (.econst:ti_sysbios_knl_Task_Module__diagsMask__C)
                  00305d3e    00000002     memoria_sysbios_v2_p28FP.o28FP (.econst:ti_sysbios_knl_Task_Module__loggerFxn2__C)
                  00305d40    00000002     memoria_sysbios_v2_p28FP.o28FP (.econst:ti_sysbios_knl_Task_Module__loggerFxn4__C)
                  00305d42    00000002     memoria_sysbios_v2_p28FP.o28FP (.econst:ti_sysbios_knl_Task_Module__loggerObj__C)
                  00305d44    00000002     memoria_sysbios_v2_p28FP.o28FP (.econst:ti_sysbios_knl_Task_Object__heap__C)
                  00305d46    00000002     memoria_sysbios_v2_p28FP.o28FP (.econst:ti_sysbios_knl_Task_allBlockedFunc__C)
                  00305d48    00000002     memoria_sysbios_v2_p28FP.o28FP (.econst:ti_sysbios_utils_Load_LS_cpuLoad__C)
                  00305d4a    00000002     memoria_sysbios_v2_p28FP.o28FP (.econst:ti_sysbios_utils_Load_LS_taskLoad__C)
                  00305d4c    00000002     memoria_sysbios_v2_p28FP.o28FP (.econst:ti_sysbios_utils_Load_Module_State_taskList__O)
                  00305d4e    00000002     memoria_sysbios_v2_p28FP.o28FP (.econst:ti_sysbios_utils_Load_Module__diagsEnabled__C)
                  00305d50    00000002     memoria_sysbios_v2_p28FP.o28FP (.econst:ti_sysbios_utils_Load_Module__diagsIncluded__C)
                  00305d52    00000002     memoria_sysbios_v2_p28FP.o28FP (.econst:ti_sysbios_utils_Load_Module__diagsMask__C)
                  00305d54    00000002     memoria_sysbios_v2_p28FP.o28FP (.econst:ti_sysbios_utils_Load_Module__loggerFxn1__C)
                  00305d56    00000002     memoria_sysbios_v2_p28FP.o28FP (.econst:ti_sysbios_utils_Load_Module__loggerFxn4__C)
                  00305d58    00000002     memoria_sysbios_v2_p28FP.o28FP (.econst:ti_sysbios_utils_Load_Module__loggerObj__C)
                  00305d5a    00000002     memoria_sysbios_v2_p28FP.o28FP (.econst:ti_sysbios_utils_Load_postUpdate__C)
                  00305d5c    00000002     memoria_sysbios_v2_p28FP.o28FP (.econst:ti_uia_loggers_LoggerStopMode_Module__diagsEnabled__C)
                  00305d5e    00000002     memoria_sysbios_v2_p28FP.o28FP (.econst:ti_uia_loggers_LoggerStopMode_Module__diagsIncluded__C)
                  00305d60    00000002     memoria_sysbios_v2_p28FP.o28FP (.econst:ti_uia_loggers_LoggerStopMode_Module__diagsMask__C)
                  00305d62    00000002     memoria_sysbios_v2_p28FP.o28FP (.econst:ti_uia_runtime_ILoggerSnapshot_Interface__BASE__C)
                  00305d64    00000002     memoria_sysbios_v2_p28FP.o28FP (.econst:ti_uia_runtime_IUIATransfer_Interface__BASE__C)
                  00305d66    00000002     memoria_sysbios_v2_p28FP.o28FP (.econst:xdc_runtime_Assert_E_assertFailed__C)
                  00305d68    00000002     memoria_sysbios_v2_p28FP.o28FP (.econst:xdc_runtime_Core_A_initializedParams__C)
                  00305d6a    00000002     memoria_sysbios_v2_p28FP.o28FP (.econst:xdc_runtime_Core_Module__diagsEnabled__C)
                  00305d6c    00000002     memoria_sysbios_v2_p28FP.o28FP (.econst:xdc_runtime_Core_Module__diagsIncluded__C)
                  00305d6e    00000002     memoria_sysbios_v2_p28FP.o28FP (.econst:xdc_runtime_Core_Module__diagsMask__C)
                  00305d70    00000002     memoria_sysbios_v2_p28FP.o28FP (.econst:xdc_runtime_Error_E_memory__C)
                  00305d72    00000002     memoria_sysbios_v2_p28FP.o28FP (.econst:xdc_runtime_Error_policyFxn__C)
                  00305d74    00000002     memoria_sysbios_v2_p28FP.o28FP (.econst:xdc_runtime_Error_raiseHook__C)
                  00305d76    00000002     memoria_sysbios_v2_p28FP.o28FP (.econst:xdc_runtime_IFilterLogger_Interface__BASE__C)
                  00305d78    00000002     memoria_sysbios_v2_p28FP.o28FP (.econst:xdc_runtime_IGateProvider_Interface__BASE__C)
                  00305d7a    00000002     memoria_sysbios_v2_p28FP.o28FP (.econst:xdc_runtime_IHeap_Interface__BASE__C)
                  00305d7c    00000002     memoria_sysbios_v2_p28FP.o28FP (.econst:xdc_runtime_ILogger_Interface__BASE__C)
                  00305d7e    00000002     memoria_sysbios_v2_p28FP.o28FP (.econst:xdc_runtime_IModule_Interface__BASE__C)
                  00305d80    00000002     memoria_sysbios_v2_p28FP.o28FP (.econst:xdc_runtime_Memory_defaultHeapInstance__C)
                  00305d82    00000002     memoria_sysbios_v2_p28FP.o28FP (.econst:xdc_runtime_Startup_execImpl__C)
                  00305d84    00000002     memoria_sysbios_v2_p28FP.o28FP (.econst:xdc_runtime_Startup_lastFxns__A)
                  00305d86    00000002     memoria_sysbios_v2_p28FP.o28FP (.econst:xdc_runtime_Startup_sfxnRts__C)
                  00305d88    00000002     memoria_sysbios_v2_p28FP.o28FP (.econst:xdc_runtime_Startup_sfxnTab__C)
                  00305d8a    00000002     memoria_sysbios_v2_p28FP.o28FP (.econst:xdc_runtime_SysMin_bufSize__C)
                  00305d8c    00000002     memoria_sysbios_v2_p28FP.o28FP (.econst:xdc_runtime_SysMin_outputFunc__C)
                  00305d8e    00000002     memoria_sysbios_v2_p28FP.o28FP (.econst:xdc_runtime_System_Module__gateObj__C)
                  00305d90    00000002     memoria_sysbios_v2_p28FP.o28FP (.econst:xdc_runtime_System_abortFxn__C)
                  00305d92    00000002     memoria_sysbios_v2_p28FP.o28FP (.econst:xdc_runtime_System_exitFxn__C)
                  00305d94    00000002     memoria_sysbios_v2_p28FP.o28FP (.econst:xdc_runtime_System_extendFxn__C)
                  00305d96    00000002     memoria_sysbios_v2_p28FP.o28FP (.econst:xdc_runtime_Text_charTab__C)
                  00305d98    00000002     memoria_sysbios_v2_p28FP.o28FP (.econst:xdc_runtime_Text_nameEmpty__C)
                  00305d9a    00000002     memoria_sysbios_v2_p28FP.o28FP (.econst:xdc_runtime_Text_nameStatic__C)
                  00305d9c    00000002     memoria_sysbios_v2_p28FP.o28FP (.econst:xdc_runtime_Text_nodeTab__C)
                  00305d9e    00000002     memoria_sysbios_v2_p28FP.o28FP (.econst:xdc_runtime_Text_visitRopeFxn__C)
                  00305da0    00000001     memoria_sysbios_v2_p28FP.o28FP (.econst:ti_sysbios_family_c28_Timer_Module__id__C)
                  00305da1    00000001     memoria_sysbios_v2_p28FP.o28FP (.econst:ti_sysbios_family_c28_Timer_startupNeeded__C)
                  00305da2    00000001     memoria_sysbios_v2_p28FP.o28FP (.econst:ti_sysbios_family_c28_TimestampProvider_Module__id__C)
                  00305da3    00000001     memoria_sysbios_v2_p28FP.o28FP (.econst:ti_sysbios_family_c28_TimestampProvider_useClockTimer__C)
                  00305da4    00000001     memoria_sysbios_v2_p28FP.o28FP (.econst:ti_sysbios_gates_GateMutex_Module__id__C)
                  00305da5    00000001     memoria_sysbios_v2_p28FP.o28FP (.econst:ti_sysbios_hal_Hwi_Module__id__C)
                  00305da6    00000001     memoria_sysbios_v2_p28FP.o28FP (.econst:ti_sysbios_heaps_HeapMem_Module__id__C)
                  00305da7    00000001     memoria_sysbios_v2_p28FP.o28FP (.econst:ti_sysbios_heaps_HeapMem_Object__count__C)
                  00305da8    00000001     memoria_sysbios_v2_p28FP.o28FP (.econst:ti_sysbios_knl_Clock_Module__id__C)
                  00305da9    00000001     memoria_sysbios_v2_p28FP.o28FP (.econst:ti_sysbios_knl_Clock_Module__loggerDefined__C)
                  00305daa    00000001     memoria_sysbios_v2_p28FP.o28FP (.econst:ti_sysbios_knl_Semaphore_Module__id__C)
                  00305dab    00000001     memoria_sysbios_v2_p28FP.o28FP (.econst:ti_sysbios_knl_Semaphore_Module__loggerDefined__C)
                  00305dac    00000001     memoria_sysbios_v2_p28FP.o28FP (.econst:ti_sysbios_knl_Swi_Module__id__C)
                  00305dad    00000001     memoria_sysbios_v2_p28FP.o28FP (.econst:ti_sysbios_knl_Swi_Module__loggerDefined__C)
                  00305dae    00000001     memoria_sysbios_v2_p28FP.o28FP (.econst:ti_sysbios_knl_Swi_Object__count__C)
                  00305daf    00000001     memoria_sysbios_v2_p28FP.o28FP (.econst:ti_sysbios_knl_Task_Module__id__C)
                  00305db0    00000001     memoria_sysbios_v2_p28FP.o28FP (.econst:ti_sysbios_knl_Task_Module__loggerDefined__C)
                  00305db1    00000001     memoria_sysbios_v2_p28FP.o28FP (.econst:ti_sysbios_knl_Task_Object__count__C)
                  00305db2    00000001     memoria_sysbios_v2_p28FP.o28FP (.econst:ti_sysbios_knl_Task_numConstructedTasks__C)
                  00305db3    00000001     memoria_sysbios_v2_p28FP.o28FP (.econst:ti_sysbios_utils_Load_Module__id__C)
                  00305db4    00000001     memoria_sysbios_v2_p28FP.o28FP (.econst:ti_sysbios_utils_Load_Module__loggerDefined__C)
                  00305db5    00000001     memoria_sysbios_v2_p28FP.o28FP (.econst:ti_sysbios_utils_Load_autoAddTasks__C)
                  00305db6    00000001     memoria_sysbios_v2_p28FP.o28FP (.econst:ti_sysbios_utils_Load_updateInIdle__C)
                  00305db7    00000001     memoria_sysbios_v2_p28FP.o28FP (.econst:ti_sysbios_utils_Load_windowInMs__C)
                  00305db8    00000001     memoria_sysbios_v2_p28FP.o28FP (.econst:ti_uia_loggers_LoggerStopMode_Module__id__C)
                  00305db9    00000001     memoria_sysbios_v2_p28FP.o28FP (.econst:ti_uia_loggers_LoggerStopMode_Object__count__C)
                  00305dba    00000001     memoria_sysbios_v2_p28FP.o28FP (.econst:ti_uia_loggers_LoggerStopMode_isTimestampEnabled__C)
                  00305dbb    00000001     memoria_sysbios_v2_p28FP.o28FP (.econst:xdc_runtime_Core_Module__id__C)
                  00305dbc    00000001     memoria_sysbios_v2_p28FP.o28FP (.econst:xdc_runtime_Error_Module__loggerDefined__C)
                  00305dbd    00000001     memoria_sysbios_v2_p28FP.o28FP (.econst:xdc_runtime_Error_maxDepth__C)
                  00305dbe    00000001     memoria_sysbios_v2_p28FP.o28FP (.econst:xdc_runtime_Error_policy__C)
                  00305dbf    00000001     memoria_sysbios_v2_p28FP.o28FP (.econst:xdc_runtime_Memory_Module__id__C)
                  00305dc0    00000001     memoria_sysbios_v2_p28FP.o28FP (.econst:xdc_runtime_Startup_maxPasses__C)
                  00305dc1    00000001     memoria_sysbios_v2_p28FP.o28FP (.econst:xdc_runtime_SysMin_flushAtExit__C)
                  00305dc2    00000001     memoria_sysbios_v2_p28FP.o28FP (.econst:xdc_runtime_System_maxAtexitHandlers__C)
                  00305dc3    00000001     memoria_sysbios_v2_p28FP.o28FP (.econst:xdc_runtime_Text_charCnt__C)
                  00305dc4    00000001     memoria_sysbios_v2_p28FP.o28FP (.econst:xdc_runtime_Text_isLoaded__C)
                  00305dc5    00000001     memoria_sysbios_v2_p28FP.o28FP (.econst:xdc_runtime_Text_registryModsLastId__C)
                  00305dc6    00000001     memoria_sysbios_v2_p28FP.o28FP (.econst:xdc_runtime_Text_unnamedModsLastId__C)

.cinit     0    00305dc7    000004b4     
                  00305dc7    00000186     memoria_sysbios_v2_p28FP.o28FP (.cinit)
                  00305f4d    00000103     memoria_sysbios_v2_p28FP.o28FP (.cinit:_ti_sysbios_family_c28_Hwi_Module_State_0_dispatchTable__A)
                  00306050    00000057     memoria_sysbios_v2_p28FP.o28FP (.cinit:_ti_uia_loggers_LoggerStopMode_Object__table__V)
                  003060a7    00000043     memoria_sysbios_v2_p28FP.o28FP (.cinit:_ti_sysbios_knl_Swi_Module_State_0_readyQ__A)
                  003060ea    00000043     memoria_sysbios_v2_p28FP.o28FP (.cinit:_ti_sysbios_knl_Task_Module_State_0_readyQ__A)
                  0030612d    00000037     memoria_sysbios_v2_p28FP.o28FP (.cinit:_ti_sysbios_family_c28_Timer_Object__table__V)
                  00306164    0000002f     memoria_sysbios_v2_p28FP.o28FP (.cinit:_ti_sysbios_knl_Task_Object__table__V)
                  00306193    00000027     memoria_sysbios_v2_p28FP.o28FP (.cinit:_ti_sysbios_family_c28_Hwi_Object__table__V)
                  003061ba    00000027     memoria_sysbios_v2_p28FP.o28FP (.cinit:_ti_sysbios_gates_GateMutex_Object__table__V)
                  003061e1    00000019     memoria_sysbios_v2_p28FP.o28FP (.cinit:_ti_sysbios_knl_Swi_Object__table__V)
                  003061fa    00000013     memoria_sysbios_v2_p28FP.o28FP (.cinit:_xdc_runtime_Diags_dictElems)
                  0030620d    00000011     memoria_sysbios_v2_p28FP.o28FP (.cinit:_ti_sysbios_heaps_HeapMem_Object__table__V)
                  0030621e    00000011     memoria_sysbios_v2_p28FP.o28FP (.cinit:_ti_sysbios_utils_Load_Module_State_0_taskEnv__A)
                  0030622f    0000000e     rts2800_fpu32.lib : exit.c.obj (.cinit)
                  0030623d    0000000b     memoria_sysbios_v2_p28FP.o28FP (.cinit:_xdc_runtime_System_Module_State_0_atexitHandlers__A)
                  00306248    00000009     ti.uia.runtime.a28FP : QueueDescriptor.o28FP (.cinit)
                  00306251    00000007     memoria_sysbios_v2_p28FP.o28FP (.cinit:_ti_sysbios_gates_GateHwi_Object__table__V)
                  00306258    00000005     rts2800_fpu32.lib : _lock.c.obj (.cinit:__lock)
                  0030625d    00000005                       : _lock.c.obj (.cinit:__unlock)
                  00306262    00000005     memoria_sysbios_v2_p28FP.o28FP (.cinit:_ti_sysbios_knl_Task_Module_State_0_idleTask__A)
                  00306267    00000005     memoria_sysbios_v2_p28FP.o28FP (.cinit:_ti_sysbios_utils_Load_Module_State_0_runningTask__A)
                  0030626c    00000005     memoria_sysbios_v2_p28FP.o28FP (.cinit:_ti_sysbios_utils_Load_Module_State_0_taskStartTime__A)
                  00306271    00000004     HIL_HWI_Config.obj (.cinit)
                  00306275    00000004     HIL_HWI_Config.obj (.cinit:_SCI_Rx_Mensaje)
                  00306279    00000002     --HOLE-- [fill = 0]

.switch    0    003063c4    0000001c     
                  003063c4    0000001c     sysbios.a28FP : BIOS.obj (.switch:_ti_sysbios_family_c28_Hwi_clearInterrupt__E)

.data      1    00000200    000000dd     UNINITIALIZED
                  00000200    0000004c     memoria_sysbios_v2_p28FP.o28FP (.data:ti_sysbios_utils_Load_Module__state__V)
                  0000024c    00000020     memoria_sysbios_v2_p28FP.o28FP (.data:ti_sysbios_knl_Task_Module__state__V)
                  0000026c    00000012     memoria_sysbios_v2_p28FP.o28FP (.data:ti_sysbios_BIOS_Module__state__V)
                  0000027e    00000002     memoria_sysbios_v2_p28FP.o28FP (.data:xdc_runtime_Memory_Module__state__V)
                  00000280    00000016     memoria_sysbios_v2_p28FP.o28FP (.data:ti_sysbios_knl_Clock_Module__state__V)
                  00000296    00000010     memoria_sysbios_v2_p28FP.o28FP (.data:ti_sysbios_family_c28_Hwi_Module__state__V)
                  000002a6    0000000c     memoria_sysbios_v2_p28FP.o28FP (.data:ti_sysbios_knl_Swi_Module__state__V)
                  000002b2    00000008     memoria_sysbios_v2_p28FP.o28FP (.data:ti_sysbios_family_c28_Timer_Module__state__V)
                  000002ba    00000006     memoria_sysbios_v2_p28FP.o28FP (.data:ti_uia_runtime_QueueDescriptor_Module__state__V)
                  000002c0    00000004     memoria_sysbios_v2_p28FP.o28FP (.data:ti_sysbios_family_c28_TimestampProvider_Module__state__V)
                  000002c4    00000004     memoria_sysbios_v2_p28FP.o28FP (.data:ti_uia_loggers_LoggerStopMode_Module__state__V)
                  000002c8    00000004     memoria_sysbios_v2_p28FP.o28FP (.data:xdc_runtime_Registry_Module__state__V)
                  000002cc    00000004     memoria_sysbios_v2_p28FP.o28FP (.data:xdc_runtime_Startup_Module__state__V)
                  000002d0    00000004     memoria_sysbios_v2_p28FP.o28FP (.data:xdc_runtime_SysMin_Module__state__V)
                  000002d4    00000004     memoria_sysbios_v2_p28FP.o28FP (.data:xdc_runtime_System_Module__state__V)
                  000002d8    00000004     memoria_sysbios_v2_p28FP.o28FP (.data:xdc_runtime_Text_Module__state__V)
                  000002dc    00000001     memoria_sysbios_v2_p28FP.o28FP (.data:xdc_runtime_Error_Module__state__V)

DevEmuRegsFile 
*          1    00000880    000000d0     UNINITIALIZED
                  00000880    000000d0     DSP2833x_GlobalVariableDefs.obj (DevEmuRegsFile)

FlashRegsFile 
*          1    00000a80    00000008     UNINITIALIZED
                  00000a80    00000008     DSP2833x_GlobalVariableDefs.obj (FlashRegsFile)

CsmRegsFile 
*          1    00000ae0    00000010     UNINITIALIZED
                  00000ae0    00000010     DSP2833x_GlobalVariableDefs.obj (CsmRegsFile)

AdcMirrorFile 
*          1    00000b00    00000010     UNINITIALIZED
                  00000b00    00000010     DSP2833x_GlobalVariableDefs.obj (AdcMirrorFile)

XintfRegsFile 
*          1    00000b20    0000001e     UNINITIALIZED
                  00000b20    0000001e     DSP2833x_GlobalVariableDefs.obj (XintfRegsFile)

CpuTimer0RegsFile 
*          1    00000c00    00000008     UNINITIALIZED
                  00000c00    00000008     DSP2833x_GlobalVariableDefs.obj (CpuTimer0RegsFile)

CpuTimer1RegsFile 
*          1    00000c08    00000008     UNINITIALIZED
                  00000c08    00000008     DSP2833x_GlobalVariableDefs.obj (CpuTimer1RegsFile)

CpuTimer2RegsFile 
*          1    00000c10    00000008     UNINITIALIZED
                  00000c10    00000008     DSP2833x_GlobalVariableDefs.obj (CpuTimer2RegsFile)

PieCtrlRegsFile 
*          1    00000ce0    0000001a     UNINITIALIZED
                  00000ce0    0000001a     DSP2833x_GlobalVariableDefs.obj (PieCtrlRegsFile)

DmaRegsFile 
*          1    00001000    000000e0     UNINITIALIZED
                  00001000    000000e0     DSP2833x_GlobalVariableDefs.obj (DmaRegsFile)

McbspaRegsFile 
*          1    00005000    00000025     UNINITIALIZED
                  00005000    00000025     DSP2833x_GlobalVariableDefs.obj (McbspaRegsFile)

McbspbRegsFile 
*          1    00005040    00000025     UNINITIALIZED
                  00005040    00000025     DSP2833x_GlobalVariableDefs.obj (McbspbRegsFile)

ECanaRegsFile 
*          1    00006000    00000034     UNINITIALIZED
                  00006000    00000034     DSP2833x_GlobalVariableDefs.obj (ECanaRegsFile)

ECanaLAMRegsFile 
*          1    00006040    00000040     UNINITIALIZED
                  00006040    00000040     DSP2833x_GlobalVariableDefs.obj (ECanaLAMRegsFile)

ECanaMOTSRegsFile 
*          1    00006080    00000040     UNINITIALIZED
                  00006080    00000040     DSP2833x_GlobalVariableDefs.obj (ECanaMOTSRegsFile)

ECanaMOTORegsFile 
*          1    000060c0    00000040     UNINITIALIZED
                  000060c0    00000040     DSP2833x_GlobalVariableDefs.obj (ECanaMOTORegsFile)

ECanaMboxesFile 
*          1    00006100    00000100     UNINITIALIZED
                  00006100    00000100     DSP2833x_GlobalVariableDefs.obj (ECanaMboxesFile)

ECanbRegsFile 
*          1    00006200    00000034     UNINITIALIZED
                  00006200    00000034     DSP2833x_GlobalVariableDefs.obj (ECanbRegsFile)

ECanbLAMRegsFile 
*          1    00006240    00000040     UNINITIALIZED
                  00006240    00000040     DSP2833x_GlobalVariableDefs.obj (ECanbLAMRegsFile)

ECanbMOTSRegsFile 
*          1    00006280    00000040     UNINITIALIZED
                  00006280    00000040     DSP2833x_GlobalVariableDefs.obj (ECanbMOTSRegsFile)

ECanbMOTORegsFile 
*          1    000062c0    00000040     UNINITIALIZED
                  000062c0    00000040     DSP2833x_GlobalVariableDefs.obj (ECanbMOTORegsFile)

ECanbMboxesFile 
*          1    00006300    00000100     UNINITIALIZED
                  00006300    00000100     DSP2833x_GlobalVariableDefs.obj (ECanbMboxesFile)

EPwm1RegsFile 
*          1    00006800    00000022     UNINITIALIZED
                  00006800    00000022     DSP2833x_GlobalVariableDefs.obj (EPwm1RegsFile)

EPwm2RegsFile 
*          1    00006840    00000022     UNINITIALIZED
                  00006840    00000022     DSP2833x_GlobalVariableDefs.obj (EPwm2RegsFile)

EPwm3RegsFile 
*          1    00006880    00000022     UNINITIALIZED
                  00006880    00000022     DSP2833x_GlobalVariableDefs.obj (EPwm3RegsFile)

EPwm4RegsFile 
*          1    000068c0    00000022     UNINITIALIZED
                  000068c0    00000022     DSP2833x_GlobalVariableDefs.obj (EPwm4RegsFile)

EPwm5RegsFile 
*          1    00006900    00000022     UNINITIALIZED
                  00006900    00000022     DSP2833x_GlobalVariableDefs.obj (EPwm5RegsFile)

EPwm6RegsFile 
*          1    00006940    00000022     UNINITIALIZED
                  00006940    00000022     DSP2833x_GlobalVariableDefs.obj (EPwm6RegsFile)

ECap1RegsFile 
*          1    00006a00    00000020     UNINITIALIZED
                  00006a00    00000020     DSP2833x_GlobalVariableDefs.obj (ECap1RegsFile)

ECap2RegsFile 
*          1    00006a20    00000020     UNINITIALIZED
                  00006a20    00000020     DSP2833x_GlobalVariableDefs.obj (ECap2RegsFile)

ECap3RegsFile 
*          1    00006a40    00000020     UNINITIALIZED
                  00006a40    00000020     DSP2833x_GlobalVariableDefs.obj (ECap3RegsFile)

ECap4RegsFile 
*          1    00006a60    00000020     UNINITIALIZED
                  00006a60    00000020     DSP2833x_GlobalVariableDefs.obj (ECap4RegsFile)

ECap5RegsFile 
*          1    00006a80    00000020     UNINITIALIZED
                  00006a80    00000020     DSP2833x_GlobalVariableDefs.obj (ECap5RegsFile)

ECap6RegsFile 
*          1    00006aa0    00000020     UNINITIALIZED
                  00006aa0    00000020     DSP2833x_GlobalVariableDefs.obj (ECap6RegsFile)

EQep1RegsFile 
*          1    00006b00    00000040     UNINITIALIZED
                  00006b00    00000040     DSP2833x_GlobalVariableDefs.obj (EQep1RegsFile)

EQep2RegsFile 
*          1    00006b40    00000040     UNINITIALIZED
                  00006b40    00000040     DSP2833x_GlobalVariableDefs.obj (EQep2RegsFile)

GpioCtrlRegsFile 
*          1    00006f80    0000002e     UNINITIALIZED
                  00006f80    0000002e     DSP2833x_GlobalVariableDefs.obj (GpioCtrlRegsFile)

GpioDataRegsFile 
*          1    00006fc0    00000020     UNINITIALIZED
                  00006fc0    00000020     DSP2833x_GlobalVariableDefs.obj (GpioDataRegsFile)

GpioIntRegsFile 
*          1    00006fe0    0000000a     UNINITIALIZED
                  00006fe0    0000000a     DSP2833x_GlobalVariableDefs.obj (GpioIntRegsFile)

SysCtrlRegsFile 
*          1    00007010    00000020     UNINITIALIZED
                  00007010    00000020     DSP2833x_GlobalVariableDefs.obj (SysCtrlRegsFile)

SpiaRegsFile 
*          1    00007040    00000010     UNINITIALIZED
                  00007040    00000010     DSP2833x_GlobalVariableDefs.obj (SpiaRegsFile)

SciaRegsFile 
*          1    00007050    00000010     UNINITIALIZED
                  00007050    00000010     DSP2833x_GlobalVariableDefs.obj (SciaRegsFile)

XIntruptRegsFile 
*          1    00007070    00000010     UNINITIALIZED
                  00007070    00000010     DSP2833x_GlobalVariableDefs.obj (XIntruptRegsFile)

AdcRegsFile 
*          1    00007100    0000001e     UNINITIALIZED
                  00007100    0000001e     DSP2833x_GlobalVariableDefs.obj (AdcRegsFile)

ScibRegsFile 
*          1    00007750    00000010     UNINITIALIZED
                  00007750    00000010     DSP2833x_GlobalVariableDefs.obj (ScibRegsFile)

ScicRegsFile 
*          1    00007770    00000010     UNINITIALIZED
                  00007770    00000010     DSP2833x_GlobalVariableDefs.obj (ScicRegsFile)

I2caRegsFile 
*          1    00007900    00000022     UNINITIALIZED
                  00007900    00000022     DSP2833x_GlobalVariableDefs.obj (I2caRegsFile)

CsmPwlFile 
*          1    0033fff8    00000008     UNINITIALIZED
                  0033fff8    00000008     DSP2833x_GlobalVariableDefs.obj (CsmPwlFile)

PartIdRegsFile 
*          1    00380090    00000001     UNINITIALIZED
                  00380090    00000001     DSP2833x_GlobalVariableDefs.obj (PartIdRegsFile)

.pinit     0    00300000    00000000     UNINITIALIZED

.text      0    00300000    0000399c     
                  00300000    0000023b     ti.targets.rts2800.a28FP : System.o28FP (.text:_xdc_runtime_System_doPrint__I)
                  0030023b    000001da     sysbios.a28FP : BIOS.obj (.text:_ti_sysbios_knl_Semaphore_pend__E)
                  00300415    000001b0     HIL_HWI_Config.obj (.text:_HIL_HWI_Init)
                  003005c5    000001a1     sysbios.a28FP : BIOS.obj (.text:_ti_sysbios_heaps_HeapMem_freeUnprotected__E)
                  00300766    0000016c                   : BIOS.obj (.text:_ti_sysbios_heaps_HeapMem_allocUnprotected__E)
                  003008d2    00000107     rts2800_fpu32.lib : ll_div28.asm.obj (.text)
                  003009d9    000000ef     sysbios.a28FP : BIOS.obj (.text:_ti_sysbios_heaps_HeapMem_Instance_init__E)
                  00300ac8    000000dc                   : BIOS.obj (.text:_ti_sysbios_family_c28_Hwi_clearInterrupt__E)
                  00300ba4    000000da     memoria_sysbios_v2_p28FP.o28FP (.text:_ti_uia_loggers_LoggerStopMode_writeMemoryRange__E)
                  00300c7e    000000d9     memoria_sysbios_v2_p28FP.o28FP (.text:_ti_uia_loggers_LoggerStopMode_write8__E)
                  00300d57    000000d7     TI28335_GPIO_Config.obj (.text:_GPIO_Config)
                  00300e2e    000000c9     memoria_sysbios_v2_p28FP.o28FP (.text:_ti_uia_loggers_LoggerStopMode_write4__E)
                  00300ef7    000000c7     sysbios.a28FP : BIOS.obj (.text:_ti_sysbios_family_c28_Hwi_dispatchCore__I)
                  00300fbe    000000c2     memoria_sysbios_v2_p28FP.o28FP (.text:_xdc_runtime_System_printfExtend__I)
                  00301080    000000c1     memoria_sysbios_v2_p28FP.o28FP (.text:_ti_uia_loggers_LoggerStopMode_write2__E)
                  00301141    000000bf     sysbios.a28FP : BIOS.obj (.text:_ti_sysbios_knl_Semaphore_Instance_init__E)
                  00301200    000000bd     memoria_sysbios_v2_p28FP.o28FP (.text:_ti_uia_loggers_LoggerStopMode_write1__E)
                  003012bd    000000b9     sysbios.a28FP : BIOS.obj (.text:_ti_sysbios_knl_Semaphore_post__E)
                  00301376    000000b5     memoria_sysbios_v2_p28FP.o28FP (.text:_ti_uia_loggers_LoggerStopMode_write0__E)
                  0030142b    000000b1     sysbios.a28FP : c28_Hwi_disp_asm.obj (.text:_ti_sysbios_family_c28_Hwi_dispatchZero)
                  003014dc    000000b1                   : BIOS.obj (.text:_ti_sysbios_knl_Clock_workFunc__E)
                  0030158d    000000a7                   : BIOS.obj (.text:_ti_sysbios_knl_Swi_run__I)
                  00301634    000000a0     ti.targets.rts2800.a28FP : Core-mem.o28FP (.text:_xdc_runtime_Core_createObject__I)
                  003016d4    00000095     rts2800_fpu32.lib : trgmsg.c.obj (.text)
                  00301769    0000008e     sysbios.a28FP : BIOS.obj (.text:_ti_sysbios_family_c28_Hwi_enableInterrupt__E)
                  003017f7    0000008d     ti.targets.rts2800.a28FP : Core-smem.o28FP (.text:_xdc_runtime_Core_constructObject__I)
                  00301884    0000008b     sysbios.a28FP : BIOS.obj (.text:_ti_sysbios_knl_Task_startCore__E)
                  0030190f    00000088     rts2800_fpu32.lib : fs_div28.asm.obj (.text)
                  00301997    00000087     sysbios.a28FP : BIOS.obj (.text:_ti_sysbios_utils_Load_updateThreadContexts__E)
                  00301a1e    00000083     rts2800_fpu32.lib : fd_mpy28.asm.obj (.text)
                  00301aa1    00000082     sysbios.a28FP : BIOS.obj (.text:_ti_sysbios_knl_Task_schedule__I)
                  00301b23    00000081                   : BIOS.obj (.text:_ti_sysbios_family_c28_Hwi_disableInterrupt__E)
                  00301ba4    0000007f                   : BIOS.obj (.text:_ti_sysbios_family_c28_Hwi_disablePIEIER__E)
                  00301c23    0000007e                   : BIOS.obj (.text:_ti_sysbios_family_c28_Hwi_enablePIEIER__E)
                  00301ca1    0000007c                   : BIOS.obj (.text:_ti_sysbios_knl_Task_postInit__I)
                  00301d1d    00000075                   : BIOS.obj (.text:_ti_sysbios_knl_Task_checkStacks__E)
                  00301d92    00000074                   : BIOS.obj (.text:_ti_sysbios_utils_Load_updateLoads__E)
                  00301e06    00000073     ti.uia.loggers.a28FP : LoggerStopMode.o28FP (.text:_ti_uia_loggers_LoggerStopMode_flush__E)
                  00301e79    00000072     ti.targets.rts2800.a28FP : Startup.o28FP (.text:_xdc_runtime_Startup_startMods__I)
                  00301eeb    00000071     sysbios.a28FP : BIOS.obj (.text:_ti_sysbios_gates_GateMutex_enter__E)
                  00301f5c    0000006f                   : BIOS.obj (.text:_ti_sysbios_knl_Task_exit__E)
                  00301fcb    00000069     boot.a28FP : boot_cg.o28FP (.text)
                  00302034    00000067     sysbios.a28FP : BIOS.obj (.text:_ti_sysbios_family_c28_Timer_stopAndClear__I)
                  0030209b    00000067                   : BIOS.obj (.text:_ti_sysbios_knl_Task_setHookContext__E)
                  00302102    00000067                   : BIOS.obj (.text:_ti_sysbios_utils_Load_idleFxn__E)
                  00302169    00000066                   : BIOS.obj (.text:_ti_sysbios_family_c28_Hwi_plug__E)
                  003021cf    00000064     HIL_HWI_Config.obj (.text:_Buck_Euler)
                  00302233    00000061     sysbios.a28FP : BIOS.obj (.text:_ti_sysbios_knl_Task_blockI__E)
                  00302294    00000061                   : BIOS.obj (.text:_ti_sysbios_utils_Load_logLoads__I)
                  003022f5    00000060                   : BIOS.obj (.text:_ti_sysbios_knl_Swi_post__E)
                  00302355    00000060     ti.targets.rts2800.a28FP : Error.o28FP (.text:_xdc_runtime_Error_policyDefault__E)
                  003023b5    00000060                              : Text.o28FP (.text:_xdc_runtime_Text_putSite__E)
                  00302415    0000005b     DSP2833x_SysCtrl.obj (.text:_InitPeripheralClocks)
                  00302470    00000058     ti.uia.loggers.a28FP : LoggerStopMode.o28FP (.text:_ti_uia_loggers_LoggerStopMode_initQueueDescriptor__E)
                  003024c8    00000054     sysbios.a28FP : BIOS.obj (.text:_ti_sysbios_knl_Task_unblockI__E)
                  0030251c    0000004c                   : BIOS.obj (.text:_ti_sysbios_utils_Load_startup__E)
                  00302568    00000047                   : BIOS.obj (.text:_ti_sysbios_family_c28_Hwi_Module_startup__E)
                  003025af    00000047                   : BIOS.obj (.text:_ti_sysbios_knl_Task_Module_startup__E)
                  003025f6    00000045                   : BIOS.obj (.text:_ti_sysbios_family_c28_TimestampProvider_get64__E)
                  0030263b    00000043                   : BIOS.obj (.text:_ti_sysbios_utils_Load_taskCreateHook__E)
                  0030267e    00000042                   : BIOS.obj (.text:_ti_sysbios_family_c28_Hwi_unPluggedInterrupt__I)
                  003026c0    00000041     ti.targets.rts2800.a28FP : Text.o28FP (.text:_xdc_runtime_Text_putLab__E)
                  00302701    00000040                              : Memory.o28FP (.text:_xdc_runtime_Memory_alloc__E)
                  00302741    0000003f     sysbios.a28FP : BIOS.obj (.text:_ti_sysbios_utils_Load_addTask__E)
                  00302780    0000003e                   : BIOS.obj (.text:_ti_sysbios_family_c28_Timer_postInit__I)
                  003027be    0000003e     ti.targets.rts2800.a28FP : Core-mem.o28FP (.text:_xdc_runtime_Core_deleteObject__I)
                  003027fc    0000003d     ti.uia.runtime.a28FP : QueueDescriptor.o28FP (.text:_ti_uia_runtime_QueueDescriptor_addToList__E)
                  00302839    0000003c     sysbios.a28FP : BIOS.obj (.text:_ti_sysbios_knl_Swi_restoreHwi__E)
                  00302875    0000003a     main.obj (.text:_main)
                  003028af    0000003a     sysbios.a28FP : BIOS.obj (.text:_ti_sysbios_utils_Load_updateCurrentThreadTime__E)
                  003028e9    00000039                   : BIOS.obj (.text:_ti_sysbios_family_c28_TaskSupport_start__E)
                  00302922    00000038                   : BIOS.obj (.text:_ti_sysbios_utils_Load_logCPULoad__I)
                  0030295a    00000038     ti.targets.rts2800.a28FP : Text.o28FP (.text:_xdc_runtime_Text_putMod__E)
                  00302992    00000037     sysbios.a28FP : BIOS.obj (.text:_ti_sysbios_knl_Clock_logTick__E)
                  003029c9    00000037     rts2800_fpu32.lib : hostwrite.c.obj (.text)
                  00302a00    00000036     sysbios.a28FP : BIOS.obj (.text:_ti_sysbios_family_c28_TimestampProvider_Module_startup__E)
                  00302a36    00000035     ti.targets.rts2800.a28FP : System.o28FP (.text:_xdc_runtime_System_formatNum__I)
                  00302a6b    00000034     sysbios.a28FP : BIOS.obj (.text:_ti_sysbios_utils_Load_taskSwitchHook__E)
                  00302a9f    00000033                   : BIOS.obj (.text:_ti_sysbios_family_c28_TimestampProvider_get32__E)
                  00302ad2    00000031                   : BIOS.obj (.text:_ti_sysbios_family_c28_Timer_getFreq__E)
                  00302b03    00000031                   : BIOS.obj (.text:_ti_sysbios_heaps_HeapMem_alloc__E)
                  00302b34    00000031     ti.targets.rts2800.a28FP : Error.o28FP (.text:_xdc_runtime_Error_print__E)
                  00302b65    00000030     sysbios.a28FP : BIOS.obj (.text:_ti_sysbios_knl_Swi_schedule__I)
                  00302b95    0000002f     ti.uia.loggers.a28FP : LoggerStopMode.o28FP (.text:_ti_uia_loggers_LoggerStopMode_Module_startup__E)
                  00302bc4    0000002f     ti.targets.rts2800.a28FP : Core-params.o28FP (.text:_xdc_runtime_Core_assignParams__I)
                  00302bf3    0000002f                              : Startup.o28FP (.text:_xdc_runtime_Startup_exec__E)
                  00302c22    0000002e     Boot.a28FP : Boot.o28FP (.text:.bootCodeSection:_ti_catalog_c2800_init_Boot_configurePll2802x)
                  00302c50    0000002e     sysbios.a28FP : BIOS.obj (.text:_ti_sysbios_family_c28_Hwi_getStackInfo__E)
                  00302c7e    0000002e                   : BIOS.obj (.text:_ti_sysbios_knl_Swi_runLoop__I)
                  00302cac    0000002d                   : BIOS.obj (.text:_ti_sysbios_family_c28_Hwi_getInterruptFlag__E)
                  00302cd9    0000002d                   : BIOS.obj (.text:_ti_sysbios_family_c28_Timer_start__E)
                  00302d06    0000002d                   : BIOS.obj (.text:_ti_sysbios_heaps_HeapMem_getStats__E)
                  00302d33    0000002d     ti.targets.rts2800.a28FP : Assert.o28FP (.text:_xdc_runtime_Assert_raise__I)
                  00302d60    0000002d                              : Error.o28FP (.text:_xdc_runtime_Error_setX__E)
                  00302d8d    0000002d                              : Text.o28FP (.text:_xdc_runtime_Text_visitRope2__I)
                  00302dba    0000002b     TI28335_ADC_Config.obj (.text:_ADC_Config)
                  00302de5    00000029     sysbios.a28FP : BIOS.obj (.text:_ti_sysbios_utils_Load_taskDeleteHook__E)
                  00302e0e    00000029     ti.targets.rts2800.a28FP : Text.o28FP (.text:_xdc_runtime_Text_xprintf__I)
                  00302e37    00000029     rts2800_fpu32.lib : exit.c.obj (.text)
                  00302e60    00000028     sysbios.a28FP : BIOS.obj (.text:_ti_sysbios_family_c28_Timer_getExpiredCounts64__E)
                  00302e88    00000027     HIL_HWI_Config.obj (.text:_IQ_txt)
                  00302eaf    00000027     sysbios.a28FP : BIOS.obj (.text:_ti_sysbios_heaps_HeapMem_init__I)
                  00302ed6    00000026                   : BIOS.obj (.text:_ti_sysbios_utils_Load_removeTask__E)
                  00302efc    00000026     ti.uia.loggers.a28FP : LoggerStopMode.o28FP (.text:_ti_uia_loggers_LoggerStopMode_reset__E)
                  00302f22    00000026     ti.targets.rts2800.a28FP : SysMin.o28FP (.text:_xdc_runtime_SysMin_flush__E)
                  00302f48    00000025     sysbios.a28FP : c28_TaskSupport_asm.obj (.text:_ti_sysbios_family_c28_TaskSupport_buildTaskStack)
                  00302f6d    00000025                   : BIOS.obj (.text:_ti_sysbios_family_c28_Timer_getExpiredCounts__E)
                  00302f92    00000025     ti.uia.loggers.a28FP : LoggerStopMode.o28FP (.text:_ti_uia_loggers_LoggerStopMode_initBuffer__I)
                  00302fb7    00000024     rts2800_fpu32.lib : cpy_tbl.c.obj (.text)
                  00302fdb    00000023     ti.targets.rts2800.a28FP : System.o28FP (.text:_xdc_runtime_System_processAtExit__E)
                  00302ffe    00000022     HIL_PWM_Config.obj (.text:_PWM1A_config)
                  00303020    00000020     memoria_sysbios_v2_p28FP.o28FP (.text:_ti_sysbios_family_c28_Hwi_disableIER__E)
                  00303040    00000020     sysbios.a28FP : BIOS.obj (.text:_ti_sysbios_family_c28_Timer_setPrescale__E)
                  00303060    00000020     ti.targets.rts2800.a28FP : System.o28FP (.text:_xdc_runtime_System_atexit__E)
                  00303080    0000001f     sysbios.a28FP : BIOS.obj (.text:_ti_sysbios_knl_Task_allBlockedFunction__I)
                  0030309f    0000001f     rts2800_fpu32.lib : fd_tol28.asm.obj (.text)
                  003030be    0000001d     sysbios.a28FP : c28_TaskSupport_asm.obj (.text:_ti_sysbios_family_c28_TaskSupport_swap__E)
                  003030db    0000001d     memoria_sysbios_v2_p28FP.o28FP (.text:_ti_sysbios_gates_GateHwi_Object__create__S)
                  003030f8    0000001d     memoria_sysbios_v2_p28FP.o28FP (.text:_ti_sysbios_gates_GateMutex_Object__create__S)
                  00303115    0000001d     memoria_sysbios_v2_p28FP.o28FP (.text:_ti_sysbios_heaps_HeapMem_Object__create__S)
                  00303132    0000001d     memoria_sysbios_v2_p28FP.o28FP (.text:_ti_sysbios_knl_Semaphore_construct)
                  0030314f    0000001d     memoria_sysbios_v2_p28FP.o28FP (.text:_ti_uia_loggers_LoggerStopMode_Object__create__S)
                  0030316c    0000001d     memoria_sysbios_v2_p28FP.o28FP (.text:_xdc_runtime_Error_policyLog__I)
                  00303189    0000001d     ti.targets.rts2800.a28FP : SysMin.o28FP (.text:_xdc_runtime_SysMin_putch__E)
                  003031a6    0000001d     rts2800_fpu32.lib : memcpy.c.obj (.text)
                  003031c3    0000001c     memoria_sysbios_v2_p28FP.o28FP (.text:_ti_sysbios_family_c28_Hwi_enableIER__E)
                  003031df    0000001c     sysbios.a28FP : BIOS.obj (.text:_ti_sysbios_hal_Hwi_checkStack)
                  003031fb    0000001c                   : BIOS.obj (.text:_ti_sysbios_heaps_HeapMem_free__E)
                  00303217    0000001c                   : BIOS.obj (.text:_ti_sysbios_knl_Semaphore_pendTimeout__I)
                  00303233    0000001c                   : BIOS.obj (.text:_ti_sysbios_knl_Task_processVitalTaskFlag__I)
                  0030324f    0000001c                   : BIOS.obj (.text:_ti_sysbios_utils_Load_getTaskLoad__E)
                  0030326b    0000001c     memoria_sysbios_v2_p28FP.o28FP (.text:_xdc_runtime_SysMin_output__I)
                  00303287    0000001c     rts2800_fpu32.lib : fs_tofdfpu32.asm.obj (.text)
                  003032a3    0000001b     memoria_sysbios_v2_p28FP.o28FP (.text:_ti_sysbios_family_c28_Hwi_restore__E)
                  003032be    0000001b     sysbios.a28FP : c28_Hwi_asm.obj (.text:_ti_sysbios_family_c28_Hwi_switchAndDispatch__I)
                  003032d9    0000001b                   : BIOS.obj (.text:_ti_sysbios_hal_Hwi_initStack)
                  003032f4    0000001a     TI28335_GPIO_Config.obj (.text:_GPIO_SCIa_Config)
                  0030330e    0000001a     ti.targets.rts2800.a28FP : System.o28FP (.text:_xdc_runtime_System_avprintf__E)
                  00303328    00000019     TI28335_SCI_Config.obj (.text:_SCIA_Config)
                  00303341    00000019     memoria_sysbios_v2_p28FP.o28FP (.text:_ti_sysbios_knl_Queue_construct)
                  0030335a    00000019     ti.targets.rts2800.a28FP : Core-label.o28FP (.text:_xdc_runtime_Core_assignLabel__I)
                  00303373    00000019                              : System.o28FP (.text:_xdc_runtime_System_vprintf__E)
                  0030338c    00000018     memoria_sysbios_v2_p28FP.o28FP (.text:_ti_sysbios_family_c28_Hwi_restoreIER__E)
                  003033a4    00000018     sysbios.a28FP : c28_Hwi_asm.obj (.text:_ti_sysbios_family_xxx_Hwi_switchAndRunFunc)
                  003033bc    00000018                   : BIOS.obj (.text:_ti_sysbios_knl_Swi_restore__E)
                  003033d4    00000018     ti.targets.rts2800.a28FP : System.o28FP (.text:_xdc_runtime_System_putchar__I)
                  003033ec    00000017     memoria_sysbios_v2_p28FP.o28FP (.text:_ti_sysbios_BIOS_startFunc__I)
                  00303403    00000017     sysbios.a28FP : BIOS.obj (.text:_ti_sysbios_family_c28_Timer_startup__E)
                  0030341a    00000017     memoria_sysbios_v2_p28FP.o28FP (.text:_ti_sysbios_knl_Clock_doTick__I)
                  00303431    00000017     ti.targets.rts2800.a28FP : Memory.o28FP (.text:_xdc_runtime_Memory_valloc__E)
                  00303448    00000017                              : SysMin.o28FP (.text:_xdc_runtime_SysMin_abort__E)
                  0030345f    00000016     TI28335_GPIO_Config.obj (.text:_GPIO_LED2_Config)
                  00303475    00000016     memoria_sysbios_v2_p28FP.o28FP (.text:_ti_sysbios_BIOS_atExitFunc__I)
                  0030348b    00000016     sysbios.a28FP : BIOS.obj (.text:_ti_sysbios_family_c28_Timer_Module_startup__E)
                  003034a1    00000016     ti.targets.rts2800.a28FP : Text.o28FP (.text:_xdc_runtime_Text_printVisFxn__I)
                  003034b7    00000015     sysbios.a28FP : BIOS.obj (.text:_ti_sysbios_knl_Swi_Module_startup__E)
                  003034cc    00000015                   : BIOS.obj (.text:_ti_sysbios_knl_Task_restore__E)
                  003034e1    00000014                   : BIOS.obj (.text:_ti_sysbios_knl_Idle_run__E)
                  003034f5    00000013     memoria_sysbios_v2_p28FP.o28FP (.text:_ti_sysbios_gates_GateMutex_Object__delete__S)
                  00303508    00000013     sysbios.a28FP : BIOS.obj (.text:_ti_sysbios_knl_Clock_Module_startup__E)
                  0030351b    00000013     ti.uia.loggers.a28FP : LoggerStopMode.o28FP (.text:_ti_uia_loggers_LoggerStopMode_Instance_init__E)
                  0030352e    00000013     ti.targets.rts2800.a28FP : Error.o28FP (.text:_xdc_runtime_Error_raiseX__E)
                  00303541    00000012     memoria_sysbios_v2_p28FP.o28FP (.text:_ti_sysbios_family_c28_Hwi_enable__E)
                  00303553    00000012     memoria_sysbios_v2_p28FP.o28FP (.text:_ti_sysbios_gates_GateHwi_Object__delete__S)
                  00303565    00000012     memoria_sysbios_v2_p28FP.o28FP (.text:_ti_sysbios_heaps_HeapMem_Object__delete__S)
                  00303577    00000012     memoria_sysbios_v2_p28FP.o28FP (.text:_ti_uia_loggers_LoggerStopMode_Object__delete__S)
                  00303589    00000012     rts2800_fpu32.lib : args_main.c.obj (.text)
                  0030359b    00000011     sysbios.a28FP : BIOS.obj (.text:_ti_sysbios_knl_Queue_put__E)
                  003035ac    00000011                   : BIOS.obj (.text:_ti_sysbios_knl_Task_restoreHwi__E)
                  003035bd    00000011     ti.targets.rts2800.a28FP : Text.o28FP (.text:_xdc_runtime_Text_cordText__E)
                  003035ce    00000010     memoria_sysbios_v2_p28FP.o28FP (.text:_ti_sysbios_BIOS_errorRaiseHook__I)
                  003035de    00000010     memoria_sysbios_v2_p28FP.o28FP (.text:_ti_sysbios_family_c28_Hwi_disable__E)
                  003035ee    00000010     sysbios.a28FP : BIOS.obj (.text:_ti_sysbios_family_c28_Timer_stop__E)
                  003035fe    00000010     ti.targets.rts2800.a28FP : SysMin.o28FP (.text:_xdc_runtime_SysMin_Module_startup__E)
                  0030360e    0000000f     Boot.a28FP : Boot.o28FP (.text:.bootCodeSection:_ti_catalog_c2800_init_Boot_disableWatchdog)
                  0030361d    0000000f     memoria_sysbios_v2_p28FP.o28FP (.text:_ti_sysbios_BIOS_removeRTSLock__I)
                  0030362c    0000000f     sysbios.a28FP : BIOS.obj (.text:_ti_sysbios_gates_GateMutex_Instance_init__E)
                  0030363b    0000000f                   : BIOS.obj (.text:_ti_sysbios_knl_Task_unblock__E)
                  0030364a    0000000f     ti.targets.rts2800.a28FP : Registry.o28FP (.text:_xdc_runtime_Registry_findById__E)
                  00303659    0000000e     TI28335_GPIO_Config.obj (.text:_GPIO_PWM1a_Config)
                  00303667    0000000e     memoria_sysbios_v2_p28FP.o28FP (.text:_ti_sysbios_family_c28_Hwi_Object__get__S)
                  00303675    0000000e     memoria_sysbios_v2_p28FP.o28FP (.text:_ti_sysbios_gates_GateMutex_Handle__label__S)
                  00303683    0000000e     memoria_sysbios_v2_p28FP.o28FP (.text:_ti_sysbios_heaps_HeapMem_Handle__label__S)
                  00303691    0000000e     memoria_sysbios_v2_p28FP.o28FP (.text:_ti_sysbios_heaps_HeapMem_Object__get__S)
                  0030369f    0000000e     memoria_sysbios_v2_p28FP.o28FP (.text:_ti_sysbios_knl_Semaphore_destruct)
                  003036ad    0000000e     memoria_sysbios_v2_p28FP.o28FP (.text:_ti_sysbios_knl_Swi_Object__get__S)
                  003036bb    0000000e     memoria_sysbios_v2_p28FP.o28FP (.text:_ti_sysbios_knl_Task_Object__get__S)
                  003036c9    0000000e     memoria_sysbios_v2_p28FP.o28FP (.text:_ti_uia_loggers_LoggerStopMode_Handle__label__S)
                  003036d7    0000000e     memoria_sysbios_v2_p28FP.o28FP (.text:_ti_uia_loggers_LoggerStopMode_Object__get__S)
                  003036e5    0000000e     ti.uia.loggers.a28FP : LoggerStopMode.o28FP (.text:_ti_uia_loggers_LoggerStopMode_enable__E)
                  003036f3    0000000d     HIL_HWI_Config.obj (.text:_Sci_Rx)
                  00303700    0000000d     memoria_sysbios_v2_p28FP.o28FP (.text:_ti_sysbios_BIOS_registerRTSLock__I)
                  0030370d    0000000d     memoria_sysbios_v2_p28FP.o28FP (.text:_ti_sysbios_BIOS_rtsLock__I)
                  0030371a    0000000d     sysbios.a28FP : BIOS.obj (.text:_ti_sysbios_family_c28_Hwi_dispatchC__I)
                  00303727    0000000d     memoria_sysbios_v2_p28FP.o28FP (.text:_ti_sysbios_gates_GateHwi_Handle__label__S)
                  00303734    0000000d     sysbios.a28FP : BIOS.obj (.text:_ti_sysbios_knl_Clock_enqueueI__E)
                  00303741    0000000d     memoria_sysbios_v2_p28FP.o28FP (.text:_ti_sysbios_knl_Queue_destruct)
                  0030374e    0000000d     ti.uia.loggers.a28FP : LoggerStopMode.o28FP (.text:_ti_uia_loggers_LoggerStopMode_disable__E)
                  0030375b    0000000d     ti.targets.rts2800.a28FP : Error.o28FP (.text:_xdc_runtime_Error_check__E)
                  00303768    0000000d                              : System.o28FP (.text:_xdc_runtime_System_abort__E)
                  00303775    0000000c     memoria_sysbios_v2_p28FP.o28FP (.text:_ti_sysbios_BIOS_exitFunc__I)
                  00303781    0000000c     sysbios.a28FP : BIOS.obj (.text:_ti_sysbios_gates_GateMutex_leave__E)
                  0030378d    0000000c                   : BIOS.obj (.text:_ti_sysbios_knl_Task_enabled__E)
                  00303799    0000000c                   : BIOS.obj (.text:_ti_sysbios_knl_Task_enter__I)
                  003037a5    0000000c     ti.targets.rts2800.a28FP : SysMin.o28FP (.text:_xdc_runtime_SysMin_exit__E)
                  003037b1    0000000b     memoria_sysbios_v2_p28FP.o28FP (.text:_ti_sysbios_family_c28_Hwi_Module__startupDone__F)
                  003037bc    0000000b     memoria_sysbios_v2_p28FP.o28FP (.text:_ti_sysbios_family_c28_Timer_Module__startupDone__F)
                  003037c7    0000000b     memoria_sysbios_v2_p28FP.o28FP (.text:_ti_sysbios_knl_Queue_Object__get__S)
                  003037d2    0000000b     memoria_sysbios_v2_p28FP.o28FP (.text:_ti_sysbios_knl_Task_SupportProxy_start__E)
                  003037dd    0000000b     ti.targets.rts2800.a28FP : System.o28FP (.text:_xdc_runtime_System_exit__E)
                  003037e8    0000000a                              : Error.o28FP (.text:_xdc_runtime_Error_init__E)
                  003037f2    0000000a                              : Memory.o28FP (.text:_xdc_runtime_Memory_free__E)
                  003037fc    0000000a                              : System.o28FP (.text:_xdc_runtime_System_vsnprintf__E)
                  00303806    0000000a                              : Text.o28FP (.text:_xdc_runtime_Text_ropeText__E)
                  00303810    00000009     memoria_sysbios_v2_p28FP.o28FP (.text:_ti_sysbios_BIOS_rtsUnlock__I)
                  00303819    00000009     sysbios.a28FP : BIOS.obj (.text:_ti_sysbios_family_c28_TaskSupport_checkStack__E)
                  00303822    00000009                   : c28_TaskSupport_asm.obj (.text:_ti_sysbios_family_c28_TaskSupport_glue)
                  0030382b    00000009                   : BIOS.obj (.text:_ti_sysbios_hal_Hwi_Module_startup__E)
                  00303834    00000009     ti.uia.loggers.a28FP : LoggerStopMode.o28FP (.text:_ti_uia_loggers_LoggerStopMode_isEmpty__E)
                  0030383d    00000009     memoria_sysbios_v2_p28FP.o28FP (.text:_xdc_runtime_Startup_exec__I)
                  00303846    00000009     memoria_sysbios_v2_p28FP.o28FP (.text:_xdc_runtime_Text_visitRope__I)
                  0030384f    00000009     rts2800_fpu32.lib : _lock.c.obj (.text)
                  00303858    00000008     sysbios.a28FP : BIOS.obj (.text:_ti_sysbios_BIOS_setThreadType__E)
                  00303860    00000008                   : BIOS.obj (.text:_ti_sysbios_gates_GateMutex_Instance_finalize__E)
                  00303868    00000008                   : BIOS.obj (.text:_ti_sysbios_gates_GateMutex_query__E)
                  00303870    00000008                   : BIOS.obj (.text:_ti_sysbios_knl_Semaphore_Instance_finalize__E)
                  00303878    00000008     memoria_sysbios_v2_p28FP.o28FP (.text:_xdc_runtime_IHeap_alloc)
                  00303880    00000008     ti.targets.rts2800.a28FP : Memory.o28FP (.text:_xdc_runtime_Memory_calloc__E)
                  00303888    00000008                              : SysMin.o28FP (.text:_xdc_runtime_SysMin_ready__E)
                  00303890    00000008     rts2800_fpu32.lib : strlen.c.obj (.text)
                  00303898    00000007     memoria_sysbios_v2_p28FP.o28FP (.text:.bootCodeSection:_ti_catalog_c2800_init_Boot_init)
                  0030389f    00000007     sysbios.a28FP : BIOS.obj (.text:_ti_sysbios_knl_Queue_empty__E)
                  003038a6    00000007     memoria_sysbios_v2_p28FP.o28FP (.text:_xdc_runtime_System_aprintf__E)
                  003038ad    00000007     memoria_sysbios_v2_p28FP.o28FP (.text:_xdc_runtime_System_printf__E)
                  003038b4    00000007     rts2800_fpu32.lib : memset.c.obj (.text)
                  003038bb    00000006     sysbios.a28FP : BIOS.obj (.text:_ti_sysbios_BIOS_start__E)
                  003038c1    00000006     memoria_sysbios_v2_p28FP.o28FP (.text:_ti_sysbios_family_c28_Hwi_startup__E)
                  003038c7    00000006     sysbios.a28FP : c28_IntrinsicsSupport_asm.obj (.text:_ti_sysbios_family_c28_IntrinsicsSupport_maxbit__E)
                  003038cd    00000006                   : BIOS.obj (.text:_ti_sysbios_family_c28_TimestampProvider_rolloverFunc__E)
                  003038d3    00000006                   : BIOS.obj (.text:_ti_sysbios_family_c28_TimestampProvider_startTimer__E)
                  003038d9    00000006                   : BIOS.obj (.text:_ti_sysbios_knl_Swi_disable__E)
                  003038df    00000006                   : BIOS.obj (.text:_ti_sysbios_knl_Task_disable__E)
                  003038e5    00000006     ti.targets.rts2800.a28FP : Gate.o28FP (.text:_xdc_runtime_Gate_enterSystem__E)
                  003038eb    00000006                              : Gate.o28FP (.text:_xdc_runtime_Gate_leaveSystem__E)
                  003038f1    00000005     sysbios.a28FP : BIOS.obj (.text:_ti_sysbios_family_c28_Hwi_switchFromBootStack__E)
                  003038f6    00000004                   : BIOS.obj (.text:_ti_sysbios_family_c28_TimestampProvider_getFreq__E)
                  003038fa    00000004                   : BIOS.obj (.text:_ti_sysbios_gates_GateHwi_enter__E)
                  003038fe    00000004                   : BIOS.obj (.text:_ti_sysbios_heaps_HeapMem_isBlocking__E)
                  00303902    00000004                   : BIOS.obj (.text:_ti_sysbios_knl_Swi_startup__E)
                  00303906    00000004                   : BIOS.obj (.text:_ti_sysbios_utils_Load_taskRegHook__E)
                  0030390a    00000004     memoria_sysbios_v2_p28FP.o28FP (.text:_xdc_runtime_IHeap_free)
                  0030390e    00000004     ti.targets.rts2800.a28FP : Memory.o28FP (.text:_xdc_runtime_Memory_getMaxDefaultTypeAlign__E)
                  00303912    00000004                              : Startup.o28FP (.text:_xdc_runtime_Startup_rtsDone__E)
                  00303916    00000003                              : xdc_noinit.o28FP (.text:___xdc__init)
                  00303919    00000003     memoria_sysbios_v2_p28FP.o28FP (.text:_ti_catalog_c2800_init_Boot_limpAbort)
                  0030391c    00000003     memoria_sysbios_v2_p28FP.o28FP (.text:_ti_sysbios_BIOS_RtsGateProxy_enter__E)
                  0030391f    00000003     memoria_sysbios_v2_p28FP.o28FP (.text:_ti_sysbios_BIOS_RtsGateProxy_leave__E)
                  00303922    00000003     sysbios.a28FP : c28_Hwi_asm.obj (.text:_ti_sysbios_family_c28_Hwi_getIFR__I)
                  00303925    00000003                   : BIOS.obj (.text:_ti_sysbios_gates_GateHwi_leave__E)
                  00303928    00000003     memoria_sysbios_v2_p28FP.o28FP (.text:_ti_sysbios_hal_Hwi_HwiProxy_getStackInfo__E)
                  0030392b    00000003     memoria_sysbios_v2_p28FP.o28FP (.text:_ti_sysbios_hal_Hwi_HwiProxy_switchFromBootStack__E)
                  0030392e    00000003     sysbios.a28FP : BIOS.obj (.text:_ti_sysbios_hal_Hwi_startup__E)
                  00303931    00000003     memoria_sysbios_v2_p28FP.o28FP (.text:_ti_sysbios_heaps_HeapMem_Module_GateProxy_enter__E)
                  00303934    00000003     memoria_sysbios_v2_p28FP.o28FP (.text:_ti_sysbios_heaps_HeapMem_Module_GateProxy_leave__E)
                  00303937    00000003     memoria_sysbios_v2_p28FP.o28FP (.text:_ti_sysbios_heaps_HeapMem_Module_GateProxy_query__E)
                  0030393a    00000003     memoria_sysbios_v2_p28FP.o28FP (.text:_ti_sysbios_knl_Clock_TimerProxy_getMaxTicks__E)
                  0030393d    00000003     sysbios.a28FP : BIOS.obj (.text:_ti_sysbios_knl_Idle_loop__E)
                  00303940    00000003                   : BIOS.obj (.text:_ti_sysbios_knl_Queue_Instance_init__E)
                  00303943    00000003     memoria_sysbios_v2_p28FP.o28FP (.text:_ti_sysbios_knl_Task_SupportProxy_checkStack__E)
                  00303946    00000003     memoria_sysbios_v2_p28FP.o28FP (.text:_ti_sysbios_knl_Task_SupportProxy_swap__E)
                  00303949    00000003     sysbios.a28FP : BIOS.obj (.text:_ti_sysbios_knl_Task_startup__E)
                  0030394c    00000003     memoria_sysbios_v2_p28FP.o28FP (.text:_ti_sysbios_utils_Load_update__E)
                  0030394f    00000003     ti.uia.loggers.a28FP : LoggerStopMode.o28FP (.text:_ti_uia_loggers_LoggerStopMode_getMaxLength__E)
                  00303952    00000003     memoria_sysbios_v2_p28FP.o28FP (.text:_xdc_runtime_System_Module_GateProxy_enter__E)
                  00303955    00000003     memoria_sysbios_v2_p28FP.o28FP (.text:_xdc_runtime_System_Module_GateProxy_leave__E)
                  00303958    00000003     ti.targets.rts2800.a28FP : System.o28FP (.text:_xdc_runtime_System_Module_startup__E)
                  0030395b    00000003     memoria_sysbios_v2_p28FP.o28FP (.text:_xdc_runtime_System_SupportProxy_abort__E)
                  0030395e    00000003     memoria_sysbios_v2_p28FP.o28FP (.text:_xdc_runtime_System_SupportProxy_exit__E)
                  00303961    00000003     memoria_sysbios_v2_p28FP.o28FP (.text:_xdc_runtime_System_SupportProxy_putch__E)
                  00303964    00000003     memoria_sysbios_v2_p28FP.o28FP (.text:_xdc_runtime_System_SupportProxy_ready__E)
                  00303967    00000003     ti.targets.rts2800.a28FP : System.o28FP (.text:_xdc_runtime_System_abortStd__E)
                  0030396a    00000003                              : System.o28FP (.text:_xdc_runtime_System_exitStd__E)
                  0030396d    00000003     memoria_sysbios_v2_p28FP.o28FP (.text:_xdc_runtime_Timestamp_SupportProxy_get32__E)
                  00303970    00000003     memoria_sysbios_v2_p28FP.o28FP (.text:_xdc_runtime_Timestamp_SupportProxy_get64__E)
                  00303973    00000003     memoria_sysbios_v2_p28FP.o28FP (.text:_xdc_runtime_Timestamp_SupportProxy_getFreq__E)
                  00303976    00000003     ti.targets.rts2800.a28FP : Timestamp.o28FP (.text:_xdc_runtime_Timestamp_get32__E)
                  00303979    00000003                              : Timestamp.o28FP (.text:_xdc_runtime_Timestamp_get64__E)
                  0030397c    00000003                              : Timestamp.o28FP (.text:_xdc_runtime_Timestamp_getFreq__E)
                  0030397f    00000002     Boot.a28FP : Boot.o28FP (.text:_ti_catalog_c2800_init_Boot_defaultLimpAbortFunction)
                  00303981    00000002     memoria_sysbios_v2_p28FP.o28FP (.text:_ti_sysbios_family_c28_TaskSupport_Module__startupDone__S)
                  00303983    00000002     sysbios.a28FP : BIOS.obj (.text:_ti_sysbios_family_c28_Timer_getMaxTicks__E)
                  00303985    00000002                   : BIOS.obj (.text:_ti_sysbios_gates_GateHwi_query__E)
                  00303987    00000002     ti.uia.loggers.a28FP : LoggerStopMode.o28FP (.text:_ti_uia_loggers_LoggerStopMode_getContents__E)
                  00303989    00000002     memoria_sysbios_v2_p28FP.o28FP (.text:_ti_uia_loggers_LoggerStopMode_getFilterLevel__E)
                  0030398b    00000002     ti.uia.loggers.a28FP : LoggerStopMode.o28FP (.text:_ti_uia_loggers_LoggerStopMode_getInstanceId__E)
                  0030398d    00000002                          : LoggerStopMode.o28FP (.text:_ti_uia_loggers_LoggerStopMode_getPriority__E)
                  0030398f    00000002                          : LoggerStopMode.o28FP (.text:_ti_uia_loggers_LoggerStopMode_getTransferType__E)
                  00303991    00000002     ti.targets.rts2800.a28FP : Error.o28FP (.text:_xdc_runtime_Error_getSite__E)
                  00303993    00000002     rts2800_fpu32.lib : pre_init.c.obj (.text)
                  00303995    00000001     sysbios.a28FP : BIOS.obj (.text:_ti_sysbios_BIOS_linkedWithIncorrectBootLibrary__E)
                  00303996    00000001     memoria_sysbios_v2_p28FP.o28FP (.text:_ti_sysbios_BIOS_nullFunc__I)
                  00303997    00000001     sysbios.a28FP : c28_Hwi_asm.obj (.text:_ti_sysbios_family_c28_Hwi_interruptReturn__I)
                  00303998    00000001                   : BIOS.obj (.text:_ti_sysbios_gates_GateHwi_Instance_init__E)
                  00303999    00000001     memoria_sysbios_v2_p28FP.o28FP (.text:_ti_uia_loggers_LoggerStopMode_setFilterLevel__E)
[...]
0     00305d3a  _ti_sysbios_knl_Task_Module__diagsIncluded__C                    
0     00305d3c  _ti_sysbios_knl_Task_Module__diagsMask__C                        
0     00305d3e  _ti_sysbios_knl_Task_Module__loggerFxn2__C                       
0     00305d40  _ti_sysbios_knl_Task_Module__loggerFxn4__C                       
0     00305d42  _ti_sysbios_knl_Task_Module__loggerObj__C                        
0     00305d44  _ti_sysbios_knl_Task_Object__heap__C                             
0     00305d46  _ti_sysbios_knl_Task_allBlockedFunc__C                           
0     00305d48  _ti_sysbios_utils_Load_LS_cpuLoad__C                             
0     00305d4a  _ti_sysbios_utils_Load_LS_taskLoad__C                            
0     00305d4c  _ti_sysbios_utils_Load_Module_State_taskList__O                  
0     00305d4e  _ti_sysbios_utils_Load_Module__diagsEnabled__C                   
0     00305d50  _ti_sysbios_utils_Load_Module__diagsIncluded__C                  
0     00305d52  _ti_sysbios_utils_Load_Module__diagsMask__C                      
0     00305d54  _ti_sysbios_utils_Load_Module__loggerFxn1__C                     
0     00305d56  _ti_sysbios_utils_Load_Module__loggerFxn4__C                     
0     00305d58  _ti_sysbios_utils_Load_Module__loggerObj__C                      
0     00305d5a  _ti_sysbios_utils_Load_postUpdate__C                             
0     00305d5c  _ti_uia_loggers_LoggerStopMode_Module__diagsEnabled__C           
0     00305d5e  _ti_uia_loggers_LoggerStopMode_Module__diagsIncluded__C          
0     00305d60  _ti_uia_loggers_LoggerStopMode_Module__diagsMask__C              
0     00305d62  _ti_uia_runtime_ILoggerSnapshot_Interface__BASE__C               
0     00305d64  _ti_uia_runtime_IUIATransfer_Interface__BASE__C                  
0     00305d66  _xdc_runtime_Assert_E_assertFailed__C                            
0     00305d68  _xdc_runtime_Core_A_initializedParams__C                         
0     00305d6a  _xdc_runtime_Core_Module__diagsEnabled__C                        
0     00305d6c  _xdc_runtime_Core_Module__diagsIncluded__C                       
0     00305d6e  _xdc_runtime_Core_Module__diagsMask__C                           
0     00305d70  _xdc_runtime_Error_E_memory__C                                   
0     00305d72  _xdc_runtime_Error_policyFxn__C                                  
0     00305d74  _xdc_runtime_Error_raiseHook__C                                  
0     00305d76  _xdc_runtime_IFilterLogger_Interface__BASE__C                    
0     00305d78  _xdc_runtime_IGateProvider_Interface__BASE__C                    
0     00305d7a  _xdc_runtime_IHeap_Interface__BASE__C                            
0     00305d7c  _xdc_runtime_ILogger_Interface__BASE__C                          
0     00305d7e  _xdc_runtime_IModule_Interface__BASE__C                          
0     00305d80  _xdc_runtime_Memory_defaultHeapInstance__C                       
0     00305d82  _xdc_runtime_Startup_execImpl__C                                 
0     00305d84  _xdc_runtime_Startup_lastFxns__A                                 
0     00305d86  _xdc_runtime_Startup_sfxnRts__C                                  
0     00305d88  _xdc_runtime_Startup_sfxnTab__C                                  
0     00305d8a  _xdc_runtime_SysMin_bufSize__C                                   
0     00305d8c  _xdc_runtime_SysMin_outputFunc__C                                
0     00305d8e  _xdc_runtime_System_Module__gateObj__C                           
0     00305d90  _xdc_runtime_System_abortFxn__C                                  
0     00305d92  _xdc_runtime_System_exitFxn__C                                   
0     00305d94  _xdc_runtime_System_extendFxn__C                                 
0     00305d96  _xdc_runtime_Text_charTab__C                                     
0     00305d98  _xdc_runtime_Text_nameEmpty__C                                   
0     00305d9a  _xdc_runtime_Text_nameStatic__C                                  
0     00305d9c  _xdc_runtime_Text_nodeTab__C                                     
0     00305d9e  _xdc_runtime_Text_visitRopeFxn__C                                
0     00305da0  _ti_sysbios_family_c28_Timer_Module__id__C                       
0     00305da1  _ti_sysbios_family_c28_Timer_startupNeeded__C                    
0     00305da2  _ti_sysbios_family_c28_TimestampProvider_Module__id__C           
0     00305da3  _ti_sysbios_family_c28_TimestampProvider_useClockTimer__C        
0     00305da4  _ti_sysbios_gates_GateMutex_Module__id__C                        
0     00305da5  _ti_sysbios_hal_Hwi_Module__id__C                                
0     00305da6  _ti_sysbios_heaps_HeapMem_Module__id__C                          
0     00305da7  _ti_sysbios_heaps_HeapMem_Object__count__C                       
0     00305da8  _ti_sysbios_knl_Clock_Module__id__C                              
0     00305da9  _ti_sysbios_knl_Clock_Module__loggerDefined__C                   
0     00305daa  _ti_sysbios_knl_Semaphore_Module__id__C                          
0     00305dab  _ti_sysbios_knl_Semaphore_Module__loggerDefined__C               
0     00305dac  _ti_sysbios_knl_Swi_Module__id__C                                
0     00305dad  _ti_sysbios_knl_Swi_Module__loggerDefined__C                     
0     00305dae  _ti_sysbios_knl_Swi_Object__count__C                             
0     00305daf  _ti_sysbios_knl_Task_Module__id__C                               
0     00305db0  _ti_sysbios_knl_Task_Module__loggerDefined__C                    
0     00305db1  _ti_sysbios_knl_Task_Object__count__C                            
0     00305db2  _ti_sysbios_knl_Task_numConstructedTasks__C                      
0     00305db3  _ti_sysbios_utils_Load_Module__id__C                             
0     00305db4  _ti_sysbios_utils_Load_Module__loggerDefined__C                  
0     00305db5  _ti_sysbios_utils_Load_autoAddTasks__C                           
0     00305db6  _ti_sysbios_utils_Load_updateInIdle__C                           
0     00305db7  _ti_sysbios_utils_Load_windowInMs__C                             
0     00305db8  _ti_uia_loggers_LoggerStopMode_Module__id__C                     
0     00305db9  _ti_uia_loggers_LoggerStopMode_Object__count__C                  
0     00305dba  _ti_uia_loggers_LoggerStopMode_isTimestampEnabled__C             
0     00305dbb  _xdc_runtime_Core_Module__id__C                                  
0     00305dbc  _xdc_runtime_Error_Module__loggerDefined__C                      
0     00305dbd  _xdc_runtime_Error_maxDepth__C                                   
0     00305dbe  _xdc_runtime_Error_policy__C                                     
0     00305dbf  _xdc_runtime_Memory_Module__id__C                                
0     00305dc0  _xdc_runtime_Startup_maxPasses__C                                
0     00305dc1  _xdc_runtime_SysMin_flushAtExit__C                               
0     00305dc2  _xdc_runtime_System_maxAtexitHandlers__C                         
0     00305dc3  _xdc_runtime_Text_charCnt__C                                     
0     00305dc4  _xdc_runtime_Text_isLoaded__C                                    
0     00305dc5  _xdc_runtime_Text_registryModsLastId__C                          
0     00305dc6  _xdc_runtime_Text_unnamedModsLastId__C                           
0     00305dc7  ___cinit__                                                       
0     00305dc7  cinit                                                            
0     0030627b  _RamfuncsLoadStart                                               
0     003062bc  _RamfuncsLoadEnd                                                 
0     003062db  ___IQNtoa                                                        
0     003063bd  __IQNtoa_get_frac_c                                              
0     003063e0  __TI_table_binit                                                 
0     003063e0  ___binit__                                                       
0     003063e0  binit                                                            
0     00380080  _ADC_cal                                                         
1     00000000  __stack                                                          
1     00000200  .data                                                            
1     00000200  __STACK_END                                                      
1     00000200  ___data__                                                        
1     00000200  _ti_sysbios_utils_Load_Module__state__V                          
1     0000024c  _ti_sysbios_knl_Task_Module__state__V                            
1     0000026c  _ti_sysbios_BIOS_Module__state__V                                
1     0000027e  _xdc_runtime_Memory_Module__state__V                             
1     00000280  _ti_sysbios_knl_Clock_Module__state__V                           
1     00000296  _ti_sysbios_family_c28_Hwi_Module__state__V                      
1     000002a6  _ti_sysbios_knl_Swi_Module__state__V                             
1     000002b2  _ti_sysbios_family_c28_Timer_Module__state__V                    
1     000002ba  _ti_uia_runtime_QueueDescriptor_Module__state__V                 
1     000002c0  _ti_sysbios_family_c28_TimestampProvider_Module__state__V        
1     000002c4  _ti_uia_loggers_LoggerStopMode_Module__state__V                  
1     000002c8  _xdc_runtime_Registry_Module__state__V                           
1     000002cc  _xdc_runtime_Startup_Module__state__V                            
1     000002d0  _xdc_runtime_SysMin_Module__state__V                             
1     000002d4  _xdc_runtime_System_Module__state__V                             
1     000002d8  _xdc_runtime_Text_Module__state__V                               
1     000002dc  _xdc_runtime_Error_Module__state__V                              
1     000002dd  ___edata__                                                       
1     000002dd  edata                                                            
1     00000880  _DevEmuRegs                                                      
1     00000a80  _FlashRegs                                                       
1     00000ae0  _CsmRegs                                                         
1     00000b00  _AdcMirror                                                       
1     00000b20  _XintfRegs                                                       
1     00000c00  _CpuTimer0Regs                                                   
1     00000c08  _CpuTimer1Regs                                                   
1     00000c10  _CpuTimer2Regs                                                   
1     00000ce0  _PieCtrlRegs                                                     
1     00001000  _DmaRegs                                                         
1     00005000  _McbspaRegs                                                      
1     00005040  _McbspbRegs                                                      
1     00006000  _ECanaRegs                                                       
1     00006040  _ECanaLAMRegs                                                    
1     00006080  _ECanaMOTSRegs                                                   
1     000060c0  _ECanaMOTORegs                                                   
1     00006100  _ECanaMboxes                                                     
1     00006200  _ECanbRegs                                                       
1     00006240  _ECanbLAMRegs                                                    
1     00006280  _ECanbMOTSRegs                                                   
1     000062c0  _ECanbMOTORegs                                                   
1     00006300  _ECanbMboxes                                                     
1     00006800  _EPwm1Regs                                                       
1     00006840  _EPwm2Regs                                                       
1     00006880  _EPwm3Regs                                                       
1     000068c0  _EPwm4Regs                                                       
1     00006900  _EPwm5Regs                                                       
1     00006940  _EPwm6Regs                                                       
1     00006a00  _ECap1Regs                                                       
1     00006a20  _ECap2Regs                                                       
1     00006a40  _ECap3Regs                                                       
1     00006a60  _ECap4Regs                                                       
1     00006a80  _ECap5Regs                                                       
1     00006aa0  _ECap6Regs                                                       
1     00006b00  _EQep1Regs                                                       
1     00006b40  _EQep2Regs                                                       
1     00006f80  _GpioCtrlRegs                                                    
1     00006fc0  _GpioDataRegs                                                    
1     00006fe0  _GpioIntRegs                                                     
1     00007010  _SysCtrlRegs                                                     
1     00007040  _SpiaRegs                                                        
1     00007050  _SciaRegs                                                        
1     00007070  _XIntruptRegs                                                    
1     00007100  _AdcRegs                                                         
1     00007750  _ScibRegs                                                        
1     00007770  _ScicRegs                                                        
1     00007900  _I2caRegs                                                        
1     00008000  _ti_sysbios_knl_Task_Instance_State_0_stack__A                   
1     00008200  _ti_sysbios_heaps_HeapMem_Instance_State_0_buf__A                
1     00008a03  _SCI_Rx_Mensaje                                                  
1     00008a04  _ti_sysbios_family_c28_Timer_Object__table__V                    
1     00008a38  _parmbuf                                                         
1     00008a40  _ti_sysbios_knl_Swi_Module_State_0_readyQ__A                     
1     00008a80  _ti_uia_loggers_LoggerStopMode_Instance_State_1_packetArray__A   
1     00008e80  _ti_uia_loggers_LoggerStopMode_Instance_State_2_packetArray__A   
1     00009280  _ti_uia_loggers_LoggerStopMode_Instance_State_0_packetArray__A   
1     00009480  _xdc_runtime_SysMin_Module_State_0_outbuf__A                     
1     00009680  _ti_sysbios_family_c28_Hwi_Module_State_0_dispatchTable__A       
1     00009780  _ti_uia_loggers_LoggerStopMode_Object__table__V                  
1     000097d4  _count                                                           
1     000097d6  _Buck                                                            
1     000097de  _Param_Buck_IQ                                                   
1     000097ec  _Param_Buck                                                      
1     00009800  _xdc_runtime_Main_Module__root__V                                
1     00009802  ___xdc__init__addr                                               
1     00009804  _ti_sysbios_family_c28_Hwi_Module__root__V                       
1     00009808  _ti_sysbios_family_c28_Timer_Module__root__V                     
1     0000980c  _ti_sysbios_gates_GateHwi_Module__root__V                        
1     00009810  _ti_sysbios_gates_GateMutex_Module__root__V                      
1     00009814  _ti_sysbios_hal_Hwi_Module__root__V                              
1     00009818  _ti_sysbios_heaps_HeapMem_Module__root__V                        
1     0000981c  _ti_sysbios_knl_Clock_Module__root__V                            
1     00009820  _ti_sysbios_knl_Queue_Module__root__V                            
1     00009824  _ti_sysbios_knl_Semaphore_Module__root__V                        
1     00009828  _ti_sysbios_knl_Swi_Module__root__V                              
1     0000982c  _ti_uia_loggers_LoggerStopMode_Module__root__V                   
1     00009830  _ti_sysbios_knl_Event_Module__root__V                            
1     00009836  _ti_sysbios_knl_Task_Module__root__V                             
1     00009840  _xdc_runtime_Error_IgnoreBlock                                   
1     00009850  _ti_sysbios_knl_Task_Object__table__V                            
1     0000987c  _ti_sysbios_gates_GateHwi_Object__table__V                       
1     00009880  _ti_sysbios_knl_Task_Module_State_0_readyQ__A                    
1     000098c0  _ti_sysbios_family_c28_Hwi_Object__table__V                      
1     000098e4  _ti_sysbios_knl_Swi_Object__table__V                             
1     000098fa  ___TI_enable_exit_profile_output                                 
1     000098fc  ___TI_cleanup_ptr                                                
1     000098fe  ___TI_dtors_ptr                                                  
1     00009900  _ti_sysbios_gates_GateMutex_Object__table__V                     
1     00009924  _CpuTimer0                                                       
1     0000992c  _CpuTimer1                                                       
1     00009934  _xdc_runtime_System_Module_State_0_atexitHandlers__A             
1     0000993c  _ti_uia_runtime_QueueDescriptor_gUpdateCount                     
1     0000993e  _ti_uia_runtime_QueueDescriptor_gPtrToFirstDescriptor            
1     00009940  _xdc_runtime_Diags_dictElems                                     
1     00009950  _ti_sysbios_heaps_HeapMem_Object__table__V                       
1     0000995e  _ti_sysbios_utils_Load_Module_State_0_taskEnv__A                 
1     0000996c  __lock                                                           
1     0000996e  __unlock                                                         
1     00009970  _ti_sysbios_knl_Task_Instance_State_0_hookEnv__A                 
1     00009972  _ti_sysbios_knl_Task_Module_State_0_idleTask__A                  
1     00009974  _ti_sysbios_utils_Load_Module_State_0_runningTask__A             
1     00009976  _ti_sysbios_utils_Load_Module_State_0_taskStartTime__A           
1     00009980  _ti_uia_loggers_LoggerStopMode_Instance_State_0_hdr__A           
1     00009a00  _ti_uia_loggers_LoggerStopMode_Instance_State_1_hdr__A           
1     00009a80  _ti_uia_loggers_LoggerStopMode_Instance_State_2_hdr__A           
1     00009b00  __CIOBUF_                                                        
1     0033fff8  _CsmPwl                                                          
1     00380090  _PartIdRegs                                                      
abs   00000001  _xdc_rov_runtime_Mon__checksum                                   
abs   00000001  _xdc_rov_runtime_Mon__write                                      
abs   00000001  _xdc_runtime_Startup__EXECFXN__C                                 
abs   00000001  _xdc_runtime_Startup__RESETFXN__C                                
abs   00000041  _RamfuncsLoadSize                                                
abs   00000200  __STACK_SIZE                                                     
abs   ffffffff  ___TI_pprof_out_hndl                                             
abs   ffffffff  ___TI_prof_data_size                                             
abs   ffffffff  ___TI_prof_data_start                                            
abs   ffffffff  ___c_args__                                                      
abs   ffffffff  ___pinit__                                                       
abs   ffffffff  pinit                                                            

[697 symbols]
